Map: /Users/jiaqit/Desktop/paper/reference_code/TA-Hybrid-build/Instances/small/kiva-10-500-5.map
Task: /Users/jiaqit/Desktop/paper/reference_code/TA-Hybrid-build/Instances/small/kiva-500.task
Tour: /Users/jiaqit/Desktop/paper/reference_code/TA-Hybrid-build/tour/10-500.tour
Output: /Users/jiaqit/Desktop/paper/reference_code/TA-Hybrid-build/result-500-v3.out

Timestep 0

Timestep 1
1016 ; 0 ; 0 ; 1 ; 106 ; 473 ; 2 ; 

Timestep 2
1016 ; 0 ; 0 ; 1 ; 88 ; 356 ; 5 ; 

Timestep 3
1015 ; 0 ; 0 ; 1 ; 14 ; 59 ; 1 ; 

Timestep 4

Timestep 5
1015 ; 0 ; 0 ; 1 ; 16 ; 70 ; 2 ; 

Timestep 6

Timestep 7

Timestep 8

Timestep 9

Timestep 10

Timestep 11

Timestep 12

Timestep 13

Timestep 14

Timestep 15

Timestep 16
1016 ; 0 ; 0 ; 1 ; 29 ; 134 ; 2 ; 

Timestep 17
1017 ; 0 ; 0 ; 1 ; 52 ; 212 ; 2 ; 

Timestep 18

Timestep 19

Timestep 20
1015 ; 0 ; 0 ; 1 ; 61 ; 218 ; 1 ; 

Timestep 21

Timestep 22

Timestep 23

Timestep 24

Timestep 25
1005 ; 0 ; 0 ; 1 ; 21 ; 70 ; 3 ; 

Timestep 26

Timestep 27

Timestep 28
1015 ; 0 ; 0 ; 1 ; 25 ; 109 ; 3 ; 

Timestep 29

Timestep 30

Timestep 31

Timestep 32

Timestep 33

Timestep 34

Timestep 35
1016 ; 0 ; 0 ; 1 ; 37 ; 154 ; 4 ; 

Timestep 36

Timestep 37

Timestep 38
998 ; 0 ; 0 ; 1 ; 15 ; 63 ; 4 ; 

Timestep 39
1017 ; 0 ; 0 ; 1 ; 23 ; 93 ; 3 ; 

Timestep 40
1015 ; 0 ; 0 ; 1 ; 16 ; 69 ; 1 ; 

Timestep 41
1014 ; 0 ; 0 ; 1 ; 50 ; 218 ; 2 ; 

Timestep 42

Timestep 43

Timestep 44
1016 ; 0 ; 0 ; 1 ; 12 ; 52 ; 2 ; 

Timestep 45
1013 ; 0 ; 0 ; 1 ; 19 ; 77 ; 2 ; 

Timestep 46

Timestep 47

Timestep 48

Timestep 49

Timestep 50

Timestep 51

Timestep 52
1016 ; 0 ; 0 ; 1 ; 58 ; 224 ; 3 ; 

Timestep 53

Timestep 54

Timestep 55
1016 ; 0 ; 0 ; 1 ; 35 ; 158 ; 3 ; 

Timestep 56
1015 ; 0 ; 0 ; 1 ; 13 ; 59 ; 3 ; 

Timestep 57

Timestep 58

Timestep 59
1005 ; 0 ; 0 ; 1 ; 14 ; 66 ; 1 ; 

Timestep 60

Timestep 61
1017 ; 0 ; 0 ; 1 ; 29 ; 117 ; 2 ; 

Timestep 62
1012 ; 0 ; 0 ; 1 ; 17 ; 75 ; 1 ; 

Timestep 63
1016 ; 0 ; 0 ; 1 ; 82 ; 193 ; 3 ; 

Timestep 64
1016 ; 0 ; 0 ; 1 ; 29 ; 132 ; 2 ; 

Timestep 65

Timestep 66

Timestep 67

Timestep 68

Timestep 69

Timestep 70

Timestep 71

Timestep 72
1015 ; 0 ; 0 ; 1 ; 46 ; 199 ; 4 ; 

Timestep 73

Timestep 74

Timestep 75

Timestep 76

Timestep 77

Timestep 78

Timestep 79
1012 ; 0 ; 0 ; 1 ; 19 ; 81 ; 4 ; 

Timestep 80
1014 ; 0 ; 0 ; 1 ; 16 ; 63 ; 3 ; 

Timestep 81

Timestep 82

Timestep 83

Timestep 84

Timestep 85
1000 ; 0 ; 0 ; 1 ; 21 ; 89 ; 3 ; 

Timestep 86

Timestep 87

Timestep 88
1019 ; 0 ; 0 ; 1 ; 72 ; 297 ; 3 ; 

Timestep 89
1017 ; 0 ; 0 ; 1 ; 35 ; 134 ; 3 ; 

Timestep 90

Timestep 91

Timestep 92
1016 ; 0 ; 0 ; 1 ; 2 ; 6 ; 3 ; 

Timestep 93

Timestep 94
1016 ; 0 ; 0 ; 1 ; 24 ; 107 ; 3 ; 

Timestep 95
1014 ; 0 ; 0 ; 1 ; 27 ; 114 ; 1 ; 

Timestep 96

Timestep 97

Timestep 98
1012 ; 0 ; 0 ; 1 ; 17 ; 73 ; 3 ; 

Timestep 99
1016 ; 0 ; 0 ; 1 ; 17 ; 81 ; 2 ; 

Timestep 100

Timestep 101

Timestep 102

Timestep 103

Timestep 104

Timestep 105

Timestep 106
1000 ; 0 ; 0 ; 1 ; 15 ; 62 ; 4 ; 

Timestep 107

Timestep 108
1016 ; 0 ; 0 ; 1 ; 27 ; 124 ; 3 ; 

Timestep 109

Timestep 110
1019 ; 0 ; 0 ; 1 ; 15 ; 66 ; 3 ; 

Timestep 111

Timestep 112

Timestep 113

Timestep 114
1005 ; 0 ; 0 ; 1 ; 27 ; 116 ; 2 ; 

Timestep 115
1016 ; 0 ; 0 ; 1 ; 38 ; 165 ; 1 ; 

Timestep 116

Timestep 117
1013 ; 0 ; 0 ; 1 ; 25 ; 97 ; 2 ; 

Timestep 118
1017 ; 0 ; 0 ; 1 ; 36 ; 103 ; 3 ; 

Timestep 119

Timestep 120
1018 ; 0 ; 0 ; 1 ; 27 ; 95 ; 3 ; 

Timestep 121
1000 ; 0 ; 0 ; 1 ; 21 ; 87 ; 2 ; 

Timestep 122
1014 ; 0 ; 0 ; 1 ; 15 ; 66 ; 2 ; 

Timestep 123

Timestep 124

Timestep 125
1017 ; 0 ; 0 ; 1 ; 16 ; 65 ; 3 ; 

Timestep 126

Timestep 127

Timestep 128

Timestep 129
1019 ; 0 ; 0 ; 1 ; 20 ; 89 ; 3 ; 

Timestep 130

Timestep 131
1017 ; 0 ; 0 ; 1 ; 15 ; 63 ; 5 ; 

Timestep 132

Timestep 133

Timestep 134
1018 ; 0 ; 0 ; 1 ; 20 ; 78 ; 3 ; 

Timestep 135

Timestep 136
1014 ; 0 ; 0 ; 1 ; 28 ; 118 ; 3 ; 

Timestep 137

Timestep 138

Timestep 139

Timestep 140

Timestep 141
1013 ; 0 ; 0 ; 1 ; 4 ; 15 ; 3 ; 

Timestep 142
1018 ; 0 ; 0 ; 1 ; 66 ; 278 ; 3 ; 

Timestep 143
1017 ; 0 ; 0 ; 1 ; 21 ; 86 ; 3 ; 

Timestep 144

Timestep 145
1017 ; 0 ; 0 ; 1 ; 22 ; 57 ; 1 ; 

Timestep 146

Timestep 147
1013 ; 0 ; 0 ; 1 ; 34 ; 166 ; 3 ; 

Timestep 148

Timestep 149

Timestep 150
1021 ; 0 ; 0 ; 1 ; 127 ; 330 ; 3 ; 

Timestep 151

Timestep 152

Timestep 153

Timestep 154
1016 ; 0 ; 0 ; 1 ; 32 ; 134 ; 3 ; 

Timestep 155

Timestep 156

Timestep 157
1020 ; 0 ; 0 ; 1 ; 10 ; 44 ; 2 ; 

Timestep 158

Timestep 159
1000 ; 0 ; 0 ; 1 ; 19 ; 76 ; 3 ; 

Timestep 160
1018 ; 0 ; 0 ; 1 ; 17 ; 66 ; 2 ; 

Timestep 161

Timestep 162

Timestep 163
1017 ; 0 ; 0 ; 1 ; 9 ; 40 ; 4 ; 

Timestep 164

Timestep 165

Timestep 166
1020 ; 0 ; 0 ; 1 ; 24 ; 110 ; 4 ; 

Timestep 167

Timestep 168
1017 ; 0 ; 0 ; 1 ; 15 ; 63 ; 2 ; 

Timestep 169

Timestep 170

Timestep 171

Timestep 172

Timestep 173
1014 ; 0 ; 0 ; 1 ; 13 ; 61 ; 2 ; 

Timestep 174

Timestep 175

Timestep 176
1017 ; 0 ; 0 ; 1 ; 17 ; 70 ; 3 ; 

Timestep 177
1018 ; 0 ; 0 ; 1 ; 29 ; 124 ; 3 ; 

Timestep 178

Timestep 179

Timestep 180
1013 ; 0 ; 0 ; 1 ; 35 ; 157 ; 3 ; 

Timestep 181

Timestep 182
1017 ; 0 ; 0 ; 1 ; 25 ; 103 ; 3 ; 

Timestep 183

Timestep 184
1005 ; 0 ; 0 ; 1 ; 8 ; 36 ; 3 ; 

Timestep 185

Timestep 186
1016 ; 0 ; 0 ; 1 ; 82 ; 361 ; 2 ; 

Timestep 187

Timestep 188
1018 ; 0 ; 0 ; 1 ; 30 ; 146 ; 3 ; 

Timestep 189

Timestep 190

Timestep 191

Timestep 192
1022 ; 0 ; 0 ; 1 ; 23 ; 88 ; 3 ; 

Timestep 193
1017 ; 0 ; 0 ; 1 ; 12 ; 47 ; 2 ; 

Timestep 194
1024 ; 0 ; 0 ; 1 ; 54 ; 119 ; 3 ; 

Timestep 195

Timestep 196
1005 ; 0 ; 0 ; 1 ; 71 ; 308 ; 5 ; 

Timestep 197

Timestep 198

Timestep 199

Timestep 200

Timestep 201

Timestep 202

Timestep 203

Timestep 204
1017 ; 0 ; 0 ; 1 ; 13 ; 57 ; 2 ; 

Timestep 205

Timestep 206
1017 ; 0 ; 0 ; 1 ; 16 ; 63 ; 2 ; 

Timestep 207

Timestep 208

Timestep 209

Timestep 210
1024 ; 0 ; 0 ; 1 ; 22 ; 83 ; 2 ; 

Timestep 211

Timestep 212

Timestep 213

Timestep 214

Timestep 215
1013 ; 0 ; 0 ; 1 ; 26 ; 106 ; 5 ; 

Timestep 216
1022 ; 0 ; 0 ; 1 ; 19 ; 78 ; 3 ; 

Timestep 217
1017 ; 0 ; 0 ; 1 ; 12 ; 53 ; 2 ; 

Timestep 218
1018 ; 0 ; 0 ; 1 ; 25 ; 108 ; 2 ; 

Timestep 219

Timestep 220

Timestep 221

Timestep 222

Timestep 223
1017 ; 0 ; 0 ; 1 ; 20 ; 81 ; 2 ; 

Timestep 224

Timestep 225
1016 ; 0 ; 0 ; 1 ; 34 ; 144 ; 3 ; 

Timestep 226

Timestep 227

Timestep 228
1014 ; 0 ; 0 ; 1 ; 19 ; 78 ; 5 ; 

Timestep 229
1017 ; 0 ; 0 ; 1 ; 28 ; 118 ; 3 ; 

Timestep 230

Timestep 231

Timestep 232

Timestep 233
1024 ; 0 ; 0 ; 1 ; 21 ; 74 ; 2 ; 

Timestep 234

Timestep 235
1022 ; 0 ; 0 ; 1 ; 25 ; 104 ; 2 ; 

Timestep 236

Timestep 237

Timestep 238
1005 ; 0 ; 0 ; 1 ; 29 ; 132 ; 1 ; 

Timestep 239
1016 ; 0 ; 0 ; 1 ; 17 ; 67 ; 2 ; 

Timestep 240
1013 ; 0 ; 0 ; 1 ; 29 ; 119 ; 2 ; 

Timestep 241

Timestep 242
1018 ; 0 ; 0 ; 1 ; 27 ; 113 ; 1 ; 

Timestep 243

Timestep 244
1017 ; 0 ; 0 ; 1 ; 14 ; 64 ; 3 ; 

Timestep 245

Timestep 246

Timestep 247

Timestep 248
1014 ; 0 ; 0 ; 1 ; 72 ; 268 ; 1 ; 

Timestep 249

Timestep 250

Timestep 251

Timestep 252

Timestep 253
1024 ; 0 ; 0 ; 1 ; 14 ; 56 ; 4 ; 

Timestep 254

Timestep 255

Timestep 256

Timestep 257

Timestep 258
1017 ; 0 ; 0 ; 1 ; 43 ; 172 ; 2 ; 

Timestep 259
1024 ; 0 ; 0 ; 1 ; 44 ; 159 ; 2 ; 

Timestep 260

Timestep 261

Timestep 262

Timestep 263

Timestep 264

Timestep 265
1016 ; 0 ; 0 ; 1 ; 18 ; 74 ; 3 ; 

Timestep 266
1024 ; 0 ; 0 ; 1 ; 19 ; 65 ; 7 ; 

Timestep 267

Timestep 268
1024 ; 0 ; 0 ; 1 ; 6 ; 22 ; 5 ; 

Timestep 269
1018 ; 0 ; 2 ; 5 ; 174 ; 739 ; 173 ; 

Timestep 270

Timestep 271

Timestep 272

Timestep 273
1024 ; 0 ; 0 ; 1 ; 10 ; 38 ; 3 ; 

Timestep 274

Timestep 275
1014 ; 0 ; 0 ; 1 ; 18 ; 70 ; 4 ; 

Timestep 276

Timestep 277
1002 ; 0 ; 0 ; 1 ; 16 ; 62 ; 5 ; 

Timestep 278
1018 ; 0 ; 0 ; 1 ; 20 ; 95 ; 1 ; 

Timestep 279

Timestep 280

Timestep 281
1017 ; 0 ; 0 ; 1 ; 10 ; 38 ; 2 ; 

Timestep 282
1005 ; 0 ; 0 ; 1 ; 16 ; 68 ; 2 ; 

Timestep 283
1016 ; 0 ; 0 ; 1 ; 5 ; 18 ; 5 ; 

Timestep 284
1024 ; 0 ; 0 ; 1 ; 17 ; 70 ; 3 ; 

Timestep 285

Timestep 286

Timestep 287
1017 ; 0 ; 0 ; 1 ; 31 ; 122 ; 3 ; 

Timestep 288

Timestep 289

Timestep 290

Timestep 291

Timestep 292
1017 ; 0 ; 0 ; 1 ; 20 ; 80 ; 2 ; 

Timestep 293

Timestep 294
1014 ; 0 ; 0 ; 1 ; 33 ; 126 ; 3 ; 

Timestep 295
1024 ; 0 ; 0 ; 1 ; 4 ; 15 ; 2 ; 

Timestep 296

Timestep 297
1018 ; 0 ; 0 ; 1 ; 16 ; 74 ; 4 ; 

Timestep 298
1024 ; 0 ; 0 ; 1 ; 44 ; 184 ; 4 ; 

Timestep 299

Timestep 300
1017 ; 0 ; 0 ; 1 ; 22 ; 94 ; 3 ; 

Timestep 301

Timestep 302
1024 ; 0 ; 0 ; 1 ; 23 ; 92 ; 3 ; 

Timestep 303

Timestep 304
1016 ; 0 ; 0 ; 1 ; 30 ; 113 ; 1 ; 

Timestep 305

Timestep 306

Timestep 307

Timestep 308
1015 ; 0 ; 0 ; 1 ; 12 ; 49 ; 3 ; 

Timestep 309

Timestep 310

Timestep 311

Timestep 312
1017 ; 0 ; 0 ; 1 ; 9 ; 36 ; 3 ; 

Timestep 313
1024 ; 0 ; 0 ; 1 ; 35 ; 149 ; 4 ; 

Timestep 314
1005 ; 0 ; 0 ; 1 ; 19 ; 79 ; 2 ; 

Timestep 315
1002 ; 0 ; 0 ; 1 ; 16 ; 64 ; 1 ; 

Timestep 316

Timestep 317

Timestep 318

Timestep 319
1015 ; 0 ; 0 ; 1 ; 25 ; 104 ; 2 ; 

Timestep 320

Timestep 321
1017 ; 0 ; 0 ; 1 ; 11 ; 51 ; 3 ; 

Timestep 322

Timestep 323

Timestep 324

Timestep 325

Timestep 326
1024 ; 0 ; 0 ; 1 ; 45 ; 186 ; 6 ; 

Timestep 327

Timestep 328

Timestep 329
1017 ; 0 ; 0 ; 1 ; 6 ; 24 ; 1 ; 

Timestep 330
1002 ; 0 ; 0 ; 1 ; 29 ; 131 ; 2 ; 

Timestep 331

Timestep 332
1005 ; 0 ; 0 ; 1 ; 14 ; 58 ; 3 ; 

Timestep 333

Timestep 334
1017 ; 0 ; 0 ; 1 ; 25 ; 110 ; 3 ; 

Timestep 335
1016 ; 0 ; 0 ; 1 ; 12 ; 48 ; 1 ; 

Timestep 336
1017 ; 0 ; 0 ; 1 ; 20 ; 94 ; 1 ; 

Timestep 337

Timestep 338

Timestep 339
1018 ; 0 ; 0 ; 1 ; 10 ; 40 ; 2 ; 

Timestep 340

Timestep 341
1024 ; 0 ; 0 ; 1 ; 22 ; 91 ; 1 ; 

Timestep 342

Timestep 343
1017 ; 0 ; 0 ; 1 ; 21 ; 90 ; 6 ; 

Timestep 344

Timestep 345
1015 ; 0 ; 0 ; 1 ; 29 ; 124 ; 1 ; 

Timestep 346

Timestep 347

Timestep 348
1024 ; 0 ; 0 ; 1 ; 28 ; 118 ; 1 ; 

Timestep 349

Timestep 350
1014 ; 0 ; 0 ; 1 ; 8 ; 29 ; 3 ; 

Timestep 351
1022 ; 0 ; 0 ; 1 ; 35 ; 94 ; 5 ; 

Timestep 352

Timestep 353

Timestep 354

Timestep 355

Timestep 356

Timestep 357

Timestep 358
1017 ; 0 ; 0 ; 1 ; 63 ; 275 ; 3 ; 

Timestep 359
1014 ; 0 ; 0 ; 1 ; 32 ; 131 ; 3 ; 

Timestep 360

Timestep 361
1016 ; 0 ; 0 ; 1 ; 8 ; 36 ; 5 ; 

Timestep 362
1017 ; 0 ; 0 ; 1 ; 26 ; 95 ; 4 ; 

Timestep 363

Timestep 364
1024 ; 0 ; 0 ; 1 ; 16 ; 65 ; 2 ; 

Timestep 365
1025 ; 0 ; 0 ; 1 ; 16 ; 45 ; 4 ; 

Timestep 366
1017 ; 0 ; 0 ; 1 ; 3 ; 10 ; 4 ; 

Timestep 367

Timestep 368

Timestep 369

Timestep 370

Timestep 371
1016 ; 0 ; 0 ; 1 ; 23 ; 90 ; 1 ; 

Timestep 372
1018 ; 0 ; 0 ; 1 ; 23 ; 91 ; 2 ; 

Timestep 373

Timestep 374
1004 ; 0 ; 0 ; 1 ; 26 ; 87 ; 2 ; 

Timestep 375
1025 ; 0 ; 0 ; 1 ; 7 ; 25 ; 3 ; 

Timestep 376

Timestep 377

Timestep 378
1024 ; 0 ; 0 ; 1 ; 43 ; 182 ; 3 ; 

Timestep 379
1028 ; 0 ; 0 ; 1 ; 82 ; 173 ; 1 ; 

Timestep 380

Timestep 381
1017 ; 0 ; 0 ; 1 ; 21 ; 94 ; 1 ; 

Timestep 382

Timestep 383

Timestep 384
1016 ; 0 ; 0 ; 1 ; 40 ; 152 ; 3 ; 

Timestep 385

Timestep 386

Timestep 387

Timestep 388

Timestep 389

Timestep 390

Timestep 391
1004 ; 0 ; 0 ; 1 ; 21 ; 90 ; 2 ; 

Timestep 392

Timestep 393

Timestep 394
1018 ; 0 ; 1 ; 3 ; 92 ; 418 ; 3190 ; 

Timestep 395

Timestep 396

Timestep 397
1016 ; 0 ; 0 ; 1 ; 16 ; 62 ; 3 ; 

Timestep 398

Timestep 399

Timestep 400
1028 ; 0 ; 0 ; 1 ; 33 ; 133 ; 2 ; 

Timestep 401
1005 ; 0 ; 0 ; 1 ; 16 ; 70 ; 2 ; 

Timestep 402

Timestep 403
1017 ; 0 ; 0 ; 1 ; 28 ; 116 ; 2 ; 

Timestep 404
1028 ; 0 ; 0 ; 1 ; 29 ; 118 ; 1 ; 

Timestep 405

Timestep 406

Timestep 407

Timestep 408

Timestep 409

Timestep 410
1018 ; 0 ; 0 ; 1 ; 7 ; 31 ; 2 ; 

Timestep 411
1004 ; 0 ; 0 ; 1 ; 11 ; 43 ; 2 ; 

Timestep 412
1016 ; 0 ; 0 ; 1 ; 12 ; 55 ; 2 ; 

Timestep 413

Timestep 414

Timestep 415
1016 ; 0 ; 0 ; 1 ; 12 ; 52 ; 2 ; 

Timestep 416

Timestep 417

Timestep 418
1005 ; 0 ; 0 ; 1 ; 12 ; 47 ; 2 ; 

Timestep 419

Timestep 420

Timestep 421

Timestep 422
1017 ; 0 ; 0 ; 1 ; 13 ; 50 ; 1 ; 

Timestep 423
1024 ; 0 ; 0 ; 1 ; 26 ; 113 ; 2 ; 

Timestep 424
1018 ; 0 ; 0 ; 1 ; 30 ; 126 ; 2 ; 

Timestep 425

Timestep 426

Timestep 427

Timestep 428
1028 ; 0 ; 0 ; 1 ; 15 ; 69 ; 2 ; 

Timestep 429

Timestep 430

Timestep 431
1017 ; 0 ; 0 ; 1 ; 47 ; 191 ; 3 ; 

Timestep 432

Timestep 433
1028 ; 0 ; 0 ; 1 ; 10 ; 46 ; 1 ; 

Timestep 434
1024 ; 0 ; 0 ; 1 ; 24 ; 98 ; 3 ; 

Timestep 435
1019 ; 0 ; 0 ; 1 ; 124 ; 288 ; 2 ; 

Timestep 436

Timestep 437
1016 ; 0 ; 0 ; 1 ; 11 ; 47 ; 1 ; 

Timestep 438
1016 ; 0 ; 0 ; 1 ; 11 ; 43 ; 2 ; 

Timestep 439

Timestep 440

Timestep 441

Timestep 442

Timestep 443
1030 ; 0 ; 0 ; 1 ; 65 ; 273 ; 3 ; 

Timestep 444

Timestep 445

Timestep 446
1006 ; 0 ; 0 ; 1 ; 5 ; 18 ; 3 ; 

Timestep 447
1018 ; 0 ; 0 ; 1 ; 42 ; 187 ; 3 ; 

Timestep 448

Timestep 449

Timestep 450
1006 ; 0 ; 0 ; 1 ; 29 ; 125 ; 2 ; 

Timestep 451

Timestep 452

Timestep 453
1018 ; 0 ; 0 ; 1 ; 17 ; 69 ; 3 ; 

Timestep 454

Timestep 455
1016 ; 0 ; 0 ; 1 ; 27 ; 107 ; 3 ; 

Timestep 456

Timestep 457
1024 ; 0 ; 0 ; 1 ; 18 ; 84 ; 2 ; 

Timestep 458

Timestep 459

Timestep 460

Timestep 461
1017 ; 0 ; 0 ; 1 ; 17 ; 73 ; 2 ; 

Timestep 462

Timestep 463
1028 ; 0 ; 0 ; 1 ; 13 ; 57 ; 3 ; 

Timestep 464

Timestep 465

Timestep 466

Timestep 467
1030 ; 0 ; 0 ; 1 ; 20 ; 85 ; 4 ; 
1003 ; 0 ; 0 ; 1 ; 28 ; 124 ; 3 ; 

Timestep 468

Timestep 469

Timestep 470

Timestep 471

Timestep 472
1021 ; 0 ; 0 ; 1 ; 31 ; 125 ; 1 ; 

Timestep 473

Timestep 474

Timestep 475
1028 ; 0 ; 0 ; 1 ; 37 ; 153 ; 1 ; 

Timestep 476

Timestep 477
1018 ; 0 ; 0 ; 1 ; 4 ; 13 ; 2 ; 

Timestep 478
1006 ; 0 ; 0 ; 1 ; 26 ; 108 ; 2 ; 

Timestep 479

Timestep 480

Timestep 481
1013 ; 0 ; 0 ; 1 ; 17 ; 64 ; 2 ; 

Timestep 482

Timestep 483

Timestep 484
1028 ; 0 ; 0 ; 1 ; 20 ; 80 ; 2 ; 

Timestep 485
1021 ; 0 ; 0 ; 1 ; 23 ; 92 ; 1 ; 

Timestep 486
1021 ; 0 ; 0 ; 1 ; 11 ; 45 ; 2 ; 

Timestep 487
1030 ; 0 ; 0 ; 1 ; 9 ; 35 ; 3 ; 

Timestep 488

Timestep 489
1018 ; 0 ; 0 ; 1 ; 15 ; 59 ; 2 ; 

Timestep 490

Timestep 491

Timestep 492
1018 ; 0 ; 0 ; 1 ; 20 ; 88 ; 4 ; 

Timestep 493

Timestep 494

Timestep 495
1003 ; 0 ; 0 ; 1 ; 21 ; 93 ; 3 ; 

Timestep 496
1030 ; 0 ; 0 ; 1 ; 22 ; 103 ; 1 ; 

Timestep 497

Timestep 498
1023 ; 0 ; 0 ; 1 ; 20 ; 77 ; 1 ; 

Timestep 499

Timestep 500

Timestep 501

Timestep 502

Timestep 503
1028 ; 0 ; 0 ; 1 ; 30 ; 120 ; 2 ; 

Timestep 504
1024 ; 0 ; 1 ; 3 ; 118 ; 457 ; 118 ; 

Timestep 505
1018 ; 0 ; 0 ; 1 ; 13 ; 52 ; 2 ; 

Timestep 506

Timestep 507

Timestep 508
1021 ; 0 ; 0 ; 1 ; 37 ; 161 ; 2 ; 

Timestep 509

Timestep 510

Timestep 511

Timestep 512

Timestep 513

Timestep 514
1018 ; 0 ; 0 ; 1 ; 23 ; 92 ; 3 ; 

Timestep 515
1023 ; 0 ; 0 ; 1 ; 49 ; 213 ; 2 ; 

Timestep 516

Timestep 517
1030 ; 0 ; 0 ; 1 ; 27 ; 111 ; 2 ; 

Timestep 518

Timestep 519
1019 ; 0 ; 0 ; 1 ; 37 ; 125 ; 3 ; 

Timestep 520

Timestep 521

Timestep 522
1015 ; 0 ; 0 ; 1 ; 23 ; 93 ; 4 ; 

Timestep 523

Timestep 524

Timestep 525
1028 ; 0 ; 0 ; 1 ; 33 ; 140 ; 2 ; 

Timestep 526

Timestep 527
1026 ; 0 ; 0 ; 1 ; 63 ; 186 ; 4 ; 

Timestep 528

Timestep 529

Timestep 530

Timestep 531

Timestep 532

Timestep 533
1007 ; 0 ; 0 ; 1 ; 20 ; 95 ; 3 ; 

Timestep 534

Timestep 535

Timestep 536

Timestep 537

Timestep 538

Timestep 539
1023 ; 0 ; 0 ; 1 ; 22 ; 90 ; 2 ; 

Timestep 540
1019 ; 0 ; 0 ; 1 ; 50 ; 211 ; 4 ; 

Timestep 541
1003 ; 0 ; 0 ; 1 ; 12 ; 47 ; 3 ; 

Timestep 542

Timestep 543

Timestep 544

Timestep 545

Timestep 546

Timestep 547

Timestep 548
1021 ; 0 ; 0 ; 1 ; 26 ; 111 ; 4 ; 

Timestep 549

Timestep 550
1015 ; 0 ; 0 ; 1 ; 24 ; 104 ; 2 ; 

Timestep 551

Timestep 552
1030 ; 0 ; 0 ; 1 ; 54 ; 241 ; 3 ; 

Timestep 553

Timestep 554

Timestep 555
1003 ; 0 ; 0 ; 1 ; 26 ; 110 ; 2 ; 

Timestep 556

Timestep 557
1028 ; 0 ; 0 ; 1 ; 9 ; 41 ; 1 ; 

Timestep 558
1019 ; 0 ; 0 ; 1 ; 13 ; 61 ; 2 ; 

Timestep 559

Timestep 560

Timestep 561

Timestep 562

Timestep 563
1026 ; 0 ; 0 ; 1 ; 30 ; 122 ; 5 ; 

Timestep 564

Timestep 565

Timestep 566
1028 ; 0 ; 0 ; 1 ; 18 ; 77 ; 1 ; 

Timestep 567
1024 ; 0 ; 0 ; 1 ; 23 ; 93 ; 3 ; 

Timestep 568

Timestep 569

Timestep 570

Timestep 571
1020 ; 0 ; 0 ; 1 ; 78 ; 300 ; 1 ; 

Timestep 572

Timestep 573
1021 ; 0 ; 0 ; 1 ; 31 ; 127 ; 1 ; 

Timestep 574

Timestep 575

Timestep 576

Timestep 577

Timestep 578

Timestep 579

Timestep 580

Timestep 581

Timestep 582

Timestep 583
1003 ; 0 ; 0 ; 1 ; 29 ; 127 ; 4 ; 

Timestep 584
1019 ; 0 ; 0 ; 1 ; 23 ; 100 ; 2 ; 

Timestep 585

Timestep 586

Timestep 587

Timestep 588
1030 ; 0 ; 0 ; 1 ; 23 ; 97 ; 4 ; 

Timestep 589

Timestep 590
1024 ; 0 ; 0 ; 1 ; 8 ; 31 ; 5 ; 

Timestep 591
1023 ; 0 ; 0 ; 1 ; 31 ; 129 ; 4 ; 

Timestep 592

Timestep 593
1015 ; 0 ; 0 ; 1 ; 36 ; 153 ; 4 ; 

Timestep 594

Timestep 595

Timestep 596
1030 ; 0 ; 0 ; 1 ; 29 ; 127 ; 3 ; 

Timestep 597

Timestep 598

Timestep 599
1026 ; 0 ; 0 ; 1 ; 52 ; 187 ; 3 ; 

Timestep 600

Timestep 601

Timestep 602

Timestep 603
1030 ; 0 ; 0 ; 1 ; 3 ; 7 ; 4 ; 

Timestep 604
1025 ; 0 ; 0 ; 1 ; 16 ; 58 ; 1 ; 

Timestep 605

Timestep 606
1030 ; 0 ; 0 ; 1 ; 38 ; 154 ; 5 ; 

Timestep 607

Timestep 608
1020 ; 0 ; 0 ; 1 ; 17 ; 78 ; 1 ; 

Timestep 609

Timestep 610

Timestep 611

Timestep 612

Timestep 613

Timestep 614
1027 ; 0 ; 0 ; 1 ; 63 ; 269 ; 3 ; 

Timestep 615
1009 ; 0 ; 0 ; 1 ; 14 ; 54 ; 3 ; 

Timestep 616
1024 ; 0 ; 0 ; 1 ; 16 ; 64 ; 5 ; 

Timestep 617
1025 ; 0 ; 0 ; 1 ; 20 ; 78 ; 2 ; 

Timestep 618

Timestep 619

Timestep 620

Timestep 621

Timestep 622
1015 ; 0 ; 0 ; 1 ; 38 ; 162 ; 3 ; 

Timestep 623

Timestep 624
1034 ; 0 ; 0 ; 1 ; 47 ; 142 ; 2 ; 

Timestep 625
1020 ; 0 ; 0 ; 1 ; 21 ; 93 ; 1 ; 

Timestep 626
1030 ; 0 ; 0 ; 1 ; 25 ; 107 ; 5 ; 

Timestep 627

Timestep 628

Timestep 629
1009 ; 0 ; 0 ; 1 ; 13 ; 52 ; 3 ; 

Timestep 630

Timestep 631

Timestep 632
1024 ; 0 ; 0 ; 1 ; 8 ; 29 ; 2 ; 

Timestep 633

Timestep 634
1019 ; 0 ; 0 ; 1 ; 13 ; 54 ; 2 ; 

Timestep 635

Timestep 636
1025 ; 0 ; 0 ; 1 ; 18 ; 70 ; 2 ; 

Timestep 637

Timestep 638

Timestep 639

Timestep 640
1033 ; 0 ; 0 ; 1 ; 108 ; 255 ; 5 ; 

Timestep 641
1009 ; 0 ; 0 ; 1 ; 15 ; 64 ; 2 ; 

Timestep 642

Timestep 643

Timestep 644

Timestep 645

Timestep 646
1019 ; 0 ; 0 ; 1 ; 18 ; 82 ; 5 ; 

Timestep 647

Timestep 648
1020 ; 0 ; 0 ; 1 ; 12 ; 47 ; 3 ; 

Timestep 649

Timestep 650

Timestep 651
1003 ; 0 ; 0 ; 1 ; 15 ; 60 ; 2 ; 

Timestep 652
1030 ; 0 ; 0 ; 1 ; 24 ; 101 ; 4 ; 

Timestep 653
1034 ; 0 ; 0 ; 1 ; 16 ; 66 ; 2 ; 

Timestep 654
1025 ; 0 ; 0 ; 1 ; 15 ; 63 ; 5 ; 

Timestep 655
1009 ; 0 ; 0 ; 1 ; 27 ; 110 ; 5 ; 

Timestep 656
1024 ; 0 ; 0 ; 1 ; 35 ; 155 ; 5 ; 

Timestep 657

Timestep 658

Timestep 659
1020 ; 0 ; 0 ; 1 ; 23 ; 96 ; 1 ; 

Timestep 660

Timestep 661

Timestep 662
1040 ; 0 ; 2 ; 5 ; 786 ; 1511 ; 452 ; 

Timestep 663

Timestep 664

Timestep 665
1003 ; 0 ; 0 ; 1 ; 5 ; 18 ; 2 ; 

Timestep 666
1019 ; 0 ; 0 ; 1 ; 23 ; 99 ; 2 ; 

Timestep 667

Timestep 668

Timestep 669
1025 ; 0 ; 0 ; 1 ; 23 ; 92 ; 1 ; 

Timestep 670

Timestep 671

Timestep 672

Timestep 673

Timestep 674
1003 ; 0 ; 0 ; 1 ; 22 ; 104 ; 2 ; 

Timestep 675
1034 ; 0 ; 0 ; 1 ; 40 ; 181 ; 2 ; 

Timestep 676

Timestep 677

Timestep 678

Timestep 679

Timestep 680

Timestep 681
1009 ; 0 ; 0 ; 1 ; 29 ; 123 ; 5 ; 

Timestep 682
1020 ; 0 ; 0 ; 1 ; 22 ; 97 ; 3 ; 

Timestep 683

Timestep 684

Timestep 685
1040 ; 0 ; 0 ; 1 ; 3 ; 9 ; 3 ; 

Timestep 686

Timestep 687

Timestep 688
1040 ; 0 ; 0 ; 1 ; 14 ; 57 ; 3 ; 

Timestep 689
1019 ; 0 ; 0 ; 1 ; 20 ; 80 ; 5 ; 

Timestep 690
1024 ; 0 ; 1 ; 3 ; 76 ; 312 ; 1610 ; 

Timestep 691

Timestep 692

Timestep 693
1030 ; 0 ; 0 ; 1 ; 26 ; 102 ; 1 ; 

Timestep 694

Timestep 695
1034 ; 0 ; 0 ; 1 ; 46 ; 167 ; 4 ; 

Timestep 696

Timestep 697
1025 ; 0 ; 0 ; 1 ; 20 ; 87 ; 2 ; 

Timestep 698
1003 ; 0 ; 0 ; 1 ; 27 ; 112 ; 3 ; 

Timestep 699

Timestep 700

Timestep 701
1040 ; 0 ; 0 ; 1 ; 12 ; 45 ; 5 ; 

Timestep 702

Timestep 703
1020 ; 0 ; 0 ; 1 ; 20 ; 85 ; 6 ; 

Timestep 704
1020 ; 0 ; 0 ; 1 ; 20 ; 76 ; 4 ; 

Timestep 705

Timestep 706

Timestep 707

Timestep 708

Timestep 709
1009 ; 0 ; 0 ; 1 ; 10 ; 45 ; 2 ; 

Timestep 710
1019 ; 0 ; 0 ; 1 ; 38 ; 145 ; 4 ; 

Timestep 711

Timestep 712
1040 ; 0 ; 0 ; 1 ; 22 ; 89 ; 3 ; 

Timestep 713
1033 ; 0 ; 0 ; 1 ; 43 ; 137 ; 2 ; 

Timestep 714

Timestep 715

Timestep 716
1037 ; 0 ; 0 ; 1 ; 73 ; 179 ; 2 ; 

Timestep 717

Timestep 718
1024 ; 0 ; 0 ; 1 ; 17 ; 63 ; 1 ; 

Timestep 719

Timestep 720
1027 ; 0 ; 0 ; 1 ; 70 ; 180 ; 2 ; 

Timestep 721

Timestep 722
1022 ; 0 ; 0 ; 1 ; 39 ; 129 ; 4 ; 

Timestep 723

Timestep 724
1025 ; 0 ; 0 ; 1 ; 37 ; 160 ; 3 ; 

Timestep 725
1003 ; 0 ; 0 ; 1 ; 20 ; 95 ; 1 ; 

Timestep 726

Timestep 727

Timestep 728
1020 ; 0 ; 0 ; 1 ; 20 ; 80 ; 3 ; 

Timestep 729

Timestep 730

Timestep 731

Timestep 732

Timestep 733

Timestep 734
1011 ; 0 ; 0 ; 1 ; 20 ; 85 ; 4 ; 

Timestep 735

Timestep 736

Timestep 737

Timestep 738
1035 ; 0 ; 0 ; 1 ; 18 ; 61 ; 3 ; 

Timestep 739

Timestep 740
1040 ; 0 ; 0 ; 1 ; 16 ; 61 ; 2 ; 

Timestep 741

Timestep 742
1037 ; 0 ; 0 ; 1 ; 5 ; 18 ; 2 ; 

Timestep 743
1019 ; 0 ; 0 ; 1 ; 11 ; 46 ; 2 ; 

Timestep 744
1022 ; 0 ; 1 ; 3 ; 84 ; 344 ; 4554 ; 

Timestep 745

Timestep 746

Timestep 747
1039 ; 0 ; 0 ; 1 ; 71 ; 266 ; 2 ; 

Timestep 748

Timestep 749

Timestep 750

Timestep 751
1035 ; 0 ; 0 ; 1 ; 18 ; 77 ; 2 ; 

Timestep 752

Timestep 753

Timestep 754

Timestep 755
1032 ; 0 ; 0 ; 1 ; 60 ; 227 ; 5 ; 

Timestep 756
1042 ; 0 ; 0 ; 1 ; 133 ; 286 ; 3 ; 

Timestep 757

Timestep 758

Timestep 759
1019 ; 0 ; 0 ; 1 ; 37 ; 148 ; 2 ; 

Timestep 760

Timestep 761
1027 ; 0 ; 0 ; 1 ; 24 ; 109 ; 5 ; 

Timestep 762

Timestep 763

Timestep 764

Timestep 765

Timestep 766

Timestep 767

Timestep 768
1035 ; 0 ; 0 ; 1 ; 28 ; 118 ; 2 ; 

Timestep 769

Timestep 770

Timestep 771

Timestep 772
1011 ; 0 ; 0 ; 1 ; 27 ; 113 ; 5 ; 

Timestep 773

Timestep 774
1003 ; 0 ; 0 ; 1 ; 9 ; 34 ; 5 ; 

Timestep 775

Timestep 776
1020 ; 0 ; 0 ; 1 ; 2 ; 6 ; 11 ; 

Timestep 777
1040 ; 0 ; 0 ; 1 ; 22 ; 87 ; 2 ; 

Timestep 778
1044 ; 0 ; 0 ; 1 ; 67 ; 241 ; 3 ; 

Timestep 779

Timestep 780

Timestep 781

Timestep 782
1027 ; 0 ; 0 ; 1 ; 36 ; 152 ; 5 ; 

Timestep 783

Timestep 784

Timestep 785

Timestep 786
1019 ; 0 ; 0 ; 1 ; 14 ; 61 ; 5 ; 

Timestep 787

Timestep 788

Timestep 789

Timestep 790

Timestep 791
1032 ; 0 ; 0 ; 1 ; 7 ; 29 ; 5 ; 

Timestep 792
1028 ; 0 ; 0 ; 1 ; 42 ; 188 ; 3 ; 

Timestep 793

Timestep 794

Timestep 795
1035 ; 0 ; 0 ; 1 ; 25 ; 105 ; 4 ; 

Timestep 796
1020 ; 0 ; 0 ; 1 ; 11 ; 44 ; 1 ; 

Timestep 797

Timestep 798
1032 ; 0 ; 0 ; 1 ; 56 ; 247 ; 5 ; 

Timestep 799
1040 ; 0 ; 0 ; 1 ; 22 ; 98 ; 1 ; 

Timestep 800

Timestep 801
1019 ; 0 ; 0 ; 1 ; 5 ; 17 ; 4 ; 

Timestep 802

Timestep 803
1003 ; 0 ; 0 ; 1 ; 29 ; 125 ; 4 ; 

Timestep 804

Timestep 805
1046 ; 0 ; 1 ; 3 ; 153 ; 515 ; 107 ; 

Timestep 806

Timestep 807

Timestep 808

Timestep 809
1020 ; 0 ; 0 ; 1 ; 33 ; 141 ; 4 ; 

Timestep 810

Timestep 811
1011 ; 0 ; 0 ; 1 ; 14 ; 55 ; 2 ; 

Timestep 812

Timestep 813

Timestep 814

Timestep 815

Timestep 816

Timestep 817
1027 ; 0 ; 0 ; 1 ; 39 ; 162 ; 1 ; 

Timestep 818

Timestep 819
1035 ; 0 ; 0 ; 1 ; 18 ; 79 ; 4 ; 

Timestep 820
1040 ; 0 ; 0 ; 1 ; 21 ; 88 ; 2 ; 

Timestep 821

Timestep 822

Timestep 823

Timestep 824
1011 ; 0 ; 0 ; 1 ; 15 ; 61 ; 1 ; 

Timestep 825

Timestep 826

Timestep 827
1032 ; 0 ; 0 ; 1 ; 24 ; 105 ; 3 ; 

Timestep 828

Timestep 829

Timestep 830

Timestep 831

Timestep 832
1019 ; 0 ; 0 ; 1 ; 25 ; 105 ; 4 ; 

Timestep 833
1028 ; 0 ; 0 ; 1 ; 8 ; 36 ; 3 ; 

Timestep 834
1003 ; 0 ; 0 ; 1 ; 41 ; 180 ; 2 ; 

Timestep 835
1046 ; 0 ; 0 ; 1 ; 27 ; 123 ; 2 ; 

Timestep 836

Timestep 837

Timestep 838

Timestep 839
1035 ; 0 ; 0 ; 1 ; 14 ; 57 ; 3 ; 

Timestep 840
1040 ; 0 ; 0 ; 1 ; 41 ; 172 ; 2 ; 

Timestep 841
1028 ; 0 ; 0 ; 1 ; 32 ; 136 ; 3 ; 

Timestep 842

Timestep 843

Timestep 844
1020 ; 0 ; 0 ; 1 ; 10 ; 43 ; 5 ; 

Timestep 845

Timestep 846

Timestep 847

Timestep 848

Timestep 849

Timestep 850

Timestep 851

Timestep 852

Timestep 853
1032 ; 0 ; 0 ; 1 ; 8 ; 28 ; 1 ; 

Timestep 854
1020 ; 0 ; 0 ; 1 ; 23 ; 96 ; 2 ; 

Timestep 855
1027 ; 0 ; 0 ; 1 ; 18 ; 71 ; 3 ; 

Timestep 856
1021 ; 0 ; 0 ; 1 ; 14 ; 43 ; 2 ; 

Timestep 857

Timestep 858

Timestep 859
1040 ; 0 ; 0 ; 1 ; 23 ; 95 ; 3 ; 

Timestep 860

Timestep 861
1032 ; 0 ; 0 ; 1 ; 38 ; 166 ; 1 ; 

Timestep 862
1046 ; 0 ; 0 ; 1 ; 24 ; 102 ; 2 ; 

Timestep 863

Timestep 864
1021 ; 0 ; 0 ; 1 ; 14 ; 52 ; 4 ; 

Timestep 865

Timestep 866
1035 ; 0 ; 0 ; 1 ; 22 ; 90 ; 4 ; 

Timestep 867
1011 ; 0 ; 0 ; 1 ; 6 ; 26 ; 3 ; 

Timestep 868

Timestep 869

Timestep 870

Timestep 871

Timestep 872

Timestep 873
1032 ; 0 ; 0 ; 1 ; 69 ; 165 ; 3 ; 

Timestep 874

Timestep 875
1011 ; 0 ; 0 ; 1 ; 8 ; 36 ; 4 ; 

Timestep 876

Timestep 877
1020 ; 0 ; 0 ; 1 ; 18 ; 83 ; 5 ; 

Timestep 878
1021 ; 0 ; 0 ; 1 ; 23 ; 94 ; 4 ; 

Timestep 879
1028 ; 0 ; 0 ; 1 ; 36 ; 149 ; 2 ; 

Timestep 880

Timestep 881
1047 ; 0 ; 0 ; 1 ; 239 ; 404 ; 5 ; 

Timestep 882

Timestep 883
1011 ; 0 ; 0 ; 1 ; 21 ; 91 ; 2 ; 

Timestep 884

Timestep 885
1046 ; 0 ; 0 ; 1 ; 35 ; 148 ; 5 ; 

Timestep 886

Timestep 887
1035 ; 0 ; 0 ; 1 ; 25 ; 109 ; 3 ; 

Timestep 888

Timestep 889
1003 ; 0 ; 0 ; 1 ; 29 ; 119 ; 5 ; 

Timestep 890

Timestep 891

Timestep 892

Timestep 893

Timestep 894
1020 ; 0 ; 0 ; 1 ; 6 ; 26 ; 2 ; 

Timestep 895

Timestep 896

Timestep 897

Timestep 898
1032 ; 0 ; 0 ; 1 ; 45 ; 193 ; 3 ; 

Timestep 899

Timestep 900
1020 ; 0 ; 0 ; 1 ; 22 ; 88 ; 2 ; 

Timestep 901
1036 ; 0 ; 0 ; 1 ; 51 ; 161 ; 2 ; 

Timestep 902

Timestep 903

Timestep 904

Timestep 905

Timestep 906

Timestep 907

Timestep 908
1011 ; 0 ; 0 ; 1 ; 21 ; 88 ; 3 ; 

Timestep 909
1047 ; 0 ; 0 ; 1 ; 15 ; 61 ; 2 ; 

Timestep 910

Timestep 911

Timestep 912

Timestep 913

Timestep 914
1028 ; 0 ; 0 ; 1 ; 19 ; 84 ; 3 ; 

Timestep 915

Timestep 916

Timestep 917
1037 ; 0 ; 0 ; 1 ; 35 ; 143 ; 3 ; 

Timestep 918

Timestep 919
1003 ; 0 ; 0 ; 1 ; 14 ; 54 ; 6 ; 

Timestep 920
1046 ; 0 ; 0 ; 1 ; 11 ; 51 ; 2 ; 

Timestep 921
1020 ; 0 ; 0 ; 1 ; 18 ; 73 ; 4 ; 

Timestep 922

Timestep 923
1021 ; 0 ; 0 ; 1 ; 16 ; 66 ; 1 ; 

Timestep 924

Timestep 925
1047 ; 0 ; 0 ; 1 ; 18 ; 79 ; 2 ; 

Timestep 926

Timestep 927

Timestep 928
1032 ; 0 ; 0 ; 1 ; 25 ; 102 ; 5 ; 

Timestep 929

Timestep 930
1046 ; 0 ; 0 ; 1 ; 17 ; 79 ; 5 ; 

Timestep 931

Timestep 932
1028 ; 0 ; 0 ; 1 ; 22 ; 94 ; 2 ; 

Timestep 933
1036 ; 0 ; 0 ; 1 ; 28 ; 113 ; 1 ; 

Timestep 934

Timestep 935

Timestep 936

Timestep 937
1013 ; 0 ; 0 ; 1 ; 34 ; 118 ; 2 ; 

Timestep 938

Timestep 939

Timestep 940
1020 ; 0 ; 0 ; 1 ; 16 ; 67 ; 2 ; 

Timestep 941

Timestep 942

Timestep 943
1047 ; 0 ; 0 ; 1 ; 30 ; 132 ; 5 ; 

Timestep 944
1021 ; 0 ; 0 ; 1 ; 4 ; 13 ; 5 ; 

Timestep 945

Timestep 946

Timestep 947

Timestep 948
1046 ; 0 ; 0 ; 1 ; 27 ; 104 ; 3 ; 

Timestep 949
1021 ; 0 ; 0 ; 1 ; 32 ; 146 ; 2 ; 

Timestep 950

Timestep 951

Timestep 952
1034 ; 0 ; 0 ; 1 ; 26 ; 90 ; 2 ; 

Timestep 953

Timestep 954
1003 ; 0 ; 0 ; 1 ; 32 ; 139 ; 2 ; 

Timestep 955

Timestep 956
1036 ; 0 ; 0 ; 1 ; 62 ; 285 ; 3 ; 

Timestep 957

Timestep 958

Timestep 959

Timestep 960

Timestep 961

Timestep 962
1013 ; 0 ; 0 ; 1 ; 11 ; 45 ; 4 ; 

Timestep 963
1028 ; 0 ; 0 ; 1 ; 19 ; 76 ; 1 ; 

Timestep 964

Timestep 965

Timestep 966
1046 ; 0 ; 0 ; 1 ; 20 ; 88 ; 2 ; 

Timestep 967

Timestep 968
1037 ; 0 ; 0 ; 1 ; 10 ; 39 ; 2 ; 

Timestep 969

Timestep 970

Timestep 971
1034 ; 0 ; 0 ; 1 ; 17 ; 71 ; 1 ; 

Timestep 972
1049 ; 0 ; 0 ; 1 ; 39 ; 133 ; 2 ; 

Timestep 973

Timestep 974

Timestep 975
1013 ; 0 ; 0 ; 1 ; 15 ; 65 ; 2 ; 

Timestep 976

Timestep 977

Timestep 978

Timestep 979

Timestep 980
1037 ; 0 ; 0 ; 1 ; 22 ; 104 ; 1 ; 

Timestep 981
1028 ; 0 ; 0 ; 1 ; 34 ; 151 ; 3 ; 

Timestep 982
1019 ; 0 ; 0 ; 1 ; 9 ; 40 ; 2 ; 

Timestep 983
1020 ; 0 ; 0 ; 1 ; 13 ; 61 ; 2 ; 

Timestep 984

Timestep 985

Timestep 986
1046 ; 0 ; 0 ; 1 ; 15 ; 62 ; 3 ; 

Timestep 987

Timestep 988

Timestep 989
1003 ; 0 ; 0 ; 1 ; 15 ; 67 ; 6 ; 

Timestep 990

Timestep 991

Timestep 992
1036 ; 0 ; 0 ; 1 ; 43 ; 179 ; 3 ; 

Timestep 993

Timestep 994

Timestep 995

Timestep 996
1034 ; 0 ; 0 ; 1 ; 18 ; 66 ; 3 ; 

Timestep 997
1020 ; 0 ; 0 ; 1 ; 41 ; 167 ; 3 ; 

Timestep 998

Timestep 999

Timestep 1000

Timestep 1001
1037 ; 0 ; 0 ; 1 ; 37 ; 181 ; 2 ; 

Timestep 1002
1049 ; 0 ; 0 ; 1 ; 64 ; 268 ; 3 ; 

Timestep 1003

Timestep 1004

Timestep 1005

Timestep 1006
1025 ; 0 ; 0 ; 1 ; 20 ; 90 ; 2 ; 

Timestep 1007

Timestep 1008

Timestep 1009

Timestep 1010

Timestep 1011

Timestep 1012

Timestep 1013
1037 ; 0 ; 0 ; 1 ; 45 ; 137 ; 4 ; 

Timestep 1014
1028 ; 0 ; 0 ; 1 ; 15 ; 65 ; 2 ; 

Timestep 1015

Timestep 1016

Timestep 1017

Timestep 1018
1037 ; 0 ; 0 ; 1 ; 39 ; 160 ; 3 ; 

Timestep 1019

Timestep 1020

Timestep 1021

Timestep 1022

Timestep 1023

Timestep 1024

Timestep 1025

Timestep 1026

Timestep 1027

Timestep 1028

Timestep 1029

Timestep 1030

Timestep 1031

Timestep 1032

Timestep 1033

Timestep 1034

Timestep 1035

Timestep 1036

Timestep 1037
Finished all tasks. Makespan: 1037
Wall time: 5.37 seconds
