Map: /Users/jiaqit/Desktop/paper/reference_code/TA-Hybrid-build/Instances/small/kiva-10-500-5.map
Task: /Users/jiaqit/Desktop/paper/reference_code/TA-Hybrid-build/Instances/small/kiva-0.2.task
Tour: /Users/jiaqit/Desktop/paper/reference_code/TA-Hybrid-build/tour/small-500-10-.tour
Output: /Users/jiaqit/Desktop/paper/reference_code/TA-Hybrid-build/result-0.2-v7.out

Timestep 0

Timestep 1

Timestep 2

Timestep 3

Timestep 4

Timestep 5

Timestep 6

Timestep 7

Timestep 8

Timestep 9

Timestep 10

Timestep 11

Timestep 12

Timestep 13

Timestep 14

Timestep 15

Timestep 16

Timestep 17

Timestep 18

Timestep 19

Timestep 20

Timestep 21

Timestep 22

Timestep 23

Timestep 24

Timestep 25

Timestep 26

Timestep 27

Timestep 28

Timestep 29

Timestep 30

Timestep 31

Timestep 32

Timestep 33

Timestep 34

Timestep 35

Timestep 36

Timestep 37

Timestep 38

Timestep 39

Timestep 40

Timestep 41

Timestep 42

Timestep 43

Timestep 44

Timestep 45

Timestep 46

Timestep 47

Timestep 48

Timestep 49

Timestep 50

Timestep 51

Timestep 52

Timestep 53

Timestep 54

Timestep 55

Timestep 56

Timestep 57

Timestep 58

Timestep 59

Timestep 60

Timestep 61

Timestep 62

Timestep 63

Timestep 64

Timestep 65

Timestep 66

Timestep 67

Timestep 68

Timestep 69

Timestep 70

Timestep 71

Timestep 72

Timestep 73

Timestep 74

Timestep 75

Timestep 76

Timestep 77

Timestep 78

Timestep 79

Timestep 80

Timestep 81

Timestep 82

Timestep 83

Timestep 84

Timestep 85

Timestep 86

Timestep 87

Timestep 88

Timestep 89

Timestep 90

Timestep 91

Timestep 92

Timestep 93

Timestep 94

Timestep 95

Timestep 96

Timestep 97

Timestep 98

Timestep 99

Timestep 100

Timestep 101

Timestep 102

Timestep 103

Timestep 104

Timestep 105

Timestep 106

Timestep 107

Timestep 108

Timestep 109

Timestep 110

Timestep 111

Timestep 112

Timestep 113

Timestep 114

Timestep 115

Timestep 116

Timestep 117

Timestep 118

Timestep 119

Timestep 120

Timestep 121

Timestep 122

Timestep 123

Timestep 124

Timestep 125

Timestep 126

Timestep 127

Timestep 128

Timestep 129

Timestep 130

Timestep 131

Timestep 132

Timestep 133

Timestep 134

Timestep 135

Timestep 136

Timestep 137

Timestep 138

Timestep 139

Timestep 140

Timestep 141

Timestep 142

Timestep 143

Timestep 144

Timestep 145

Timestep 146

Timestep 147

Timestep 148

Timestep 149

Timestep 150

Timestep 151

Timestep 152

Timestep 153

Timestep 154

Timestep 155

Timestep 156

Timestep 157

Timestep 158

Timestep 159

Timestep 160

Timestep 161

Timestep 162

Timestep 163

Timestep 164

Timestep 165

Timestep 166

Timestep 167

Timestep 168

Timestep 169

Timestep 170

Timestep 171

Timestep 172

Timestep 173

Timestep 174

Timestep 175

Timestep 176

Timestep 177

Timestep 178

Timestep 179

Timestep 180

Timestep 181

Timestep 182

Timestep 183

Timestep 184

Timestep 185

Timestep 186

Timestep 187

Timestep 188

Timestep 189

Timestep 190

Timestep 191

Timestep 192

Timestep 193

Timestep 194

Timestep 195

Timestep 196

Timestep 197

Timestep 198

Timestep 199

Timestep 200

Timestep 201

Timestep 202

Timestep 203

Timestep 204

Timestep 205

Timestep 206

Timestep 207

Timestep 208

Timestep 209

Timestep 210

Timestep 211

Timestep 212

Timestep 213

Timestep 214

Timestep 215

Timestep 216

Timestep 217

Timestep 218

Timestep 219

Timestep 220

Timestep 221

Timestep 222

Timestep 223

Timestep 224

Timestep 225

Timestep 226

Timestep 227

Timestep 228

Timestep 229

Timestep 230

Timestep 231

Timestep 232

Timestep 233

Timestep 234

Timestep 235

Timestep 236

Timestep 237

Timestep 238

Timestep 239

Timestep 240

Timestep 241

Timestep 242

Timestep 243

Timestep 244

Timestep 245

Timestep 246

Timestep 247

Timestep 248

Timestep 249

Timestep 250

Timestep 251

Timestep 252

Timestep 253

Timestep 254

Timestep 255

Timestep 256

Timestep 257

Timestep 258

Timestep 259

Timestep 260

Timestep 261

Timestep 262

Timestep 263

Timestep 264

Timestep 265

Timestep 266

Timestep 267

Timestep 268

Timestep 269

Timestep 270

Timestep 271

Timestep 272

Timestep 273

Timestep 274

Timestep 275

Timestep 276

Timestep 277

Timestep 278

Timestep 279

Timestep 280

Timestep 281

Timestep 282

Timestep 283

Timestep 284

Timestep 285

Timestep 286

Timestep 287

Timestep 288

Timestep 289

Timestep 290

Timestep 291

Timestep 292

Timestep 293

Timestep 294

Timestep 295

Timestep 296

Timestep 297

Timestep 298

Timestep 299

Timestep 300

Timestep 301

Timestep 302

Timestep 303

Timestep 304

Timestep 305
3083 ; 0 ; 0 ; 1 ; 34 ; 166 ; 3 ; 

Timestep 306

Timestep 307

Timestep 308

Timestep 309

Timestep 310

Timestep 311

Timestep 312

Timestep 313

Timestep 314

Timestep 315

Timestep 316

Timestep 317

Timestep 318

Timestep 319

Timestep 320

Timestep 321

Timestep 322

Timestep 323

Timestep 324

Timestep 325

Timestep 326

Timestep 327

Timestep 328

Timestep 329

Timestep 330

Timestep 331

Timestep 332

Timestep 333

Timestep 334

Timestep 335

Timestep 336

Timestep 337

Timestep 338

Timestep 339

Timestep 340

Timestep 341

Timestep 342

Timestep 343

Timestep 344

Timestep 345

Timestep 346

Timestep 347

Timestep 348

Timestep 349

Timestep 350

Timestep 351

Timestep 352

Timestep 353

Timestep 354

Timestep 355

Timestep 356

Timestep 357

Timestep 358

Timestep 359

Timestep 360

Timestep 361

Timestep 362

Timestep 363

Timestep 364

Timestep 365

Timestep 366

Timestep 367

Timestep 368

Timestep 369

Timestep 370

Timestep 371

Timestep 372

Timestep 373

Timestep 374

Timestep 375

Timestep 376

Timestep 377

Timestep 378

Timestep 379

Timestep 380

Timestep 381

Timestep 382

Timestep 383

Timestep 384

Timestep 385

Timestep 386

Timestep 387

Timestep 388

Timestep 389

Timestep 390

Timestep 391

Timestep 392

Timestep 393

Timestep 394

Timestep 395

Timestep 396

Timestep 397

Timestep 398

Timestep 399

Timestep 400

Timestep 401

Timestep 402

Timestep 403

Timestep 404

Timestep 405

Timestep 406

Timestep 407

Timestep 408

Timestep 409

Timestep 410

Timestep 411

Timestep 412

Timestep 413

Timestep 414

Timestep 415

Timestep 416

Timestep 417

Timestep 418

Timestep 419

Timestep 420

Timestep 421

Timestep 422

Timestep 423

Timestep 424

Timestep 425

Timestep 426

Timestep 427

Timestep 428

Timestep 429

Timestep 430

Timestep 431

Timestep 432

Timestep 433

Timestep 434

Timestep 435

Timestep 436

Timestep 437

Timestep 438

Timestep 439

Timestep 440

Timestep 441

Timestep 442

Timestep 443

Timestep 444

Timestep 445

Timestep 446

Timestep 447

Timestep 448

Timestep 449

Timestep 450

Timestep 451

Timestep 452

Timestep 453

Timestep 454

Timestep 455

Timestep 456

Timestep 457

Timestep 458

Timestep 459

Timestep 460

Timestep 461

Timestep 462

Timestep 463

Timestep 464

Timestep 465

Timestep 466

Timestep 467

Timestep 468

Timestep 469

Timestep 470

Timestep 471

Timestep 472

Timestep 473

Timestep 474

Timestep 475
3245 ; 0 ; 0 ; 1 ; 19 ; 80 ; 4 ; 

Timestep 476

Timestep 477

Timestep 478

Timestep 479

Timestep 480

Timestep 481

Timestep 482

Timestep 483

Timestep 484

Timestep 485

Timestep 486

Timestep 487

Timestep 488

Timestep 489

Timestep 490

Timestep 491

Timestep 492

Timestep 493

Timestep 494

Timestep 495

Timestep 496

Timestep 497

Timestep 498

Timestep 499

Timestep 500

Timestep 501

Timestep 502

Timestep 503

Timestep 504

Timestep 505

Timestep 506

Timestep 507

Timestep 508

Timestep 509

Timestep 510

Timestep 511

Timestep 512

Timestep 513

Timestep 514

Timestep 515

Timestep 516

Timestep 517

Timestep 518

Timestep 519

Timestep 520

Timestep 521

Timestep 522

Timestep 523

Timestep 524

Timestep 525

Timestep 526

Timestep 527

Timestep 528

Timestep 529

Timestep 530

Timestep 531

Timestep 532

Timestep 533

Timestep 534

Timestep 535

Timestep 536

Timestep 537

Timestep 538

Timestep 539

Timestep 540

Timestep 541

Timestep 542

Timestep 543

Timestep 544

Timestep 545

Timestep 546

Timestep 547

Timestep 548

Timestep 549

Timestep 550

Timestep 551

Timestep 552

Timestep 553

Timestep 554

Timestep 555

Timestep 556

Timestep 557

Timestep 558

Timestep 559

Timestep 560

Timestep 561

Timestep 562

Timestep 563

Timestep 564

Timestep 565

Timestep 566

Timestep 567

Timestep 568

Timestep 569

Timestep 570

Timestep 571

Timestep 572

Timestep 573

Timestep 574

Timestep 575

Timestep 576

Timestep 577

Timestep 578

Timestep 579

Timestep 580

Timestep 581

Timestep 582

Timestep 583

Timestep 584

Timestep 585

Timestep 586

Timestep 587

Timestep 588

Timestep 589

Timestep 590

Timestep 591

Timestep 592

Timestep 593

Timestep 594

Timestep 595

Timestep 596

Timestep 597

Timestep 598

Timestep 599

Timestep 600

Timestep 601

Timestep 602

Timestep 603

Timestep 604

Timestep 605

Timestep 606

Timestep 607

Timestep 608

Timestep 609

Timestep 610

Timestep 611

Timestep 612

Timestep 613

Timestep 614

Timestep 615

Timestep 616

Timestep 617

Timestep 618

Timestep 619

Timestep 620

Timestep 621

Timestep 622

Timestep 623

Timestep 624

Timestep 625

Timestep 626

Timestep 627

Timestep 628

Timestep 629

Timestep 630

Timestep 631

Timestep 632

Timestep 633

Timestep 634

Timestep 635

Timestep 636

Timestep 637

Timestep 638

Timestep 639

Timestep 640

Timestep 641

Timestep 642

Timestep 643

Timestep 644

Timestep 645

Timestep 646

Timestep 647

Timestep 648

Timestep 649

Timestep 650

Timestep 651

Timestep 652

Timestep 653

Timestep 654

Timestep 655

Timestep 656

Timestep 657

Timestep 658

Timestep 659

Timestep 660

Timestep 661

Timestep 662

Timestep 663

Timestep 664

Timestep 665

Timestep 666

Timestep 667

Timestep 668

Timestep 669

Timestep 670

Timestep 671

Timestep 672

Timestep 673

Timestep 674

Timestep 675

Timestep 676

Timestep 677

Timestep 678

Timestep 679

Timestep 680

Timestep 681

Timestep 682

Timestep 683

Timestep 684

Timestep 685

Timestep 686

Timestep 687

Timestep 688

Timestep 689

Timestep 690

Timestep 691

Timestep 692

Timestep 693

Timestep 694

Timestep 695

Timestep 696

Timestep 697

Timestep 698

Timestep 699

Timestep 700

Timestep 701

Timestep 702

Timestep 703

Timestep 704

Timestep 705

Timestep 706

Timestep 707

Timestep 708

Timestep 709

Timestep 710

Timestep 711

Timestep 712

Timestep 713

Timestep 714

Timestep 715

Timestep 716

Timestep 717

Timestep 718

Timestep 719

Timestep 720

Timestep 721

Timestep 722

Timestep 723

Timestep 724

Timestep 725

Timestep 726

Timestep 727

Timestep 728

Timestep 729

Timestep 730

Timestep 731

Timestep 732

Timestep 733

Timestep 734

Timestep 735

Timestep 736

Timestep 737

Timestep 738

Timestep 739

Timestep 740

Timestep 741

Timestep 742

Timestep 743

Timestep 744

Timestep 745

Timestep 746

Timestep 747

Timestep 748

Timestep 749

Timestep 750

Timestep 751

Timestep 752

Timestep 753

Timestep 754

Timestep 755

Timestep 756

Timestep 757

Timestep 758

Timestep 759

Timestep 760

Timestep 761

Timestep 762

Timestep 763

Timestep 764

Timestep 765

Timestep 766

Timestep 767

Timestep 768

Timestep 769

Timestep 770

Timestep 771

Timestep 772

Timestep 773

Timestep 774

Timestep 775

Timestep 776

Timestep 777

Timestep 778

Timestep 779

Timestep 780

Timestep 781

Timestep 782

Timestep 783

Timestep 784

Timestep 785

Timestep 786

Timestep 787

Timestep 788

Timestep 789

Timestep 790

Timestep 791

Timestep 792

Timestep 793

Timestep 794

Timestep 795

Timestep 796

Timestep 797

Timestep 798

Timestep 799

Timestep 800

Timestep 801

Timestep 802

Timestep 803

Timestep 804

Timestep 805

Timestep 806

Timestep 807

Timestep 808

Timestep 809

Timestep 810

Timestep 811

Timestep 812

Timestep 813

Timestep 814

Timestep 815

Timestep 816

Timestep 817

Timestep 818

Timestep 819

Timestep 820

Timestep 821

Timestep 822

Timestep 823

Timestep 824

Timestep 825

Timestep 826

Timestep 827

Timestep 828

Timestep 829

Timestep 830

Timestep 831

Timestep 832

Timestep 833

Timestep 834

Timestep 835

Timestep 836

Timestep 837

Timestep 838

Timestep 839

Timestep 840

Timestep 841

Timestep 842

Timestep 843

Timestep 844

Timestep 845

Timestep 846

Timestep 847

Timestep 848

Timestep 849

Timestep 850

Timestep 851

Timestep 852

Timestep 853

Timestep 854

Timestep 855

Timestep 856

Timestep 857

Timestep 858

Timestep 859

Timestep 860

Timestep 861

Timestep 862

Timestep 863

Timestep 864

Timestep 865

Timestep 866

Timestep 867

Timestep 868

Timestep 869

Timestep 870

Timestep 871

Timestep 872

Timestep 873

Timestep 874

Timestep 875

Timestep 876

Timestep 877

Timestep 878

Timestep 879

Timestep 880

Timestep 881

Timestep 882

Timestep 883

Timestep 884

Timestep 885

Timestep 886

Timestep 887

Timestep 888

Timestep 889

Timestep 890

Timestep 891

Timestep 892

Timestep 893

Timestep 894

Timestep 895

Timestep 896

Timestep 897

Timestep 898

Timestep 899

Timestep 900

Timestep 901

Timestep 902

Timestep 903

Timestep 904

Timestep 905

Timestep 906

Timestep 907

Timestep 908

Timestep 909

Timestep 910

Timestep 911

Timestep 912

Timestep 913

Timestep 914

Timestep 915

Timestep 916

Timestep 917

Timestep 918

Timestep 919

Timestep 920

Timestep 921

Timestep 922

Timestep 923

Timestep 924

Timestep 925

Timestep 926

Timestep 927

Timestep 928

Timestep 929

Timestep 930

Timestep 931

Timestep 932

Timestep 933

Timestep 934

Timestep 935

Timestep 936

Timestep 937

Timestep 938

Timestep 939

Timestep 940

Timestep 941

Timestep 942

Timestep 943

Timestep 944

Timestep 945

Timestep 946

Timestep 947

Timestep 948

Timestep 949

Timestep 950

Timestep 951

Timestep 952

Timestep 953

Timestep 954

Timestep 955

Timestep 956

Timestep 957

Timestep 958

Timestep 959

Timestep 960

Timestep 961

Timestep 962

Timestep 963

Timestep 964

Timestep 965

Timestep 966

Timestep 967

Timestep 968

Timestep 969

Timestep 970

Timestep 971

Timestep 972

Timestep 973

Timestep 974

Timestep 975

Timestep 976

Timestep 977

Timestep 978

Timestep 979

Timestep 980

Timestep 981

Timestep 982

Timestep 983

Timestep 984

Timestep 985

Timestep 986

Timestep 987

Timestep 988

Timestep 989

Timestep 990

Timestep 991

Timestep 992

Timestep 993

Timestep 994

Timestep 995

Timestep 996

Timestep 997

Timestep 998

Timestep 999

Timestep 1000

Timestep 1001

Timestep 1002

Timestep 1003

Timestep 1004

Timestep 1005

Timestep 1006

Timestep 1007

Timestep 1008

Timestep 1009

Timestep 1010

Timestep 1011

Timestep 1012

Timestep 1013

Timestep 1014

Timestep 1015

Timestep 1016

Timestep 1017

Timestep 1018

Timestep 1019

Timestep 1020

Timestep 1021

Timestep 1022

Timestep 1023

Timestep 1024

Timestep 1025
3044 ; 0 ; 0 ; 1 ; 10 ; 45 ; 5 ; 

Timestep 1026

Timestep 1027

Timestep 1028

Timestep 1029

Timestep 1030

Timestep 1031

Timestep 1032

Timestep 1033

Timestep 1034
3044 ; 0 ; 0 ; 1 ; 14 ; 54 ; 5 ; 

Timestep 1035

Timestep 1036

Timestep 1037

Timestep 1038

Timestep 1039

Timestep 1040

Timestep 1041

Timestep 1042

Timestep 1043

Timestep 1044

Timestep 1045

Timestep 1046

Timestep 1047

Timestep 1048

Timestep 1049

Timestep 1050

Timestep 1051

Timestep 1052

Timestep 1053

Timestep 1054

Timestep 1055

Timestep 1056

Timestep 1057

Timestep 1058

Timestep 1059

Timestep 1060

Timestep 1061

Timestep 1062

Timestep 1063

Timestep 1064

Timestep 1065

Timestep 1066

Timestep 1067

Timestep 1068

Timestep 1069

Timestep 1070

Timestep 1071

Timestep 1072

Timestep 1073

Timestep 1074

Timestep 1075

Timestep 1076

Timestep 1077

Timestep 1078

Timestep 1079

Timestep 1080
3245 ; 0 ; 0 ; 1 ; 20 ; 82 ; 4 ; 

Timestep 1081

Timestep 1082

Timestep 1083

Timestep 1084

Timestep 1085

Timestep 1086

Timestep 1087

Timestep 1088

Timestep 1089

Timestep 1090

Timestep 1091

Timestep 1092

Timestep 1093

Timestep 1094

Timestep 1095

Timestep 1096

Timestep 1097

Timestep 1098

Timestep 1099
3245 ; 0 ; 0 ; 1 ; 31 ; 134 ; 4 ; 

Timestep 1100

Timestep 1101

Timestep 1102

Timestep 1103

Timestep 1104

Timestep 1105

Timestep 1106

Timestep 1107

Timestep 1108

Timestep 1109

Timestep 1110

Timestep 1111

Timestep 1112

Timestep 1113
3083 ; 0 ; 0 ; 1 ; 27 ; 113 ; 5 ; 

Timestep 1114

Timestep 1115

Timestep 1116

Timestep 1117

Timestep 1118

Timestep 1119

Timestep 1120

Timestep 1121

Timestep 1122

Timestep 1123

Timestep 1124

Timestep 1125

Timestep 1126

Timestep 1127

Timestep 1128

Timestep 1129
3245 ; 0 ; 0 ; 1 ; 32 ; 136 ; 3 ; 

Timestep 1130

Timestep 1131

Timestep 1132

Timestep 1133

Timestep 1134

Timestep 1135

Timestep 1136

Timestep 1137

Timestep 1138

Timestep 1139

Timestep 1140

Timestep 1141
3083 ; 0 ; 0 ; 1 ; 15 ; 69 ; 4 ; 

Timestep 1142

Timestep 1143

Timestep 1144

Timestep 1145

Timestep 1146

Timestep 1147

Timestep 1148

Timestep 1149

Timestep 1150

Timestep 1151

Timestep 1152

Timestep 1153

Timestep 1154

Timestep 1155
3432 ; 0 ; 0 ; 1 ; 20 ; 92 ; 4 ; 

Timestep 1156

Timestep 1157

Timestep 1158

Timestep 1159

Timestep 1160

Timestep 1161
3245 ; 0 ; 0 ; 1 ; 39 ; 171 ; 3 ; 

Timestep 1162

Timestep 1163

Timestep 1164

Timestep 1165

Timestep 1166

Timestep 1167

Timestep 1168

Timestep 1169

Timestep 1170

Timestep 1171

Timestep 1172

Timestep 1173

Timestep 1174

Timestep 1175
3419 ; 0 ; 0 ; 1 ; 33 ; 139 ; 2 ; 

Timestep 1176

Timestep 1177

Timestep 1178

Timestep 1179
3432 ; 0 ; 0 ; 1 ; 16 ; 65 ; 3 ; 

Timestep 1180

Timestep 1181

Timestep 1182

Timestep 1183

Timestep 1184

Timestep 1185

Timestep 1186

Timestep 1187

Timestep 1188

Timestep 1189

Timestep 1190

Timestep 1191

Timestep 1192

Timestep 1193

Timestep 1194

Timestep 1195

Timestep 1196

Timestep 1197
3432 ; 0 ; 0 ; 1 ; 18 ; 74 ; 4 ; 

Timestep 1198

Timestep 1199

Timestep 1200

Timestep 1201

Timestep 1202

Timestep 1203

Timestep 1204

Timestep 1205

Timestep 1206

Timestep 1207

Timestep 1208

Timestep 1209

Timestep 1210

Timestep 1211

Timestep 1212

Timestep 1213

Timestep 1214

Timestep 1215

Timestep 1216

Timestep 1217
3432 ; 0 ; 0 ; 1 ; 4 ; 15 ; 4 ; 

Timestep 1218

Timestep 1219

Timestep 1220
3432 ; 0 ; 0 ; 1 ; 17 ; 70 ; 3 ; 

Timestep 1221

Timestep 1222

Timestep 1223

Timestep 1224

Timestep 1225

Timestep 1226

Timestep 1227

Timestep 1228

Timestep 1229

Timestep 1230

Timestep 1231

Timestep 1232

Timestep 1233

Timestep 1234

Timestep 1235
3083 ; 0 ; 0 ; 1 ; 25 ; 105 ; 4 ; 

Timestep 1236

Timestep 1237
3432 ; 0 ; 0 ; 1 ; 12 ; 47 ; 3 ; 

Timestep 1238

Timestep 1239

Timestep 1240

Timestep 1241

Timestep 1242

Timestep 1243

Timestep 1244

Timestep 1245

Timestep 1246

Timestep 1247

Timestep 1248

Timestep 1249

Timestep 1250

Timestep 1251

Timestep 1252

Timestep 1253

Timestep 1254

Timestep 1255

Timestep 1256

Timestep 1257

Timestep 1258

Timestep 1259
3083 ; 0 ; 0 ; 1 ; 14 ; 58 ; 4 ; 

Timestep 1260

Timestep 1261

Timestep 1262

Timestep 1263

Timestep 1264

Timestep 1265

Timestep 1266

Timestep 1267

Timestep 1268

Timestep 1269

Timestep 1270

Timestep 1271

Timestep 1272
3083 ; 0 ; 0 ; 1 ; 13 ; 60 ; 5 ; 

Timestep 1273

Timestep 1274

Timestep 1275

Timestep 1276

Timestep 1277

Timestep 1278

Timestep 1279

Timestep 1280

Timestep 1281

Timestep 1282

Timestep 1283

Timestep 1284

Timestep 1285
3083 ; 0 ; 0 ; 1 ; 27 ; 121 ; 4 ; 

Timestep 1286

Timestep 1287

Timestep 1288

Timestep 1289

Timestep 1290

Timestep 1291

Timestep 1292

Timestep 1293

Timestep 1294

Timestep 1295

Timestep 1296
3245 ; 0 ; 0 ; 1 ; 26 ; 111 ; 5 ; 

Timestep 1297

Timestep 1298

Timestep 1299

Timestep 1300

Timestep 1301

Timestep 1302

Timestep 1303

Timestep 1304

Timestep 1305

Timestep 1306

Timestep 1307

Timestep 1308

Timestep 1309

Timestep 1310

Timestep 1311
3083 ; 0 ; 0 ; 1 ; 14 ; 54 ; 3 ; 

Timestep 1312

Timestep 1313

Timestep 1314

Timestep 1315

Timestep 1316

Timestep 1317

Timestep 1318

Timestep 1319

Timestep 1320
3346 ; 0 ; 0 ; 1 ; 13 ; 61 ; 4 ; 

Timestep 1321
3245 ; 0 ; 0 ; 1 ; 11 ; 43 ; 2 ; 

Timestep 1322

Timestep 1323

Timestep 1324

Timestep 1325

Timestep 1326

Timestep 1327

Timestep 1328

Timestep 1329

Timestep 1330

Timestep 1331

Timestep 1332

Timestep 1333
3346 ; 0 ; 1 ; 3 ; 96 ; 398 ; 17595 ; 

Timestep 1334

Timestep 1335

Timestep 1336
3083 ; 0 ; 0 ; 1 ; 16 ; 63 ; 3 ; 

Timestep 1337

Timestep 1338

Timestep 1339

Timestep 1340

Timestep 1341

Timestep 1342

Timestep 1343

Timestep 1344

Timestep 1345

Timestep 1346

Timestep 1347

Timestep 1348

Timestep 1349

Timestep 1350

Timestep 1351
3245 ; 0 ; 0 ; 1 ; 14 ; 56 ; 3 ; 

Timestep 1352

Timestep 1353

Timestep 1354

Timestep 1355

Timestep 1356

Timestep 1357

Timestep 1358

Timestep 1359

Timestep 1360

Timestep 1361

Timestep 1362

Timestep 1363

Timestep 1364

Timestep 1365

Timestep 1366

Timestep 1367

Timestep 1368

Timestep 1369

Timestep 1370

Timestep 1371

Timestep 1372

Timestep 1373
3245 ; 0 ; 0 ; 1 ; 11 ; 44 ; 2 ; 

Timestep 1374

Timestep 1375

Timestep 1376

Timestep 1377

Timestep 1378

Timestep 1379

Timestep 1380

Timestep 1381

Timestep 1382

Timestep 1383

Timestep 1384

Timestep 1385

Timestep 1386

Timestep 1387

Timestep 1388

Timestep 1389

Timestep 1390

Timestep 1391

Timestep 1392

Timestep 1393

Timestep 1394

Timestep 1395

Timestep 1396

Timestep 1397

Timestep 1398

Timestep 1399

Timestep 1400

Timestep 1401

Timestep 1402

Timestep 1403

Timestep 1404

Timestep 1405

Timestep 1406

Timestep 1407

Timestep 1408

Timestep 1409

Timestep 1410

Timestep 1411

Timestep 1412

Timestep 1413

Timestep 1414

Timestep 1415

Timestep 1416

Timestep 1417

Timestep 1418

Timestep 1419

Timestep 1420

Timestep 1421

Timestep 1422

Timestep 1423

Timestep 1424

Timestep 1425

Timestep 1426

Timestep 1427

Timestep 1428

Timestep 1429

Timestep 1430

Timestep 1431

Timestep 1432

Timestep 1433

Timestep 1434

Timestep 1435

Timestep 1436

Timestep 1437

Timestep 1438

Timestep 1439

Timestep 1440

Timestep 1441

Timestep 1442

Timestep 1443

Timestep 1444

Timestep 1445

Timestep 1446

Timestep 1447

Timestep 1448

Timestep 1449

Timestep 1450

Timestep 1451

Timestep 1452

Timestep 1453

Timestep 1454

Timestep 1455

Timestep 1456

Timestep 1457

Timestep 1458

Timestep 1459

Timestep 1460

Timestep 1461

Timestep 1462

Timestep 1463

Timestep 1464

Timestep 1465

Timestep 1466

Timestep 1467

Timestep 1468

Timestep 1469

Timestep 1470

Timestep 1471

Timestep 1472

Timestep 1473

Timestep 1474

Timestep 1475
3290 ; 0 ; 0 ; 1 ; 29 ; 132 ; 4 ; 

Timestep 1476

Timestep 1477

Timestep 1478

Timestep 1479

Timestep 1480

Timestep 1481

Timestep 1482

Timestep 1483

Timestep 1484

Timestep 1485

Timestep 1486

Timestep 1487

Timestep 1488

Timestep 1489

Timestep 1490
3419 ; 0 ; 0 ; 1 ; 17 ; 81 ; 3 ; 

Timestep 1491

Timestep 1492

Timestep 1493

Timestep 1494

Timestep 1495

Timestep 1496

Timestep 1497

Timestep 1498

Timestep 1499

Timestep 1500

Timestep 1501

Timestep 1502

Timestep 1503
3290 ; 0 ; 0 ; 1 ; 16 ; 63 ; 4 ; 

Timestep 1504

Timestep 1505

Timestep 1506

Timestep 1507

Timestep 1508

Timestep 1509

Timestep 1510

Timestep 1511

Timestep 1512

Timestep 1513

Timestep 1514

Timestep 1515

Timestep 1516
3044 ; 0 ; 0 ; 1 ; 29 ; 127 ; 4 ; 

Timestep 1517

Timestep 1518

Timestep 1519

Timestep 1520
3083 ; 0 ; 0 ; 1 ; 27 ; 114 ; 3 ; 

Timestep 1521

Timestep 1522

Timestep 1523

Timestep 1524

Timestep 1525

Timestep 1526

Timestep 1527

Timestep 1528

Timestep 1529

Timestep 1530

Timestep 1531

Timestep 1532

Timestep 1533

Timestep 1534

Timestep 1535

Timestep 1536

Timestep 1537

Timestep 1538

Timestep 1539

Timestep 1540

Timestep 1541

Timestep 1542

Timestep 1543

Timestep 1544

Timestep 1545

Timestep 1546

Timestep 1547

Timestep 1548

Timestep 1549

Timestep 1550

Timestep 1551

Timestep 1552

Timestep 1553
3044 ; 0 ; 0 ; 1 ; 20 ; 90 ; 3 ; 

Timestep 1554

Timestep 1555

Timestep 1556

Timestep 1557

Timestep 1558

Timestep 1559

Timestep 1560

Timestep 1561

Timestep 1562

Timestep 1563

Timestep 1564

Timestep 1565

Timestep 1566

Timestep 1567

Timestep 1568

Timestep 1569

Timestep 1570

Timestep 1571

Timestep 1572
3044 ; 0 ; 0 ; 1 ; 17 ; 79 ; 1 ; 

Timestep 1573

Timestep 1574

Timestep 1575

Timestep 1576

Timestep 1577

Timestep 1578

Timestep 1579

Timestep 1580

Timestep 1581

Timestep 1582

Timestep 1583

Timestep 1584

Timestep 1585

Timestep 1586

Timestep 1587

Timestep 1588

Timestep 1589

Timestep 1590
3044 ; 0 ; 0 ; 1 ; 17 ; 66 ; 5 ; 

Timestep 1591

Timestep 1592

Timestep 1593

Timestep 1594

Timestep 1595

Timestep 1596

Timestep 1597

Timestep 1598

Timestep 1599

Timestep 1600
3274 ; 0 ; 0 ; 1 ; 16 ; 76 ; 3 ; 

Timestep 1601

Timestep 1602

Timestep 1603

Timestep 1604

Timestep 1605

Timestep 1606

Timestep 1607
3044 ; 0 ; 0 ; 1 ; 10 ; 44 ; 5 ; 

Timestep 1608

Timestep 1609

Timestep 1610

Timestep 1611

Timestep 1612

Timestep 1613

Timestep 1614

Timestep 1615
3274 ; 0 ; 0 ; 1 ; 29 ; 134 ; 3 ; 

Timestep 1616

Timestep 1617

Timestep 1618

Timestep 1619

Timestep 1620

Timestep 1621

Timestep 1622

Timestep 1623

Timestep 1624

Timestep 1625

Timestep 1626

Timestep 1627

Timestep 1628

Timestep 1629

Timestep 1630

Timestep 1631

Timestep 1632

Timestep 1633

Timestep 1634

Timestep 1635

Timestep 1636

Timestep 1637

Timestep 1638

Timestep 1639

Timestep 1640

Timestep 1641

Timestep 1642

Timestep 1643

Timestep 1644

Timestep 1645

Timestep 1646

Timestep 1647

Timestep 1648

Timestep 1649

Timestep 1650

Timestep 1651

Timestep 1652

Timestep 1653

Timestep 1654

Timestep 1655

Timestep 1656

Timestep 1657

Timestep 1658

Timestep 1659

Timestep 1660

Timestep 1661

Timestep 1662

Timestep 1663

Timestep 1664

Timestep 1665

Timestep 1666

Timestep 1667

Timestep 1668

Timestep 1669

Timestep 1670

Timestep 1671

Timestep 1672

Timestep 1673

Timestep 1674

Timestep 1675

Timestep 1676

Timestep 1677

Timestep 1678

Timestep 1679

Timestep 1680

Timestep 1681

Timestep 1682

Timestep 1683

Timestep 1684

Timestep 1685

Timestep 1686

Timestep 1687

Timestep 1688

Timestep 1689

Timestep 1690

Timestep 1691

Timestep 1692

Timestep 1693

Timestep 1694

Timestep 1695

Timestep 1696

Timestep 1697

Timestep 1698

Timestep 1699

Timestep 1700

Timestep 1701

Timestep 1702

Timestep 1703

Timestep 1704

Timestep 1705

Timestep 1706

Timestep 1707

Timestep 1708

Timestep 1709

Timestep 1710

Timestep 1711

Timestep 1712

Timestep 1713

Timestep 1714

Timestep 1715

Timestep 1716

Timestep 1717

Timestep 1718

Timestep 1719

Timestep 1720

Timestep 1721

Timestep 1722

Timestep 1723

Timestep 1724

Timestep 1725

Timestep 1726

Timestep 1727

Timestep 1728

Timestep 1729

Timestep 1730

Timestep 1731

Timestep 1732

Timestep 1733

Timestep 1734

Timestep 1735

Timestep 1736

Timestep 1737

Timestep 1738

Timestep 1739

Timestep 1740

Timestep 1741

Timestep 1742

Timestep 1743

Timestep 1744

Timestep 1745

Timestep 1746

Timestep 1747

Timestep 1748

Timestep 1749

Timestep 1750

Timestep 1751

Timestep 1752

Timestep 1753

Timestep 1754

Timestep 1755

Timestep 1756

Timestep 1757

Timestep 1758

Timestep 1759

Timestep 1760

Timestep 1761

Timestep 1762

Timestep 1763

Timestep 1764

Timestep 1765

Timestep 1766

Timestep 1767

Timestep 1768

Timestep 1769

Timestep 1770

Timestep 1771

Timestep 1772

Timestep 1773

Timestep 1774

Timestep 1775

Timestep 1776

Timestep 1777

Timestep 1778

Timestep 1779

Timestep 1780

Timestep 1781

Timestep 1782

Timestep 1783

Timestep 1784

Timestep 1785

Timestep 1786

Timestep 1787

Timestep 1788

Timestep 1789

Timestep 1790

Timestep 1791

Timestep 1792

Timestep 1793

Timestep 1794

Timestep 1795

Timestep 1796

Timestep 1797

Timestep 1798

Timestep 1799

Timestep 1800

Timestep 1801

Timestep 1802

Timestep 1803

Timestep 1804

Timestep 1805

Timestep 1806

Timestep 1807

Timestep 1808

Timestep 1809

Timestep 1810

Timestep 1811

Timestep 1812

Timestep 1813

Timestep 1814

Timestep 1815

Timestep 1816

Timestep 1817

Timestep 1818

Timestep 1819

Timestep 1820

Timestep 1821

Timestep 1822

Timestep 1823

Timestep 1824

Timestep 1825

Timestep 1826

Timestep 1827

Timestep 1828

Timestep 1829

Timestep 1830

Timestep 1831

Timestep 1832

Timestep 1833

Timestep 1834

Timestep 1835

Timestep 1836

Timestep 1837

Timestep 1838

Timestep 1839

Timestep 1840

Timestep 1841

Timestep 1842

Timestep 1843

Timestep 1844

Timestep 1845

Timestep 1846

Timestep 1847

Timestep 1848

Timestep 1849

Timestep 1850

Timestep 1851

Timestep 1852

Timestep 1853

Timestep 1854

Timestep 1855

Timestep 1856

Timestep 1857
3274 ; 0 ; 0 ; 1 ; 24 ; 102 ; 4 ; 

Timestep 1858

Timestep 1859

Timestep 1860

Timestep 1861

Timestep 1862

Timestep 1863

Timestep 1864

Timestep 1865

Timestep 1866

Timestep 1867

Timestep 1868

Timestep 1869

Timestep 1870

Timestep 1871

Timestep 1872

Timestep 1873

Timestep 1874

Timestep 1875

Timestep 1876

Timestep 1877

Timestep 1878

Timestep 1879

Timestep 1880
3274 ; 0 ; 0 ; 1 ; 35 ; 171 ; 4 ; 

Timestep 1881

Timestep 1882

Timestep 1883

Timestep 1884

Timestep 1885

Timestep 1886

Timestep 1887

Timestep 1888

Timestep 1889

Timestep 1890

Timestep 1891

Timestep 1892

Timestep 1893

Timestep 1894

Timestep 1895

Timestep 1896

Timestep 1897

Timestep 1898

Timestep 1899

Timestep 1900

Timestep 1901

Timestep 1902

Timestep 1903

Timestep 1904

Timestep 1905

Timestep 1906

Timestep 1907

Timestep 1908

Timestep 1909

Timestep 1910

Timestep 1911

Timestep 1912

Timestep 1913

Timestep 1914

Timestep 1915

Timestep 1916

Timestep 1917

Timestep 1918

Timestep 1919

Timestep 1920

Timestep 1921

Timestep 1922

Timestep 1923

Timestep 1924

Timestep 1925

Timestep 1926

Timestep 1927

Timestep 1928

Timestep 1929

Timestep 1930

Timestep 1931

Timestep 1932

Timestep 1933

Timestep 1934

Timestep 1935

Timestep 1936

Timestep 1937

Timestep 1938

Timestep 1939

Timestep 1940

Timestep 1941

Timestep 1942

Timestep 1943

Timestep 1944

Timestep 1945

Timestep 1946

Timestep 1947

Timestep 1948

Timestep 1949

Timestep 1950

Timestep 1951

Timestep 1952

Timestep 1953

Timestep 1954

Timestep 1955

Timestep 1956

Timestep 1957

Timestep 1958

Timestep 1959

Timestep 1960

Timestep 1961

Timestep 1962

Timestep 1963

Timestep 1964

Timestep 1965

Timestep 1966

Timestep 1967

Timestep 1968

Timestep 1969

Timestep 1970

Timestep 1971

Timestep 1972

Timestep 1973

Timestep 1974

Timestep 1975

Timestep 1976

Timestep 1977

Timestep 1978

Timestep 1979

Timestep 1980

Timestep 1981

Timestep 1982

Timestep 1983

Timestep 1984

Timestep 1985

Timestep 1986

Timestep 1987

Timestep 1988

Timestep 1989

Timestep 1990

Timestep 1991

Timestep 1992

Timestep 1993

Timestep 1994

Timestep 1995

Timestep 1996

Timestep 1997

Timestep 1998

Timestep 1999

Timestep 2000

Timestep 2001

Timestep 2002

Timestep 2003

Timestep 2004

Timestep 2005

Timestep 2006

Timestep 2007

Timestep 2008

Timestep 2009

Timestep 2010

Timestep 2011

Timestep 2012

Timestep 2013

Timestep 2014

Timestep 2015

Timestep 2016

Timestep 2017

Timestep 2018

Timestep 2019

Timestep 2020

Timestep 2021

Timestep 2022

Timestep 2023

Timestep 2024

Timestep 2025

Timestep 2026

Timestep 2027

Timestep 2028

Timestep 2029

Timestep 2030

Timestep 2031

Timestep 2032

Timestep 2033

Timestep 2034

Timestep 2035

Timestep 2036

Timestep 2037

Timestep 2038

Timestep 2039

Timestep 2040

Timestep 2041

Timestep 2042

Timestep 2043

Timestep 2044

Timestep 2045

Timestep 2046

Timestep 2047

Timestep 2048

Timestep 2049

Timestep 2050

Timestep 2051

Timestep 2052

Timestep 2053

Timestep 2054

Timestep 2055

Timestep 2056

Timestep 2057

Timestep 2058

Timestep 2059

Timestep 2060

Timestep 2061

Timestep 2062

Timestep 2063

Timestep 2064

Timestep 2065

Timestep 2066

Timestep 2067

Timestep 2068

Timestep 2069

Timestep 2070

Timestep 2071

Timestep 2072

Timestep 2073

Timestep 2074

Timestep 2075

Timestep 2076

Timestep 2077

Timestep 2078

Timestep 2079

Timestep 2080

Timestep 2081

Timestep 2082

Timestep 2083

Timestep 2084
3044 ; 0 ; 0 ; 1 ; 29 ; 119 ; 4 ; 

Timestep 2085

Timestep 2086

Timestep 2087

Timestep 2088

Timestep 2089

Timestep 2090

Timestep 2091

Timestep 2092

Timestep 2093

Timestep 2094

Timestep 2095

Timestep 2096

Timestep 2097

Timestep 2098

Timestep 2099

Timestep 2100

Timestep 2101

Timestep 2102

Timestep 2103

Timestep 2104

Timestep 2105

Timestep 2106

Timestep 2107

Timestep 2108

Timestep 2109

Timestep 2110

Timestep 2111

Timestep 2112
3044 ; 0 ; 0 ; 1 ; 27 ; 110 ; 3 ; 

Timestep 2113

Timestep 2114

Timestep 2115

Timestep 2116

Timestep 2117

Timestep 2118

Timestep 2119

Timestep 2120

Timestep 2121

Timestep 2122

Timestep 2123

Timestep 2124

Timestep 2125

Timestep 2126

Timestep 2127

Timestep 2128

Timestep 2129

Timestep 2130

Timestep 2131

Timestep 2132

Timestep 2133

Timestep 2134

Timestep 2135

Timestep 2136

Timestep 2137

Timestep 2138

Timestep 2139

Timestep 2140

Timestep 2141

Timestep 2142

Timestep 2143

Timestep 2144

Timestep 2145

Timestep 2146

Timestep 2147

Timestep 2148
3044 ; 0 ; 0 ; 1 ; 36 ; 155 ; 4 ; 

Timestep 2149

Timestep 2150

Timestep 2151

Timestep 2152

Timestep 2153

Timestep 2154

Timestep 2155

Timestep 2156

Timestep 2157

Timestep 2158

Timestep 2159

Timestep 2160

Timestep 2161

Timestep 2162

Timestep 2163

Timestep 2164

Timestep 2165

Timestep 2166

Timestep 2167

Timestep 2168

Timestep 2169

Timestep 2170

Timestep 2171

Timestep 2172

Timestep 2173

Timestep 2174

Timestep 2175

Timestep 2176

Timestep 2177

Timestep 2178

Timestep 2179

Timestep 2180

Timestep 2181

Timestep 2182

Timestep 2183
3044 ; 0 ; 0 ; 1 ; 13 ; 61 ; 2 ; 

Timestep 2184

Timestep 2185

Timestep 2186

Timestep 2187

Timestep 2188

Timestep 2189

Timestep 2190

Timestep 2191

Timestep 2192

Timestep 2193

Timestep 2194

Timestep 2195

Timestep 2196

Timestep 2197
3044 ; 0 ; 0 ; 1 ; 9 ; 41 ; 2 ; 

Timestep 2198

Timestep 2199

Timestep 2200

Timestep 2201

Timestep 2202

Timestep 2203

Timestep 2204

Timestep 2205

Timestep 2206

Timestep 2207

Timestep 2208
3044 ; 0 ; 0 ; 1 ; 28 ; 116 ; 3 ; 

Timestep 2209

Timestep 2210

Timestep 2211

Timestep 2212

Timestep 2213

Timestep 2214

Timestep 2215

Timestep 2216

Timestep 2217

Timestep 2218

Timestep 2219

Timestep 2220

Timestep 2221

Timestep 2222

Timestep 2223

Timestep 2224

Timestep 2225

Timestep 2226

Timestep 2227

Timestep 2228

Timestep 2229

Timestep 2230

Timestep 2231

Timestep 2232

Timestep 2233

Timestep 2234

Timestep 2235
3044 ; 0 ; 0 ; 1 ; 28 ; 118 ; 4 ; 

Timestep 2236

Timestep 2237

Timestep 2238

Timestep 2239

Timestep 2240

Timestep 2241
3419 ; 0 ; 0 ; 1 ; 10 ; 41 ; 6 ; 

Timestep 2242

Timestep 2243

Timestep 2244

Timestep 2245

Timestep 2246

Timestep 2247

Timestep 2248

Timestep 2249

Timestep 2250
3419 ; 0 ; 0 ; 1 ; 12 ; 54 ; 1 ; 

Timestep 2251

Timestep 2252

Timestep 2253

Timestep 2254

Timestep 2255

Timestep 2256

Timestep 2257

Timestep 2258

Timestep 2259

Timestep 2260

Timestep 2261
3419 ; 0 ; 0 ; 1 ; 35 ; 158 ; 4 ; 

Timestep 2262
3044 ; 0 ; 0 ; 1 ; 65 ; 188 ; 4 ; 

Timestep 2263

Timestep 2264

Timestep 2265

Timestep 2266

Timestep 2267

Timestep 2268

Timestep 2269

Timestep 2270

Timestep 2271

Timestep 2272

Timestep 2273

Timestep 2274

Timestep 2275

Timestep 2276

Timestep 2277

Timestep 2278

Timestep 2279

Timestep 2280

Timestep 2281

Timestep 2282

Timestep 2283

Timestep 2284

Timestep 2285

Timestep 2286

Timestep 2287

Timestep 2288

Timestep 2289

Timestep 2290

Timestep 2291

Timestep 2292
3095 ; 0 ; 0 ; 1 ; 15 ; 66 ; 4 ; 

Timestep 2293

Timestep 2294

Timestep 2295

Timestep 2296

Timestep 2297

Timestep 2298

Timestep 2299

Timestep 2300

Timestep 2301

Timestep 2302

Timestep 2303

Timestep 2304

Timestep 2305

Timestep 2306
3095 ; 0 ; 0 ; 1 ; 28 ; 118 ; 4 ; 

Timestep 2307

Timestep 2308

Timestep 2309
3294 ; 0 ; 0 ; 1 ; 18 ; 74 ; 4 ; 

Timestep 2310
3432 ; 0 ; 0 ; 1 ; 3 ; 11 ; 2 ; 

Timestep 2311

Timestep 2312

Timestep 2313

Timestep 2314

Timestep 2315

Timestep 2316

Timestep 2317

Timestep 2318

Timestep 2319

Timestep 2320

Timestep 2321

Timestep 2322

Timestep 2323

Timestep 2324

Timestep 2325

Timestep 2326

Timestep 2327
3294 ; 0 ; 0 ; 1 ; 11 ; 43 ; 4 ; 

Timestep 2328

Timestep 2329

Timestep 2330

Timestep 2331

Timestep 2332

Timestep 2333

Timestep 2334

Timestep 2335

Timestep 2336

Timestep 2337

Timestep 2338

Timestep 2339

Timestep 2340
3274 ; 0 ; 0 ; 1 ; 11 ; 51 ; 3 ; 

Timestep 2341

Timestep 2342

Timestep 2343

Timestep 2344

Timestep 2345
3294 ; 0 ; 0 ; 1 ; 13 ; 50 ; 4 ; 

Timestep 2346

Timestep 2347

Timestep 2348
3100 ; 0 ; 0 ; 1 ; 13 ; 61 ; 3 ; 

Timestep 2349

Timestep 2350
3044 ; 0 ; 0 ; 1 ; 29 ; 127 ; 3 ; 

Timestep 2351

Timestep 2352

Timestep 2353

Timestep 2354
3274 ; 0 ; 0 ; 1 ; 16 ; 70 ; 3 ; 

Timestep 2355

Timestep 2356

Timestep 2357

Timestep 2358

Timestep 2359

Timestep 2360

Timestep 2361
3294 ; 0 ; 0 ; 1 ; 65 ; 281 ; 3 ; 

Timestep 2362

Timestep 2363

Timestep 2364
3350 ; 0 ; 0 ; 1 ; 15 ; 63 ; 4 ; 

Timestep 2365

Timestep 2366

Timestep 2367

Timestep 2368

Timestep 2369
3274 ; 0 ; 0 ; 1 ; 20 ; 80 ; 3 ; 

Timestep 2370

Timestep 2371

Timestep 2372

Timestep 2373

Timestep 2374

Timestep 2375

Timestep 2376

Timestep 2377

Timestep 2378
3350 ; 0 ; 0 ; 1 ; 45 ; 184 ; 4 ; 

Timestep 2379

Timestep 2380

Timestep 2381

Timestep 2382

Timestep 2383

Timestep 2384

Timestep 2385
3419 ; 0 ; 0 ; 1 ; 13 ; 61 ; 5 ; 

Timestep 2386

Timestep 2387

Timestep 2388
3294 ; 0 ; 0 ; 1 ; 16 ; 67 ; 5 ; 

Timestep 2389
3278 ; 0 ; 0 ; 1 ; 40 ; 118 ; 3 ; 

Timestep 2390

Timestep 2391

Timestep 2392

Timestep 2393

Timestep 2394

Timestep 2395

Timestep 2396

Timestep 2397
3044 ; 0 ; 0 ; 1 ; 19 ; 74 ; 3 ; 

Timestep 2398
3419 ; 0 ; 0 ; 1 ; 22 ; 89 ; 2 ; 

Timestep 2399

Timestep 2400
3419 ; 0 ; 0 ; 1 ; 35 ; 152 ; 3 ; 

Timestep 2401

Timestep 2402

Timestep 2403
3100 ; 0 ; 0 ; 1 ; 19 ; 78 ; 2 ; 

Timestep 2404
3294 ; 0 ; 0 ; 1 ; 26 ; 84 ; 4 ; 

Timestep 2405

Timestep 2406

Timestep 2407

Timestep 2408

Timestep 2409
3350 ; 0 ; 0 ; 1 ; 21 ; 89 ; 3 ; 

Timestep 2410

Timestep 2411

Timestep 2412

Timestep 2413

Timestep 2414

Timestep 2415

Timestep 2416
3278 ; 0 ; 0 ; 1 ; 81 ; 322 ; 3 ; 

Timestep 2417

Timestep 2418

Timestep 2419

Timestep 2420

Timestep 2421
3419 ; 0 ; 0 ; 1 ; 14 ; 54 ; 2 ; 

Timestep 2422

Timestep 2423
3100 ; 0 ; 0 ; 1 ; 27 ; 115 ; 1 ; 

Timestep 2424

Timestep 2425

Timestep 2426

Timestep 2427

Timestep 2428

Timestep 2429

Timestep 2430
3294 ; 0 ; 0 ; 1 ; 21 ; 88 ; 4 ; 

Timestep 2431
3350 ; 0 ; 0 ; 1 ; 20 ; 75 ; 3 ; 

Timestep 2432

Timestep 2433

Timestep 2434
3419 ; 0 ; 0 ; 1 ; 10 ; 46 ; 3 ; 

Timestep 2435
3419 ; 0 ; 0 ; 1 ; 26 ; 110 ; 4 ; 

Timestep 2436

Timestep 2437

Timestep 2438

Timestep 2439

Timestep 2440

Timestep 2441

Timestep 2442
3278 ; 0 ; 0 ; 1 ; 16 ; 63 ; 3 ; 

Timestep 2443
3419 ; 0 ; 0 ; 1 ; 20 ; 95 ; 5 ; 

Timestep 2444

Timestep 2445

Timestep 2446

Timestep 2447
3044 ; 0 ; 0 ; 1 ; 19 ; 73 ; 4 ; 

Timestep 2448

Timestep 2449
3100 ; 0 ; 0 ; 1 ; 29 ; 113 ; 6 ; 

Timestep 2450

Timestep 2451

Timestep 2452

Timestep 2453

Timestep 2454
3249 ; 0 ; 0 ; 1 ; 18 ; 73 ; 2 ; 

Timestep 2455

Timestep 2456
3350 ; 0 ; 0 ; 1 ; 19 ; 84 ; 3 ; 

Timestep 2457

Timestep 2458

Timestep 2459

Timestep 2460

Timestep 2461

Timestep 2462

Timestep 2463
3419 ; 0 ; 0 ; 1 ; 33 ; 132 ; 4 ; 

Timestep 2464

Timestep 2465
3046 ; 0 ; 0 ; 1 ; 26 ; 94 ; 3 ; 

Timestep 2466

Timestep 2467

Timestep 2468

Timestep 2469
3100 ; 0 ; 0 ; 1 ; 21 ; 86 ; 3 ; 

Timestep 2470
3419 ; 0 ; 0 ; 1 ; 33 ; 137 ; 3 ; 

Timestep 2471
3280 ; 0 ; 0 ; 1 ; 22 ; 104 ; 3 ; 

Timestep 2472

Timestep 2473

Timestep 2474
3350 ; 0 ; 0 ; 1 ; 22 ; 94 ; 3 ; 

Timestep 2475
3294 ; 0 ; 0 ; 1 ; 22 ; 104 ; 6 ; 

Timestep 2476

Timestep 2477

Timestep 2478
3244 ; 0 ; 0 ; 1 ; 41 ; 180 ; 2 ; 

Timestep 2479

Timestep 2480

Timestep 2481

Timestep 2482

Timestep 2483

Timestep 2484
3048 ; 0 ; 0 ; 1 ; 22 ; 91 ; 4 ; 

Timestep 2485
3419 ; 0 ; 0 ; 1 ; 17 ; 81 ; 3 ; 

Timestep 2486

Timestep 2487
3419 ; 0 ; 0 ; 1 ; 24 ; 111 ; 1 ; 

Timestep 2488

Timestep 2489
3100 ; 0 ; 0 ; 1 ; 9 ; 40 ; 3 ; 

Timestep 2490
3432 ; 0 ; 0 ; 1 ; 20 ; 87 ; 2 ; 

Timestep 2491

Timestep 2492

Timestep 2493

Timestep 2494

Timestep 2495

Timestep 2496
3294 ; 0 ; 0 ; 1 ; 37 ; 178 ; 2 ; 

Timestep 2497
3282 ; 0 ; 0 ; 1 ; 27 ; 112 ; 2 ; 

Timestep 2498
3100 ; 0 ; 0 ; 1 ; 2 ; 6 ; 2 ; 

Timestep 2499

Timestep 2500
3352 ; 0 ; 0 ; 1 ; 35 ; 157 ; 3 ; 

Timestep 2501
3419 ; 0 ; 0 ; 1 ; 38 ; 165 ; 1 ; 

Timestep 2502

Timestep 2503
3419 ; 0 ; 0 ; 1 ; 40 ; 179 ; 2 ; 

Timestep 2504

Timestep 2505

Timestep 2506
3352 ; 0 ; 0 ; 1 ; 26 ; 103 ; 3 ; 

Timestep 2507

Timestep 2508

Timestep 2509
3433 ; 0 ; 0 ; 1 ; 33 ; 121 ; 3 ; 

Timestep 2510
3422 ; 0 ; 0 ; 1 ; 53 ; 136 ; 1 ; 

Timestep 2511

Timestep 2512

Timestep 2513

Timestep 2514

Timestep 2515

Timestep 2516

Timestep 2517

Timestep 2518

Timestep 2519

Timestep 2520

Timestep 2521

Timestep 2522

Timestep 2523
3282 ; 0 ; 0 ; 1 ; 15 ; 60 ; 3 ; 

Timestep 2524

Timestep 2525

Timestep 2526
3419 ; 0 ; 0 ; 1 ; 8 ; 36 ; 3 ; 

Timestep 2527
3352 ; 0 ; 0 ; 1 ; 46 ; 195 ; 3 ; 

Timestep 2528
3246 ; 0 ; 0 ; 1 ; 27 ; 84 ; 2 ; 

Timestep 2529

Timestep 2530
3101 ; 0 ; 0 ; 1 ; 17 ; 70 ; 3 ; 

Timestep 2531

Timestep 2532
3422 ; 0 ; 0 ; 1 ; 50 ; 231 ; 2 ; 

Timestep 2533

Timestep 2534

Timestep 2535
3419 ; 0 ; 0 ; 1 ; 14 ; 66 ; 3 ; 

Timestep 2536
3433 ; 0 ; 0 ; 1 ; 30 ; 129 ; 2 ; 

Timestep 2537

Timestep 2538

Timestep 2539

Timestep 2540
3049 ; 0 ; 0 ; 1 ; 12 ; 46 ; 2 ; 

Timestep 2541

Timestep 2542
3419 ; 0 ; 0 ; 1 ; 14 ; 64 ; 3 ; 

Timestep 2543
3246 ; 0 ; 0 ; 1 ; 26 ; 109 ; 3 ; 

Timestep 2544
3284 ; 0 ; 0 ; 1 ; 20 ; 78 ; 2 ; 

Timestep 2545

Timestep 2546

Timestep 2547
3422 ; 0 ; 0 ; 1 ; 42 ; 167 ; 1 ; 

Timestep 2548
3419 ; 0 ; 0 ; 1 ; 29 ; 122 ; 2 ; 

Timestep 2549

Timestep 2550

Timestep 2551
3050 ; 0 ; 0 ; 1 ; 21 ; 83 ; 3 ; 

Timestep 2552

Timestep 2553

Timestep 2554

Timestep 2555

Timestep 2556

Timestep 2557

Timestep 2558

Timestep 2559

Timestep 2560
3419 ; 0 ; 0 ; 1 ; 43 ; 183 ; 3 ; 

Timestep 2561

Timestep 2562

Timestep 2563

Timestep 2564

Timestep 2565
3294 ; 0 ; 0 ; 1 ; 103 ; 390 ; 3 ; 

Timestep 2566

Timestep 2567

Timestep 2568

Timestep 2569
3433 ; 0 ; 0 ; 1 ; 53 ; 216 ; 3 ; 

Timestep 2570

Timestep 2571
3101 ; 0 ; 0 ; 1 ; 28 ; 116 ; 2 ; 

Timestep 2572

Timestep 2573

Timestep 2574

Timestep 2575

Timestep 2576

Timestep 2577

Timestep 2578
3419 ; 0 ; 1 ; 3 ; 126 ; 522 ; 118 ; 

Timestep 2579

Timestep 2580
3101 ; 0 ; 0 ; 1 ; 16 ; 70 ; 8 ; 

Timestep 2581

Timestep 2582

Timestep 2583

Timestep 2584

Timestep 2585

Timestep 2586

Timestep 2587

Timestep 2588

Timestep 2589
3050 ; 0 ; 0 ; 1 ; 15 ; 63 ; 2 ; 

Timestep 2590

Timestep 2591

Timestep 2592
3433 ; 0 ; 0 ; 1 ; 19 ; 76 ; 3 ; 

Timestep 2593

Timestep 2594
3285 ; 0 ; 0 ; 1 ; 19 ; 82 ; 4 ; 

Timestep 2595

Timestep 2596
3419 ; 0 ; 0 ; 1 ; 24 ; 97 ; 4 ; 

Timestep 2597

Timestep 2598

Timestep 2599
3354 ; 0 ; 0 ; 1 ; 11 ; 46 ; 3 ; 

Timestep 2600
3296 ; 0 ; 0 ; 1 ; 28 ; 112 ; 4 ; 

Timestep 2601
3249 ; 0 ; 0 ; 1 ; 29 ; 121 ; 3 ; 

Timestep 2602

Timestep 2603
3424 ; 0 ; 0 ; 1 ; 12 ; 52 ; 3 ; 

Timestep 2604
3053 ; 0 ; 0 ; 1 ; 110 ; 233 ; 2 ; 

Timestep 2605

Timestep 2606

Timestep 2607
3421 ; 0 ; 0 ; 1 ; 25 ; 108 ; 5 ; 

Timestep 2608

Timestep 2609

Timestep 2610
3433 ; 0 ; 0 ; 1 ; 103 ; 264 ; 1 ; 

Timestep 2611
3419 ; 0 ; 0 ; 1 ; 24 ; 104 ; 4 ; 

Timestep 2612
3285 ; 0 ; 0 ; 1 ; 23 ; 99 ; 2 ; 

Timestep 2613

Timestep 2614
3424 ; 0 ; 0 ; 1 ; 31 ; 126 ; 1 ; 

Timestep 2615

Timestep 2616

Timestep 2617

Timestep 2618

Timestep 2619
3354 ; 0 ; 0 ; 1 ; 28 ; 117 ; 5 ; 

Timestep 2620

Timestep 2621

Timestep 2622

Timestep 2623

Timestep 2624

Timestep 2625

Timestep 2626

Timestep 2627
3419 ; 0 ; 0 ; 1 ; 41 ; 167 ; 3 ; 

Timestep 2628

Timestep 2629
3053 ; 0 ; 0 ; 1 ; 27 ; 113 ; 1 ; 

Timestep 2630

Timestep 2631

Timestep 2632
3251 ; 0 ; 0 ; 1 ; 40 ; 122 ; 2 ; 

Timestep 2633

Timestep 2634
3421 ; 0 ; 0 ; 1 ; 13 ; 59 ; 2 ; 

Timestep 2635
3104 ; 0 ; 0 ; 1 ; 17 ; 70 ; 2 ; 

Timestep 2636
3285 ; 0 ; 0 ; 1 ; 12 ; 44 ; 1 ; 

Timestep 2637

Timestep 2638

Timestep 2639

Timestep 2640

Timestep 2641

Timestep 2642

Timestep 2643
3419 ; 0 ; 0 ; 1 ; 26 ; 110 ; 4 ; 

Timestep 2644
3424 ; 0 ; 0 ; 1 ; 22 ; 91 ; 2 ; 

Timestep 2645

Timestep 2646
3433 ; 0 ; 0 ; 1 ; 18 ; 72 ; 1 ; 

Timestep 2647
3421 ; 0 ; 0 ; 1 ; 13 ; 52 ; 1 ; 

Timestep 2648

Timestep 2649

Timestep 2650

Timestep 2651
3433 ; 0 ; 0 ; 1 ; 30 ; 122 ; 2 ; 

Timestep 2652
3104 ; 0 ; 0 ; 1 ; 16 ; 73 ; 4 ; 

Timestep 2653

Timestep 2654
3251 ; 0 ; 0 ; 1 ; 28 ; 116 ; 5 ; 

Timestep 2655
3285 ; 0 ; 0 ; 1 ; 23 ; 90 ; 5 ; 

Timestep 2656
3296 ; 0 ; 0 ; 1 ; 36 ; 160 ; 3 ; 

Timestep 2657

Timestep 2658

Timestep 2659

Timestep 2660
3421 ; 0 ; 0 ; 1 ; 35 ; 140 ; 5 ; 

Timestep 2661

Timestep 2662

Timestep 2663
3055 ; 0 ; 0 ; 1 ; 15 ; 62 ; 7 ; 

Timestep 2664

Timestep 2665

Timestep 2666
3435 ; 0 ; 0 ; 1 ; 53 ; 146 ; 3 ; 

Timestep 2667
3354 ; 0 ; 0 ; 1 ; 43 ; 184 ; 3 ; 

Timestep 2668

Timestep 2669

Timestep 2670

Timestep 2671
3425 ; 0 ; 0 ; 1 ; 55 ; 156 ; 2 ; 

Timestep 2672

Timestep 2673

Timestep 2674

Timestep 2675

Timestep 2676

Timestep 2677

Timestep 2678
3428 ; 0 ; 0 ; 1 ; 22 ; 84 ; 2 ; 

Timestep 2679
3055 ; 0 ; 0 ; 1 ; 21 ; 89 ; 5 ; 

Timestep 2680

Timestep 2681

Timestep 2682
3422 ; 0 ; 0 ; 1 ; 82 ; 248 ; 5 ; 

Timestep 2683

Timestep 2684

Timestep 2685
3354 ; 0 ; 0 ; 1 ; 36 ; 150 ; 3 ; 

Timestep 2686

Timestep 2687

Timestep 2688
3435 ; 0 ; 0 ; 1 ; 14 ; 54 ; 5 ; 

Timestep 2689

Timestep 2690

Timestep 2691

Timestep 2692

Timestep 2693
3296 ; 0 ; 0 ; 1 ; 34 ; 146 ; 3 ; 

Timestep 2694

Timestep 2695

Timestep 2696

Timestep 2697

Timestep 2698
3427 ; 0 ; 0 ; 1 ; 21 ; 94 ; 5 ; 

Timestep 2699

Timestep 2700
3430 ; 0 ; 0 ; 1 ; 36 ; 147 ; 4 ; 

Timestep 2701

Timestep 2702
3055 ; 0 ; 0 ; 1 ; 21 ; 88 ; 3 ; 

Timestep 2703

Timestep 2704
3296 ; 0 ; 0 ; 1 ; 25 ; 104 ; 2 ; 

Timestep 2705
3436 ; 0 ; 0 ; 1 ; 49 ; 183 ; 2 ; 

Timestep 2706

Timestep 2707

Timestep 2708

Timestep 2709

Timestep 2710

Timestep 2711

Timestep 2712

Timestep 2713

Timestep 2714
3430 ; 0 ; 1 ; 3 ; 54 ; 242 ; 11391 ; 

Timestep 2715

Timestep 2716
3424 ; 0 ; 0 ; 1 ; 8 ; 36 ; 4 ; 

Timestep 2717

Timestep 2718
3430 ; 0 ; 0 ; 1 ; 65 ; 272 ; 3 ; 

Timestep 2719

Timestep 2720

Timestep 2721

Timestep 2722

Timestep 2723
3055 ; 0 ; 0 ; 1 ; 21 ; 94 ; 4 ; 

Timestep 2724

Timestep 2725

Timestep 2726
3285 ; 0 ; 0 ; 1 ; 26 ; 108 ; 6 ; 

Timestep 2727
3424 ; 0 ; 0 ; 1 ; 33 ; 140 ; 5 ; 

Timestep 2728

Timestep 2729
3298 ; 0 ; 0 ; 1 ; 15 ; 51 ; 3 ; 

Timestep 2730

Timestep 2731

Timestep 2732
3285 ; 0 ; 0 ; 1 ; 23 ; 93 ; 2 ; 

Timestep 2733

Timestep 2734
3430 ; 0 ; 0 ; 1 ; 18 ; 76 ; 1 ; 

Timestep 2735
3438 ; 0 ; 0 ; 1 ; 59 ; 220 ; 2 ; 

Timestep 2736

Timestep 2737

Timestep 2738

Timestep 2739

Timestep 2740
3298 ; 0 ; 0 ; 1 ; 57 ; 206 ; 2 ; 

Timestep 2741

Timestep 2742

Timestep 2743

Timestep 2744
3104 ; 0 ; 0 ; 1 ; 23 ; 100 ; 3 ; 

Timestep 2745
3055 ; 0 ; 0 ; 1 ; 2 ; 6 ; 3 ; 

Timestep 2746

Timestep 2747
3427 ; 0 ; 0 ; 1 ; 23 ; 93 ; 2 ; 

Timestep 2748

Timestep 2749

Timestep 2750

Timestep 2751
3432 ; 0 ; 0 ; 1 ; 33 ; 121 ; 3 ; 

Timestep 2752
3440 ; 0 ; 0 ; 1 ; 24 ; 71 ; 3 ; 

Timestep 2753

Timestep 2754
3055 ; 0 ; 0 ; 1 ; 22 ; 100 ; 2 ; 

Timestep 2755
3285 ; 0 ; 0 ; 1 ; 20 ; 94 ; 2 ; 

Timestep 2756

Timestep 2757
3298 ; 0 ; 0 ; 1 ; 23 ; 96 ; 2 ; 

Timestep 2758

Timestep 2759

Timestep 2760
3424 ; 0 ; 0 ; 1 ; 30 ; 132 ; 5 ; 

Timestep 2761

Timestep 2762

Timestep 2763

Timestep 2764

Timestep 2765

Timestep 2766
3104 ; 0 ; 0 ; 1 ; 20 ; 91 ; 6 ; 

Timestep 2767

Timestep 2768

Timestep 2769
3354 ; 0 ; 0 ; 1 ; 29 ; 122 ; 3 ; 

Timestep 2770
3429 ; 0 ; 0 ; 1 ; 67 ; 199 ; 3 ; 

Timestep 2771

Timestep 2772

Timestep 2773

Timestep 2774
3285 ; 0 ; 0 ; 1 ; 112 ; 402 ; 2 ; 

Timestep 2775
3055 ; 0 ; 0 ; 1 ; 21 ; 88 ; 5 ; 

Timestep 2776
3446 ; 0 ; 0 ; 1 ; 128 ; 241 ; 4 ; 

Timestep 2777

Timestep 2778

Timestep 2779
3434 ; 0 ; 0 ; 1 ; 82 ; 229 ; 4 ; 

Timestep 2780
3298 ; 0 ; 0 ; 1 ; 11 ; 51 ; 3 ; 

Timestep 2781

Timestep 2782

Timestep 2783

Timestep 2784

Timestep 2785
3104 ; 0 ; 0 ; 1 ; 21 ; 91 ; 2 ; 

Timestep 2786

Timestep 2787

Timestep 2788

Timestep 2789
3426 ; 0 ; 0 ; 1 ; 42 ; 145 ; 2 ; 

Timestep 2790
3253 ; 0 ; 0 ; 1 ; 8 ; 31 ; 2 ; 

Timestep 2791

Timestep 2792

Timestep 2793

Timestep 2794

Timestep 2795
3298 ; 0 ; 0 ; 1 ; 27 ; 114 ; 3 ; 

Timestep 2796

Timestep 2797

Timestep 2798
3354 ; 0 ; 0 ; 1 ; 22 ; 94 ; 6 ; 

Timestep 2799

Timestep 2800
3253 ; 0 ; 0 ; 1 ; 20 ; 95 ; 3 ; 

Timestep 2801

Timestep 2802

Timestep 2803

Timestep 2804

Timestep 2805
3299 ; 0 ; 0 ; 1 ; 15 ; 67 ; 6 ; 

Timestep 2806
3445 ; 0 ; 0 ; 1 ; 31 ; 127 ; 4 ; 

Timestep 2807

Timestep 2808

Timestep 2809

Timestep 2810
3429 ; 0 ; 0 ; 1 ; 30 ; 130 ; 5 ; 

Timestep 2811
3055 ; 0 ; 0 ; 1 ; 27 ; 108 ; 5 ; 

Timestep 2812

Timestep 2813
3104 ; 0 ; 0 ; 1 ; 4 ; 14 ; 1 ; 

Timestep 2814

Timestep 2815

Timestep 2816

Timestep 2817
3104 ; 0 ; 0 ; 1 ; 29 ; 127 ; 4 ; 

Timestep 2818

Timestep 2819
3253 ; 0 ; 0 ; 1 ; 18 ; 86 ; 5 ; 

Timestep 2820

Timestep 2821
3426 ; 0 ; 0 ; 1 ; 26 ; 107 ; 3 ; 

Timestep 2822

Timestep 2823

Timestep 2824
3354 ; 0 ; 0 ; 1 ; 27 ; 114 ; 3 ; 

Timestep 2825
3437 ; 0 ; 0 ; 1 ; 75 ; 234 ; 3 ; 

Timestep 2826

Timestep 2827
3299 ; 0 ; 0 ; 1 ; 10 ; 45 ; 3 ; 

Timestep 2828
3445 ; 0 ; 0 ; 1 ; 45 ; 182 ; 4 ; 

Timestep 2829

Timestep 2830

Timestep 2831

Timestep 2832

Timestep 2833

Timestep 2834

Timestep 2835

Timestep 2836

Timestep 2837
3299 ; 0 ; 0 ; 1 ; 23 ; 96 ; 3 ; 

Timestep 2838
3253 ; 0 ; 0 ; 1 ; 36 ; 176 ; 4 ; 

Timestep 2839
3445 ; 0 ; 0 ; 1 ; 18 ; 77 ; 3 ; 

Timestep 2840

Timestep 2841
3055 ; 0 ; 0 ; 1 ; 13 ; 52 ; 3 ; 

Timestep 2842

Timestep 2843

Timestep 2844

Timestep 2845

Timestep 2846
3426 ; 0 ; 0 ; 1 ; 12 ; 46 ; 3 ; 

Timestep 2847
3104 ; 0 ; 0 ; 1 ; 27 ; 112 ; 3 ; 

Timestep 2848
3286 ; 0 ; 0 ; 1 ; 30 ; 121 ; 3 ; 

Timestep 2849

Timestep 2850
3354 ; 0 ; 0 ; 1 ; 14 ; 32 ; 4 ; 

Timestep 2851

Timestep 2852

Timestep 2853
3055 ; 0 ; 0 ; 1 ; 15 ; 60 ; 2 ; 

Timestep 2854

Timestep 2855

Timestep 2856
3445 ; 0 ; 0 ; 1 ; 21 ; 89 ; 3 ; 

Timestep 2857

Timestep 2858
3440 ; 0 ; 0 ; 1 ; 57 ; 155 ; 3 ; 

Timestep 2859
3426 ; 0 ; 0 ; 1 ; 10 ; 41 ; 3 ; 

Timestep 2860

Timestep 2861

Timestep 2862

Timestep 2863
3354 ; 0 ; 0 ; 1 ; 16 ; 64 ; 3 ; 

Timestep 2864

Timestep 2865

Timestep 2866
3429 ; 0 ; 0 ; 1 ; 61 ; 267 ; 2 ; 

Timestep 2867

Timestep 2868

Timestep 2869
3055 ; 0 ; 0 ; 1 ; 13 ; 50 ; 4 ; 

Timestep 2870

Timestep 2871
3426 ; 0 ; 0 ; 1 ; 4 ; 15 ; 1 ; 

Timestep 2872

Timestep 2873

Timestep 2874
3426 ; 0 ; 0 ; 1 ; 3 ; 9 ; 3 ; 

Timestep 2875
3253 ; 0 ; 0 ; 1 ; 36 ; 156 ; 4 ; 

Timestep 2876
3445 ; 0 ; 0 ; 1 ; 29 ; 128 ; 3 ; 

Timestep 2877

Timestep 2878
3354 ; 0 ; 0 ; 1 ; 17 ; 65 ; 5 ; 

Timestep 2879

Timestep 2880
3426 ; 0 ; 0 ; 1 ; 4 ; 13 ; 1 ; 

Timestep 2881

Timestep 2882
3354 ; 0 ; 0 ; 1 ; 29 ; 125 ; 3 ; 

Timestep 2883
3055 ; 0 ; 0 ; 1 ; 42 ; 188 ; 3 ; 

Timestep 2884
3440 ; 0 ; 0 ; 1 ; 16 ; 64 ; 3 ; 

Timestep 2885
3428 ; 0 ; 0 ; 1 ; 60 ; 167 ; 4 ; 

Timestep 2886

Timestep 2887

Timestep 2888

Timestep 2889

Timestep 2890
3286 ; 0 ; 0 ; 1 ; 20 ; 81 ; 2 ; 

Timestep 2891

Timestep 2892

Timestep 2893
3104 ; 0 ; 0 ; 1 ; 22 ; 92 ; 3 ; 

Timestep 2894
3431 ; 0 ; 0 ; 1 ; 17 ; 70 ; 2 ; 

Timestep 2895

Timestep 2896
3253 ; 0 ; 0 ; 1 ; 9 ; 35 ; 2 ; 

Timestep 2897

Timestep 2898

Timestep 2899

Timestep 2900

Timestep 2901

Timestep 2902
3440 ; 0 ; 0 ; 1 ; 13 ; 47 ; 2 ; 

Timestep 2903
3299 ; 0 ; 0 ; 1 ; 20 ; 80 ; 1 ; 

Timestep 2904
3253 ; 0 ; 0 ; 1 ; 24 ; 99 ; 2 ; 

Timestep 2905
3445 ; 0 ; 0 ; 1 ; 39 ; 164 ; 3 ; 

Timestep 2906

Timestep 2907

Timestep 2908

Timestep 2909

Timestep 2910
3431 ; 0 ; 0 ; 1 ; 34 ; 133 ; 2 ; 

Timestep 2911

Timestep 2912
3431 ; 0 ; 0 ; 1 ; 12 ; 50 ; 2 ; 

Timestep 2913

Timestep 2914
3428 ; 0 ; 0 ; 1 ; 32 ; 135 ; 1 ; 

Timestep 2915
3440 ; 0 ; 0 ; 1 ; 37 ; 151 ; 2 ; 

Timestep 2916

Timestep 2917

Timestep 2918

Timestep 2919

Timestep 2920

Timestep 2921

Timestep 2922
3299 ; 0 ; 0 ; 1 ; 16 ; 69 ; 2 ; 

Timestep 2923

Timestep 2924
3055 ; 0 ; 0 ; 1 ; 8 ; 36 ; 3 ; 

Timestep 2925

Timestep 2926

Timestep 2927
3253 ; 0 ; 0 ; 1 ; 5 ; 18 ; 3 ; 

Timestep 2928

Timestep 2929
3428 ; 0 ; 0 ; 1 ; 19 ; 79 ; 4 ; 

Timestep 2930
3440 ; 0 ; 0 ; 1 ; 17 ; 68 ; 3 ; 

Timestep 2931
3055 ; 0 ; 0 ; 1 ; 14 ; 59 ; 3 ; 

Timestep 2932
3286 ; 0 ; 0 ; 1 ; 25 ; 107 ; 4 ; 

Timestep 2933
3431 ; 0 ; 0 ; 1 ; 40 ; 165 ; 3 ; 

Timestep 2934

Timestep 2935
3104 ; 0 ; 0 ; 1 ; 30 ; 125 ; 1 ; 

Timestep 2936
3356 ; 0 ; 0 ; 1 ; 72 ; 186 ; 3 ; 

Timestep 2937

Timestep 2938

Timestep 2939
3300 ; 0 ; 0 ; 1 ; 18 ; 86 ; 5 ; 

Timestep 2940

Timestep 2941

Timestep 2942

Timestep 2943

Timestep 2944

Timestep 2945
3445 ; 0 ; 0 ; 1 ; 50 ; 205 ; 2 ; 

Timestep 2946

Timestep 2947

Timestep 2948

Timestep 2949

Timestep 2950

Timestep 2951
3431 ; 0 ; 0 ; 1 ; 25 ; 107 ; 3 ; 

Timestep 2952

Timestep 2953
3441 ; 0 ; 0 ; 1 ; 32 ; 132 ; 2 ; 

Timestep 2954

Timestep 2955

Timestep 2956

Timestep 2957

Timestep 2958
3302 ; 0 ; 0 ; 1 ; 60 ; 245 ; 2 ; 

Timestep 2959

Timestep 2960
3246 ; 0 ; 0 ; 1 ; 28 ; 117 ; 6 ; 

Timestep 2961

Timestep 2962

Timestep 2963

Timestep 2964

Timestep 2965
3104 ; 0 ; 0 ; 1 ; 25 ; 100 ; 4 ; 

Timestep 2966
3442 ; 0 ; 0 ; 1 ; 4 ; 14 ; 3 ; 

Timestep 2967
3356 ; 0 ; 0 ; 1 ; 32 ; 136 ; 3 ; 

Timestep 2968
3447 ; 0 ; 0 ; 1 ; 29 ; 96 ; 2 ; 

Timestep 2969
3442 ; 0 ; 0 ; 1 ; 40 ; 142 ; 2 ; 

Timestep 2970

Timestep 2971

Timestep 2972

Timestep 2973

Timestep 2974

Timestep 2975
3291 ; 0 ; 0 ; 1 ; 86 ; 193 ; 1 ; 

Timestep 2976
3441 ; 0 ; 0 ; 1 ; 26 ; 109 ; 1 ; 

Timestep 2977

Timestep 2978
3056 ; 0 ; 0 ; 1 ; 13 ; 58 ; 2 ; 

Timestep 2979
3431 ; 0 ; 0 ; 1 ; 8 ; 29 ; 2 ; 

Timestep 2980

Timestep 2981

Timestep 2982

Timestep 2983

Timestep 2984

Timestep 2985

Timestep 2986

Timestep 2987
3246 ; 0 ; 0 ; 1 ; 14 ; 65 ; 1 ; 

Timestep 2988

Timestep 2989
3447 ; 0 ; 0 ; 1 ; 73 ; 317 ; 1 ; 

Timestep 2990

Timestep 2991

Timestep 2992
3056 ; 0 ; 0 ; 1 ; 13 ; 57 ; 3 ; 

Timestep 2993

Timestep 2994

Timestep 2995

Timestep 2996
3442 ; 0 ; 0 ; 1 ; 18 ; 68 ; 3 ; 

Timestep 2997

Timestep 2998
3304 ; 0 ; 0 ; 1 ; 65 ; 168 ; 1 ; 

Timestep 2999

Timestep 3000

Timestep 3001
3443 ; 0 ; 0 ; 1 ; 33 ; 120 ; 5 ; 

Timestep 3002

Timestep 3003

Timestep 3004
3056 ; 0 ; 0 ; 1 ; 16 ; 66 ; 4 ; 

Timestep 3005
3356 ; 0 ; 0 ; 1 ; 27 ; 110 ; 3 ; 

Timestep 3006

Timestep 3007

Timestep 3008

Timestep 3009

Timestep 3010
3246 ; 0 ; 0 ; 1 ; 15 ; 63 ; 3 ; 

Timestep 3011
3447 ; 0 ; 0 ; 1 ; 56 ; 231 ; 2 ; 

Timestep 3012

Timestep 3013

Timestep 3014

Timestep 3015

Timestep 3016

Timestep 3017
3104 ; 0 ; 0 ; 1 ; 7 ; 31 ; 3 ; 

Timestep 3018
3433 ; 0 ; 0 ; 1 ; 39 ; 135 ; 2 ; 

Timestep 3019

Timestep 3020

Timestep 3021

Timestep 3022

Timestep 3023

Timestep 3024

Timestep 3025
3104 ; 0 ; 0 ; 1 ; 20 ; 82 ; 3 ; 

Timestep 3026
3443 ; 0 ; 0 ; 1 ; 41 ; 179 ; 2 ; 

Timestep 3027

Timestep 3028
3056 ; 0 ; 0 ; 1 ; 6 ; 22 ; 3 ; 

Timestep 3029
3452 ; 0 ; 0 ; 1 ; 113 ; 207 ; 2 ; 

Timestep 3030
3435 ; 0 ; 0 ; 1 ; 49 ; 163 ; 1 ; 

Timestep 3031

Timestep 3032
3442 ; 0 ; 0 ; 1 ; 11 ; 51 ; 3 ; 

Timestep 3033
3356 ; 0 ; 0 ; 1 ; 26 ; 104 ; 2 ; 

Timestep 3034

Timestep 3035

Timestep 3036

Timestep 3037

Timestep 3038
3291 ; 0 ; 0 ; 1 ; 16 ; 66 ; 4 ; 

Timestep 3039

Timestep 3040

Timestep 3041
3445 ; 0 ; 0 ; 1 ; 20 ; 80 ; 3 ; 

Timestep 3042
3056 ; 0 ; 0 ; 1 ; 17 ; 63 ; 3 ; 

Timestep 3043

Timestep 3044
3106 ; 0 ; 0 ; 1 ; 27 ; 92 ; 3 ; 

Timestep 3045
3442 ; 0 ; 0 ; 1 ; 37 ; 161 ; 2 ; 

Timestep 3046

Timestep 3047

Timestep 3048

Timestep 3049
3356 ; 0 ; 0 ; 1 ; 12 ; 50 ; 3 ; 

Timestep 3050

Timestep 3051
3306 ; 0 ; 0 ; 1 ; 13 ; 57 ; 3 ; 

Timestep 3052
3452 ; 0 ; 0 ; 1 ; 10 ; 38 ; 2 ; 

Timestep 3053

Timestep 3054
3246 ; 0 ; 0 ; 1 ; 42 ; 187 ; 2 ; 

Timestep 3055

Timestep 3056
3435 ; 0 ; 0 ; 1 ; 35 ; 145 ; 2 ; 

Timestep 3057
3293 ; 0 ; 0 ; 1 ; 14 ; 51 ; 3 ; 

Timestep 3058
3445 ; 0 ; 0 ; 1 ; 22 ; 90 ; 2 ; 

Timestep 3059

Timestep 3060

Timestep 3061

Timestep 3062
3106 ; 0 ; 0 ; 1 ; 23 ; 101 ; 2 ; 

Timestep 3063

Timestep 3064
3306 ; 0 ; 0 ; 1 ; 12 ; 53 ; 2 ; 

Timestep 3065
3441 ; 0 ; 0 ; 1 ; 21 ; 95 ; 2 ; 

Timestep 3066

Timestep 3067

Timestep 3068

Timestep 3069
3293 ; 0 ; 0 ; 1 ; 28 ; 118 ; 2 ; 

Timestep 3070

Timestep 3071

Timestep 3072

Timestep 3073
3348 ; 0 ; 0 ; 1 ; 5 ; 17 ; 2 ; 

Timestep 3074

Timestep 3075

Timestep 3076
3306 ; 0 ; 0 ; 1 ; 28 ; 118 ; 2 ; 

Timestep 3077
3086 ; 0 ; 0 ; 1 ; 10 ; 40 ; 2 ; 

Timestep 3078
3348 ; 0 ; 0 ; 1 ; 14 ; 57 ; 3 ; 

Timestep 3079
3445 ; 0 ; 0 ; 1 ; 21 ; 92 ; 2 ; 

Timestep 3080

Timestep 3081

Timestep 3082

Timestep 3083

Timestep 3084

Timestep 3085
3441 ; 0 ; 0 ; 1 ; 65 ; 185 ; 4 ; 

Timestep 3086
3442 ; 0 ; 0 ; 1 ; 19 ; 84 ; 1 ; 

Timestep 3087

Timestep 3088

Timestep 3089

Timestep 3090

Timestep 3091

Timestep 3092

Timestep 3093

Timestep 3094

Timestep 3095
3441 ; 0 ; 0 ; 1 ; 17 ; 69 ; 4 ; 

Timestep 3096

Timestep 3097
3343 ; 0 ; 0 ; 1 ; 25 ; 88 ; 3 ; 

Timestep 3098
3248 ; 0 ; 0 ; 1 ; 10 ; 39 ; 3 ; 

Timestep 3099

Timestep 3100
3436 ; 0 ; 0 ; 1 ; 28 ; 118 ; 2 ; 

Timestep 3101

Timestep 3102
3430 ; 0 ; 0 ; 1 ; 53 ; 230 ; 6 ; 

Timestep 3103

Timestep 3104

Timestep 3105
3306 ; 0 ; 0 ; 1 ; 12 ; 46 ; 3 ; 

Timestep 3106

Timestep 3107

Timestep 3108
3424 ; 0 ; 0 ; 1 ; 31 ; 129 ; 2 ; 

Timestep 3109

Timestep 3110

Timestep 3111
3248 ; 0 ; 0 ; 1 ; 24 ; 100 ; 3 ; 

Timestep 3112

Timestep 3113

Timestep 3114
3343 ; 0 ; 0 ; 1 ; 38 ; 161 ; 3 ; 

Timestep 3115

Timestep 3116
3308 ; 0 ; 0 ; 1 ; 16 ; 53 ; 3 ; 

Timestep 3117

Timestep 3118

Timestep 3119

Timestep 3120

Timestep 3121
3131 ; 0 ; 0 ; 1 ; 11 ; 50 ; 3 ; 

Timestep 3122
3421 ; 0 ; 0 ; 1 ; 21 ; 91 ; 3 ; 

Timestep 3123

Timestep 3124

Timestep 3125
3143 ; 0 ; 0 ; 1 ; 19 ; 79 ; 2 ; 

Timestep 3126

Timestep 3127
3436 ; 0 ; 0 ; 1 ; 21 ; 101 ; 3 ; 

Timestep 3128

Timestep 3129

Timestep 3130
3308 ; 0 ; 0 ; 1 ; 21 ; 87 ; 2 ; 

Timestep 3131

Timestep 3132
3293 ; 0 ; 0 ; 1 ; 26 ; 115 ; 4 ; 

Timestep 3133
3343 ; 0 ; 0 ; 1 ; 2 ; 6 ; 6 ; 

Timestep 3134
3248 ; 0 ; 0 ; 1 ; 16 ; 63 ; 3 ; 

Timestep 3135

Timestep 3136

Timestep 3137

Timestep 3138
3424 ; 0 ; 0 ; 1 ; 17 ; 75 ; 3 ; 

Timestep 3139

Timestep 3140
3343 ; 0 ; 0 ; 1 ; 13 ; 57 ; 3 ; 

Timestep 3141

Timestep 3142

Timestep 3143
3430 ; 0 ; 0 ; 1 ; 28 ; 115 ; 3 ; 

Timestep 3144

Timestep 3145

Timestep 3146

Timestep 3147
3416 ; 0 ; 0 ; 1 ; 27 ; 114 ; 3 ; 

Timestep 3148

Timestep 3149

Timestep 3150
3308 ; 0 ; 0 ; 1 ; 29 ; 132 ; 2 ; 

Timestep 3151
3248 ; 0 ; 0 ; 1 ; 24 ; 97 ; 4 ; 

Timestep 3152
3396 ; 0 ; 0 ; 1 ; 27 ; 111 ; 3 ; 

Timestep 3153

Timestep 3154

Timestep 3155

Timestep 3156
3174 ; 0 ; 0 ; 1 ; 19 ; 73 ; 2 ; 

Timestep 3157
3293 ; 0 ; 0 ; 1 ; 15 ; 58 ; 2 ; 

Timestep 3158
3424 ; 0 ; 0 ; 1 ; 26 ; 103 ; 3 ; 

Timestep 3159

Timestep 3160

Timestep 3161

Timestep 3162

Timestep 3163
3343 ; 0 ; 0 ; 1 ; 9 ; 41 ; 2 ; 

Timestep 3164

Timestep 3165

Timestep 3166
3201 ; 0 ; 0 ; 1 ; 36 ; 156 ; 2 ; 

Timestep 3167

Timestep 3168

Timestep 3169

Timestep 3170

Timestep 3171
3396 ; 0 ; 0 ; 1 ; 19 ; 83 ; 2 ; 

Timestep 3172
3421 ; 0 ; 0 ; 1 ; 45 ; 182 ; 2 ; 

Timestep 3173

Timestep 3174

Timestep 3175

Timestep 3176
3416 ; 0 ; 0 ; 1 ; 18 ; 73 ; 4 ; 

Timestep 3177

Timestep 3178

Timestep 3179

Timestep 3180
3308 ; 0 ; 0 ; 1 ; 29 ; 124 ; 4 ; 

Timestep 3181
3415 ; 0 ; 0 ; 1 ; 65 ; 264 ; 3 ; 

Timestep 3182
3241 ; 0 ; 0 ; 1 ; 14 ; 58 ; 3 ; 

Timestep 3183

Timestep 3184

Timestep 3185

Timestep 3186

Timestep 3187

Timestep 3188
3195 ; 0 ; 0 ; 1 ; 8 ; 35 ; 3 ; 

Timestep 3189

Timestep 3190
3396 ; 0 ; 0 ; 1 ; 30 ; 127 ; 1 ; 

Timestep 3191

Timestep 3192

Timestep 3193
3295 ; 0 ; 0 ; 1 ; 16 ; 62 ; 2 ; 

Timestep 3194

Timestep 3195

Timestep 3196
3416 ; 0 ; 0 ; 1 ; 25 ; 103 ; 3 ; 

Timestep 3197
3404 ; 0 ; 0 ; 1 ; 52 ; 149 ; 2 ; 

Timestep 3198

Timestep 3199
3241 ; 0 ; 0 ; 1 ; 32 ; 135 ; 2 ; 

Timestep 3200

Timestep 3201

Timestep 3202

Timestep 3203
3347 ; 0 ; 0 ; 1 ; 29 ; 93 ; 2 ; 

Timestep 3204

Timestep 3205

Timestep 3206
3222 ; 0 ; 0 ; 1 ; 17 ; 66 ; 2 ; 

Timestep 3207

Timestep 3208
3308 ; 0 ; 0 ; 1 ; 41 ; 178 ; 3 ; 

Timestep 3209

Timestep 3210
3226 ; 0 ; 0 ; 1 ; 30 ; 84 ; 1 ; 

Timestep 3211

Timestep 3212

Timestep 3213

Timestep 3214

Timestep 3215

Timestep 3216

Timestep 3217

Timestep 3218

Timestep 3219
3295 ; 0 ; 0 ; 1 ; 14 ; 66 ; 4 ; 

Timestep 3220
3415 ; 0 ; 0 ; 1 ; 53 ; 227 ; 3 ; 

Timestep 3221
3347 ; 0 ; 0 ; 1 ; 17 ; 67 ; 4 ; 

Timestep 3222
3406 ; 0 ; 0 ; 1 ; 15 ; 62 ; 3 ; 

Timestep 3223
3400 ; 0 ; 0 ; 1 ; 38 ; 167 ; 2 ; 

Timestep 3224

Timestep 3225

Timestep 3226

Timestep 3227

Timestep 3228

Timestep 3229

Timestep 3230

Timestep 3231

Timestep 3232

Timestep 3233
3295 ; 0 ; 0 ; 1 ; 11 ; 47 ; 3 ; 

Timestep 3234
3248 ; 0 ; 0 ; 1 ; 23 ; 97 ; 3 ; 

Timestep 3235

Timestep 3236

Timestep 3237
3370 ; 0 ; 0 ; 1 ; 9 ; 34 ; 2 ; 

Timestep 3238

Timestep 3239

Timestep 3240
3385 ; 0 ; 0 ; 1 ; 25 ; 106 ; 2 ; 

Timestep 3241

Timestep 3242
3308 ; 0 ; 0 ; 1 ; 14 ; 45 ; 3 ; 

Timestep 3243

Timestep 3244
3345 ; 0 ; 0 ; 1 ; 27 ; 121 ; 3 ; 

Timestep 3245

Timestep 3246
3350 ; 0 ; 0 ; 1 ; 6 ; 24 ; 2 ; 

Timestep 3247

Timestep 3248
3295 ; 0 ; 0 ; 1 ; 82 ; 288 ; 2 ; 

Timestep 3249

Timestep 3250

Timestep 3251

Timestep 3252

Timestep 3253
3350 ; 0 ; 0 ; 1 ; 39 ; 163 ; 2 ; 

Timestep 3254
3369 ; 0 ; 0 ; 1 ; 26 ; 110 ; 2 ; 

Timestep 3255
3268 ; 0 ; 0 ; 1 ; 14 ; 54 ; 2 ; 

Timestep 3256

Timestep 3257

Timestep 3258
3308 ; 0 ; 0 ; 1 ; 15 ; 59 ; 1 ; 

Timestep 3259

Timestep 3260
3385 ; 0 ; 0 ; 1 ; 30 ; 134 ; 2 ; 

Timestep 3261

Timestep 3262

Timestep 3263
3385 ; 0 ; 0 ; 1 ; 17 ; 74 ; 5 ; 

Timestep 3264

Timestep 3265

Timestep 3266

Timestep 3267
3350 ; 0 ; 0 ; 1 ; 12 ; 38 ; 4 ; 

Timestep 3268

Timestep 3269

Timestep 3270

Timestep 3271

Timestep 3272
3345 ; 0 ; 0 ; 1 ; 20 ; 90 ; 3 ; 

Timestep 3273
3288 ; 0 ; 0 ; 1 ; 22 ; 75 ; 2 ; 

Timestep 3274
3308 ; 0 ; 0 ; 1 ; 11 ; 46 ; 2 ; 

Timestep 3275

Timestep 3276

Timestep 3277

Timestep 3278

Timestep 3279
3374 ; 0 ; 0 ; 1 ; 47 ; 207 ; 5 ; 

Timestep 3280

Timestep 3281
3352 ; 0 ; 0 ; 1 ; 16 ; 64 ; 3 ; 

Timestep 3282

Timestep 3283

Timestep 3284
3295 ; 0 ; 0 ; 1 ; 15 ; 53 ; 3 ; 

Timestep 3285
3302 ; 0 ; 0 ; 1 ; 6 ; 21 ; 3 ; 

Timestep 3286
3369 ; 0 ; 0 ; 1 ; 23 ; 92 ; 3 ; 

Timestep 3287
3374 ; 0 ; 0 ; 1 ; 14 ; 61 ; 4 ; 

Timestep 3288

Timestep 3289

Timestep 3290
3370 ; 0 ; 0 ; 1 ; 36 ; 147 ; 6 ; 
3302 ; 0 ; 0 ; 1 ; 28 ; 86 ; 4 ; 

Timestep 3291

Timestep 3292
3345 ; 0 ; 0 ; 1 ; 31 ; 127 ; 4 ; 

Timestep 3293

Timestep 3294

Timestep 3295

Timestep 3296
3352 ; 0 ; 0 ; 1 ; 22 ; 85 ; 4 ; 

Timestep 3297

Timestep 3298

Timestep 3299

Timestep 3300

Timestep 3301

Timestep 3302
3363 ; 0 ; 0 ; 1 ; 5 ; 17 ; 4 ; 

Timestep 3303

Timestep 3304

Timestep 3305

Timestep 3306
3363 ; 0 ; 0 ; 1 ; 41 ; 168 ; 3 ; 

Timestep 3307

Timestep 3308
3343 ; 0 ; 0 ; 1 ; 28 ; 115 ; 2 ; 

Timestep 3309

Timestep 3310

Timestep 3311

Timestep 3312

Timestep 3313

Timestep 3314

Timestep 3315
3345 ; 0 ; 0 ; 1 ; 37 ; 148 ; 2 ; 

Timestep 3316

Timestep 3317
3352 ; 0 ; 0 ; 1 ; 9 ; 40 ; 4 ; 

Timestep 3318
3324 ; 0 ; 0 ; 1 ; 7 ; 25 ; 3 ; 

Timestep 3319

Timestep 3320

Timestep 3321

Timestep 3322

Timestep 3323

Timestep 3324
3342 ; 0 ; 0 ; 1 ; 29 ; 93 ; 4 ; 

Timestep 3325

Timestep 3326
3345 ; 0 ; 0 ; 1 ; 20 ; 80 ; 2 ; 

Timestep 3327

Timestep 3328

Timestep 3329

Timestep 3330
3355 ; 0 ; 0 ; 1 ; 26 ; 111 ; 4 ; 

Timestep 3331
3338 ; 0 ; 0 ; 1 ; 8 ; 32 ; 1 ; 

Timestep 3332

Timestep 3333
3357 ; 0 ; 0 ; 1 ; 25 ; 105 ; 4 ; 

Timestep 3334
3352 ; 0 ; 0 ; 1 ; 19 ; 76 ; 2 ; 

Timestep 3335

Timestep 3336

Timestep 3337

Timestep 3338

Timestep 3339
3345 ; 0 ; 0 ; 1 ; 7 ; 29 ; 3 ; 

Timestep 3340

Timestep 3341

Timestep 3342

Timestep 3343

Timestep 3344

Timestep 3345

Timestep 3346

Timestep 3347

Timestep 3348

Timestep 3349

Timestep 3350

Timestep 3351

Timestep 3352

Timestep 3353

Timestep 3354

Timestep 3355

Timestep 3356

Timestep 3357
Finished all tasks. Makespan: 3357
Wall time: 377.12 seconds
