162,338
20196
1000
50000
eeeeeeeeeeeeeeeeeeeeeeeeeeeeeeeeeeeeeeeeeeeeeeeeeeeeeeeeeeeeeeeeeeeeeeeeeeeeeeeeeeeeeeeeeeeeeeeeeeeeeeeeeeeeeeeeeeeeeeeeeeeeeeeeeeeeeeeeeeeeeeeeeeeeeeeeeeeeeeeeeeeeeeeeeeeeeeeeeeeeeeeeeeeeeeeeeeeeeeeeeeeeeeeeeeeeeeeeeeeeeeeeeeeeeeeeeeeeeeeeeeeeeeeeeeeeeeeeeeeeeeeeeeeeeeeeeeeeeeeeeeeeeeeeeeeeeeeeeeeeeeeeeeeeeeeeeeeeeeeeeeeeeeeeeeeeeeeeee
e..r..............r...r.....r.....................eeeeeeeeee..eeeeeeeeee..eeeeeeeeee..eeeeeeeeee..eeeeeeeeee..eeeeeeeeee..eeeeeeeeee..eeeeeeeeee..eeeeeeeeee..eeeeeeeeee..eeeeeeeeee..eeeeeeeeee..eeeeeeeeee..eeeeeeeeee..eeeeeeeeee..eeeeeeeeee.reeeeeeeeee..eeeeeeeeee..eeeeeeeeee..eeeeeeeeee..............................r..................e
e................................................e@@@@@@@@@@ee@@@@@@@@@@ee@@@@@@@@@@ee@@@@@@@@@@ee@@@@@@@@@@ee@@@@@@@@@@ee@@@@@@@@@@ee@@@@@@@@@@ee@@@@@@@@@@ee@@@@@@@@@@ee@@@@@@@@@@ee@@@@@@@@@@ee@@@@@@@@@@ee@@@@@@@@@@ee@@@@@@@@@@ee@@@@@@@@@@ee@@@@@@@@@@ee@@@@@@@@@@ee@@@@@@@@@@ee@@@@@@@@@@e................................................e
e.......r................................r.......e@@@@@@@@@@ee@@@@@@@@@@ee@@@@@@@@@@ee@@@@@@@@@@ee@@@@@@@@@@ee@@@@@@@@@@ee@@@@@@@@@@ee@@@@@@@@@@ee@@@@@@@@@@ee@@@@@@@@@@ee@@@@@@@@@@ee@@@@@@@@@@ee@@@@@@@@@@ee@@@@@@@@@@ee@@@@@@@@@@ee@@@@@@@@@@ee@@@@@@@@@@ee@@@@@@@@@@ee@@@@@@@@@@ee@@@@@@@@@@e...............................................re
e......r..r.r.....................................eeeeeeeeee..eeeeeeeeee..eeeeeeeeee..eeeeeeeeeer.eeeeeeeeee..eeeeeeeeee..eeeeeeeeee..eeeeeeeeeer.eeeeeeeeee..eeeeeeeeee..eeeeeeeeee..eeeeeeeeee..eeeeeeeeee.reeeeeeeeee..eeeeeeeeee..eeeeeeeeee..eeeeeeeeee..eeeeeeeeee..eeeeeeeeee.reeeeeeeeee............................r....................e
er..........r....r.................r...r.....r....eeeeeeeeee..eeeeeeeeee..eeeeeeeeee..eeeeeeeeee..eeeeeeeeee..eeeeeeeeee..eeeeeeeeee..eeeeeeeeee..eeeeeeeeee..eeeeeeeeee..eeeeeeeeee..eeeeeeeeee..eeeeeeeeee..eeeeeeeeeer.eeeeeeeeee..eeeeeeeeee..eeeeeeeeee..eeeeeeeeee..eeeeeeeeee..eeeeeeeeee..r...r.............r........................r...e
e........r..r..............................r.....e@@@@@@@@@@ee@@@@@@@@@@ee@@@@@@@@@@ee@@@@@@@@@@ee@@@@@@@@@@ee@@@@@@@@@@ee@@@@@@@@@@ee@@@@@@@@@@ee@@@@@@@@@@ee@@@@@@@@@@ee@@@@@@@@@@ee@@@@@@@@@@ee@@@@@@@@@@ee@@@@@@@@@@ee@@@@@@@@@@ee@@@@@@@@@@ee@@@@@@@@@@ee@@@@@@@@@@ee@@@@@@@@@@ee@@@@@@@@@@er...r...........................................e
e..............................................rre@@@@@@@@@@ee@@@@@@@@@@ee@@@@@@@@@@ee@@@@@@@@@@ee@@@@@@@@@@ee@@@@@@@@@@ee@@@@@@@@@@ee@@@@@@@@@@ee@@@@@@@@@@ee@@@@@@@@@@ee@@@@@@@@@@ee@@@@@@@@@@ee@@@@@@@@@@ee@@@@@@@@@@ee@@@@@@@@@@ee@@@@@@@@@@ee@@@@@@@@@@ee@@@@@@@@@@ee@@@@@@@@@@ee@@@@@@@@@@e..r.............................................e
e.................r.....r......r..................eeeeeeeeee..eeeeeeeeee..eeeeeeeeee.reeeeeeeeee..eeeeeeeeee..eeeeeeeeee..eeeeeeeeee..eeeeeeeeee..eeeeeeeeee..eeeeeeeeee..eeeeeeeeee..eeeeeeeeee..eeeeeeeeee..eeeeeeeeee..eeeeeeeeee..eeeeeeeeee..eeeeeeeeee..eeeeeeeeee..eeeeeeeeee..eeeeeeeeee.......r.........................................e
e...........r........r.r......................r.r.eeeeeeeeee..eeeeeeeeee..eeeeeeeeee..eeeeeeeeee.reeeeeeeeee..eeeeeeeeee..eeeeeeeeee..eeeeeeeeee.reeeeeeeeee..eeeeeeeeee..eeeeeeeeee..eeeeeeeeee..eeeeeeeeee..eeeeeeeeee.reeeeeeeeee..eeeeeeeeee..eeeeeeeeee..eeeeeeeeee..eeeeeeeeee..eeeeeeeeee.r.......r........................r.........r....e
e.............................r......r..........re@@@@@@@@@@ee@@@@@@@@@@ee@@@@@@@@@@ee@@@@@@@@@@ee@@@@@@@@@@ee@@@@@@@@@@ee@@@@@@@@@@ee@@@@@@@@@@ee@@@@@@@@@@ee@@@@@@@@@@ee@@@@@@@@@@ee@@@@@@@@@@ee@@@@@@@@@@ee@@@@@@@@@@ee@@@@@@@@@@ee@@@@@@@@@@ee@@@@@@@@@@ee@@@@@@@@@@ee@@@@@@@@@@ee@@@@@@@@@@e...................r.rr.....r.................r.e
e................................r...........r...e@@@@@@@@@@ee@@@@@@@@@@ee@@@@@@@@@@ee@@@@@@@@@@ee@@@@@@@@@@ee@@@@@@@@@@ee@@@@@@@@@@ee@@@@@@@@@@ee@@@@@@@@@@ee@@@@@@@@@@ee@@@@@@@@@@ee@@@@@@@@@@ee@@@@@@@@@@ee@@@@@@@@@@ee@@@@@@@@@@ee@@@@@@@@@@ee@@@@@@@@@@ee@@@@@@@@@@ee@@@@@@@@@@ee@@@@@@@@@@e.....r.................................r........e
e............................r....r...............eeeeeeeeee..eeeeeeeeee..eeeeeeeeee..eeeeeeeeee..eeeeeeeeee..eeeeeeeeee..eeeeeeeeee..eeeeeeeeee..eeeeeeeeee..eeeeeeeeee..eeeeeeeeee..eeeeeeeeee..eeeeeeeeee..eeeeeeeeee..eeeeeeeeee..eeeeeeeeee..eeeeeeeeee..eeeeeeeeee..eeeeeeeeeer.eeeeeeeeee...............rr................................e
e.............................................r.r.eeeeeeeeee..eeeeeeeeee..eeeeeeeeee..eeeeeeeeee..eeeeeeeeee..eeeeeeeeee..eeeeeeeeee..eeeeeeeeee..eeeeeeeeee..eeeeeeeeee..eeeeeeeeee..eeeeeeeeee..eeeeeeeeee.reeeeeeeeee..eeeeeeeeee..eeeeeeeeee..eeeeeeeeee..eeeeeeeeee..eeeeeeeeee..eeeeeeeeeer.....................................r..........e
e............r...................................e@@@@@@@@@@ee@@@@@@@@@@ee@@@@@@@@@@ee@@@@@@@@@@ee@@@@@@@@@@ee@@@@@@@@@@ee@@@@@@@@@@ee@@@@@@@@@@ee@@@@@@@@@@ee@@@@@@@@@@ee@@@@@@@@@@ee@@@@@@@@@@ee@@@@@@@@@@ee@@@@@@@@@@ee@@@@@@@@@@ee@@@@@@@@@@ee@@@@@@@@@@ee@@@@@@@@@@ee@@@@@@@@@@ee@@@@@@@@@@e.....................r....r..........r..........e
e.............r......r.....rr...r....r.......r...e@@@@@@@@@@ee@@@@@@@@@@ee@@@@@@@@@@ee@@@@@@@@@@ee@@@@@@@@@@ee@@@@@@@@@@ee@@@@@@@@@@ee@@@@@@@@@@ee@@@@@@@@@@ee@@@@@@@@@@ee@@@@@@@@@@ee@@@@@@@@@@ee@@@@@@@@@@ee@@@@@@@@@@ee@@@@@@@@@@ee@@@@@@@@@@ee@@@@@@@@@@ee@@@@@@@@@@ee@@@@@@@@@@ee@@@@@@@@@@e...............r..............rr................e
e.................................................eeeeeeeeee..eeeeeeeeee..eeeeeeeeee..eeeeeeeeee..eeeeeeeeee..eeeeeeeeee..eeeeeeeeee..eeeeeeeeee..eeeeeeeeee..eeeeeeeeee..eeeeeeeeee..eeeeeeeeee..eeeeeeeeee..eeeeeeeeee..eeeeeeeeee..eeeeeeeeeer.eeeeeeeeee..eeeeeeeeee..eeeeeeeeee..eeeeeeeeeer....r................................r..........e
e....r...r.........r............................r.eeeeeeeeee..eeeeeeeeee..eeeeeeeeee..eeeeeeeeee..eeeeeeeeee..eeeeeeeeee..eeeeeeeeee..eeeeeeeeee..eeeeeeeeee.reeeeeeeeee..eeeeeeeeee..eeeeeeeeee..eeeeeeeeee..eeeeeeeeee..eeeeeeeeee..eeeeeeeeee..eeeeeeeeee..eeeeeeeeee..eeeeeeeeee..eeeeeeeeee........r....r.......................r...........e
e......................r........r................e@@@@@@@@@@ee@@@@@@@@@@ee@@@@@@@@@@ee@@@@@@@@@@ee@@@@@@@@@@ee@@@@@@@@@@ee@@@@@@@@@@ee@@@@@@@@@@ee@@@@@@@@@@ee@@@@@@@@@@ee@@@@@@@@@@ee@@@@@@@@@@ee@@@@@@@@@@ee@@@@@@@@@@ee@@@@@@@@@@ee@@@@@@@@@@ee@@@@@@@@@@ee@@@@@@@@@@ee@@@@@@@@@@ee@@@@@@@@@@e.....................................r..........e
e.....r..........................................e@@@@@@@@@@ee@@@@@@@@@@ee@@@@@@@@@@ee@@@@@@@@@@ee@@@@@@@@@@ee@@@@@@@@@@ee@@@@@@@@@@ee@@@@@@@@@@ee@@@@@@@@@@ee@@@@@@@@@@ee@@@@@@@@@@ee@@@@@@@@@@ee@@@@@@@@@@ee@@@@@@@@@@ee@@@@@@@@@@ee@@@@@@@@@@ee@@@@@@@@@@ee@@@@@@@@@@ee@@@@@@@@@@ee@@@@@@@@@@e..........................................r.....e
e...............................................r.eeeeeeeeee..eeeeeeeeee..eeeeeeeeee..eeeeeeeeeer.eeeeeeeeee..eeeeeeeeee..eeeeeeeeee..eeeeeeeeee..eeeeeeeeee..eeeeeeeeee.reeeeeeeeee..eeeeeeeeee..eeeeeeeeee..eeeeeeeeee..eeeeeeeeee..eeeeeeeeee..eeeeeeeeee..eeeeeeeeee..eeeeeeeeee..eeeeeeeeee......r...........r....r.........................e
e..................r.....r.........r.r.r...r...r..eeeeeeeeee..eeeeeeeeee..eeeeeeeeee..eeeeeeeeee..eeeeeeeeee..eeeeeeeeee..eeeeeeeeee..eeeeeeeeee..eeeeeeeeee..eeeeeeeeee..eeeeeeeeee..eeeeeeeeee..eeeeeeeeee..eeeeeeeeee..eeeeeeeeee..eeeeeeeeee..eeeeeeeeee..eeeeeeeeee..eeeeeeeeee..eeeeeeeeee.................................................e
e...................................rr...........e@@@@@@@@@@ee@@@@@@@@@@ee@@@@@@@@@@ee@@@@@@@@@@ee@@@@@@@@@@ee@@@@@@@@@@ee@@@@@@@@@@ee@@@@@@@@@@ee@@@@@@@@@@ee@@@@@@@@@@ee@@@@@@@@@@ee@@@@@@@@@@ee@@@@@@@@@@ee@@@@@@@@@@ee@@@@@@@@@@ee@@@@@@@@@@ee@@@@@@@@@@ee@@@@@@@@@@ee@@@@@@@@@@ee@@@@@@@@@@e...............................r................e
e..............r...r.............................e@@@@@@@@@@ee@@@@@@@@@@ee@@@@@@@@@@ee@@@@@@@@@@ee@@@@@@@@@@ee@@@@@@@@@@ee@@@@@@@@@@ee@@@@@@@@@@ee@@@@@@@@@@ee@@@@@@@@@@ee@@@@@@@@@@ee@@@@@@@@@@ee@@@@@@@@@@ee@@@@@@@@@@ee@@@@@@@@@@ee@@@@@@@@@@ee@@@@@@@@@@ee@@@@@@@@@@ee@@@@@@@@@@ee@@@@@@@@@@e................................r...............e
e.....................r......r.r.r..r.............eeeeeeeeee..eeeeeeeeee..eeeeeeeeee..eeeeeeeeee..eeeeeeeeee..eeeeeeeeee..eeeeeeeeee..eeeeeeeeee..eeeeeeeeee..eeeeeeeeee..eeeeeeeeee..eeeeeeeeee..eeeeeeeeee.reeeeeeeeee.reeeeeeeeee..eeeeeeeeee..eeeeeeeeee.reeeeeeeeee..eeeeeeeeee..eeeeeeeeee..................r......r.......................e
e.....r.............r.........................r...eeeeeeeeee..eeeeeeeeee..eeeeeeeeee..eeeeeeeeee..eeeeeeeeee..eeeeeeeeee..eeeeeeeeee..eeeeeeeeee..eeeeeeeeeer.eeeeeeeeee..eeeeeeeeee..eeeeeeeeee..eeeeeeeeee..eeeeeeeeee..eeeeeeeeee..eeeeeeeeee..eeeeeeeeee..eeeeeeeeee..eeeeeeeeee..eeeeeeeeee.......r......r.......r..........................e
e..................................r.............e@@@@@@@@@@ee@@@@@@@@@@ee@@@@@@@@@@ee@@@@@@@@@@ee@@@@@@@@@@ee@@@@@@@@@@ee@@@@@@@@@@ee@@@@@@@@@@ee@@@@@@@@@@ee@@@@@@@@@@ee@@@@@@@@@@ee@@@@@@@@@@ee@@@@@@@@@@ee@@@@@@@@@@ee@@@@@@@@@@ee@@@@@@@@@@ee@@@@@@@@@@ee@@@@@@@@@@ee@@@@@@@@@@ee@@@@@@@@@@e...r.......r..r...................r......r......e
e............r......r.....................r......e@@@@@@@@@@ee@@@@@@@@@@ee@@@@@@@@@@ee@@@@@@@@@@ee@@@@@@@@@@ee@@@@@@@@@@ee@@@@@@@@@@ee@@@@@@@@@@ee@@@@@@@@@@ee@@@@@@@@@@ee@@@@@@@@@@ee@@@@@@@@@@ee@@@@@@@@@@ee@@@@@@@@@@ee@@@@@@@@@@ee@@@@@@@@@@ee@@@@@@@@@@ee@@@@@@@@@@ee@@@@@@@@@@ee@@@@@@@@@@e................................................e
e.........rr..r...r...............................eeeeeeeeee..eeeeeeeeee..eeeeeeeeee..eeeeeeeeee..eeeeeeeeee..eeeeeeeeee..eeeeeeeeeer.eeeeeeeeee..eeeeeeeeee..eeeeeeeeee..eeeeeeeeee..eeeeeeeeee..eeeeeeeeee..eeeeeeeeee..eeeeeeeeee.reeeeeeeeee..eeeeeeeeee..eeeeeeeeee..eeeeeeeeee..eeeeeeeeee...r.r..........r...........................r....e
e..............................r..................eeeeeeeeee..eeeeeeeeee..eeeeeeeeeerreeeeeeeeee..eeeeeeeeee..eeeeeeeeee..eeeeeeeeee..eeeeeeeeee..eeeeeeeeee..eeeeeeeeee..eeeeeeeeee..eeeeeeeeee..eeeeeeeeee..eeeeeeeeee..eeeeeeeeee..eeeeeeeeee..eeeeeeeeee..eeeeeeeeee..eeeeeeeeee..eeeeeeeeee..................................r..............e
e.....r...........................r..............e@@@@@@@@@@ee@@@@@@@@@@ee@@@@@@@@@@ee@@@@@@@@@@ee@@@@@@@@@@ee@@@@@@@@@@ee@@@@@@@@@@ee@@@@@@@@@@ee@@@@@@@@@@ee@@@@@@@@@@ee@@@@@@@@@@ee@@@@@@@@@@ee@@@@@@@@@@ee@@@@@@@@@@ee@@@@@@@@@@ee@@@@@@@@@@ee@@@@@@@@@@ee@@@@@@@@@@ee@@@@@@@@@@ee@@@@@@@@@@e....r.....r.................r..r..........r.....e
e...r................r...........................e@@@@@@@@@@ee@@@@@@@@@@ee@@@@@@@@@@ee@@@@@@@@@@ee@@@@@@@@@@ee@@@@@@@@@@ee@@@@@@@@@@ee@@@@@@@@@@ee@@@@@@@@@@ee@@@@@@@@@@ee@@@@@@@@@@ee@@@@@@@@@@ee@@@@@@@@@@ee@@@@@@@@@@ee@@@@@@@@@@ee@@@@@@@@@@ee@@@@@@@@@@ee@@@@@@@@@@ee@@@@@@@@@@ee@@@@@@@@@@e..........r.........r..r....r..........r........e
e...r.........................r...................eeeeeeeeee..eeeeeeeeee..eeeeeeeeee..eeeeeeeeee..eeeeeeeeee..eeeeeeeeee..eeeeeeeeee..eeeeeeeeee..eeeeeeeeee..eeeeeeeeee..eeeeeeeeee..eeeeeeeeee..eeeeeeeeee..eeeeeeeeee..eeeeeeeeee..eeeeeeeeee..eeeeeeeeee..eeeeeeeeee..eeeeeeeeee..eeeeeeeeee.......r.........................................e
e............................rr.......r.......r...eeeeeeeeee..eeeeeeeeee..eeeeeeeeee..eeeeeeeeee..eeeeeeeeeer.eeeeeeeeee.reeeeeeeeee..eeeeeeeeee..eeeeeeeeee..eeeeeeeeee..eeeeeeeeee..eeeeeeeeee..eeeeeeeeee..eeeeeeeeee..eeeeeeeeee..eeeeeeeeee..eeeeeeeeee..eeeeeeeeee..eeeeeeeeee..eeeeeeeeee...........................r.r...................e
e...r.............................r..............e@@@@@@@@@@ee@@@@@@@@@@ee@@@@@@@@@@ee@@@@@@@@@@ee@@@@@@@@@@ee@@@@@@@@@@ee@@@@@@@@@@ee@@@@@@@@@@ee@@@@@@@@@@ee@@@@@@@@@@ee@@@@@@@@@@ee@@@@@@@@@@ee@@@@@@@@@@ee@@@@@@@@@@ee@@@@@@@@@@ee@@@@@@@@@@ee@@@@@@@@@@ee@@@@@@@@@@ee@@@@@@@@@@ee@@@@@@@@@@e..................r.............................e
e......................r......................r..e@@@@@@@@@@ee@@@@@@@@@@ee@@@@@@@@@@ee@@@@@@@@@@ee@@@@@@@@@@ee@@@@@@@@@@ee@@@@@@@@@@ee@@@@@@@@@@ee@@@@@@@@@@ee@@@@@@@@@@ee@@@@@@@@@@ee@@@@@@@@@@ee@@@@@@@@@@ee@@@@@@@@@@ee@@@@@@@@@@ee@@@@@@@@@@ee@@@@@@@@@@ee@@@@@@@@@@ee@@@@@@@@@@ee@@@@@@@@@@e..................r..r.........r................e
e.................................................eeeeeeeeee..eeeeeeeeee..eeeeeeeeee..eeeeeeeeee..eeeeeeeeee..eeeeeeeeee..eeeeeeeeee..eeeeeeeeee..eeeeeeeeee..eeeeeeeeee..eeeeeeeeee.reeeeeeeeee..eeeeeeeeee..eeeeeeeeee..eeeeeeeeee..eeeeeeeeee..eeeeeeeeee..eeeeeeeeee..eeeeeeeeee..eeeeeeeeee...........r.............r..............r.r......e
e....r............r...............r..........r....eeeeeeeeee..eeeeeeeeee..eeeeeeeeee..eeeeeeeeee..eeeeeeeeee..eeeeeeeeee..eeeeeeeeee..eeeeeeeeee.reeeeeeeeee..eeeeeeeeee..eeeeeeeeee..eeeeeeeeee..eeeeeeeeee..eeeeeeeeee..eeeeeeeeee..eeeeeeeeee..eeeeeeeeee..eeeeeeeeeer.eeeeeeeeee..eeeeeeeeee.r........r...............................r......e
e.......r..........r..............r..............e@@@@@@@@@@ee@@@@@@@@@@ee@@@@@@@@@@ee@@@@@@@@@@ee@@@@@@@@@@ee@@@@@@@@@@ee@@@@@@@@@@ee@@@@@@@@@@ee@@@@@@@@@@ee@@@@@@@@@@ee@@@@@@@@@@ee@@@@@@@@@@ee@@@@@@@@@@ee@@@@@@@@@@ee@@@@@@@@@@ee@@@@@@@@@@ee@@@@@@@@@@ee@@@@@@@@@@ee@@@@@@@@@@ee@@@@@@@@@@e......................r....r.................r..e
e....r........r...............r.....rr...........e@@@@@@@@@@ee@@@@@@@@@@ee@@@@@@@@@@ee@@@@@@@@@@ee@@@@@@@@@@ee@@@@@@@@@@ee@@@@@@@@@@ee@@@@@@@@@@ee@@@@@@@@@@ee@@@@@@@@@@ee@@@@@@@@@@ee@@@@@@@@@@ee@@@@@@@@@@ee@@@@@@@@@@ee@@@@@@@@@@ee@@@@@@@@@@ee@@@@@@@@@@ee@@@@@@@@@@ee@@@@@@@@@@ee@@@@@@@@@@e.....r.r...........................r............e
e.r...........r...................................eeeeeeeeee..eeeeeeeeee..eeeeeeeeee..eeeeeeeeee..eeeeeeeeee..eeeeeeeeee..eeeeeeeeee..eeeeeeeeee..eeeeeeeeeer.eeeeeeeeee..eeeeeeeeee..eeeeeeeeee..eeeeeeeeee..eeeeeeeeee..eeeeeeeeee..eeeeeeeeee..eeeeeeeeee..eeeeeeeeee..eeeeeeeeee..eeeeeeeeee.r.r...............r.........................r...e
e.........r...............r......r.........r.r....eeeeeeeeee..eeeeeeeeee..eeeeeeeeee..eeeeeeeeee..eeeeeeeeee..eeeeeeeeee..eeeeeeeeee..eeeeeeeeee..eeeeeeeeee..eeeeeeeeeerreeeeeeeeee..eeeeeeeeee..eeeeeeeeee..eeeeeeeeee..eeeeeeeeee..eeeeeeeeee..eeeeeeeeee..eeeeeeeeee..eeeeeeeeee..eeeeeeeeeer.......................r........................e
e.....r........r..............................r..e@@@@@@@@@@ee@@@@@@@@@@ee@@@@@@@@@@ee@@@@@@@@@@ee@@@@@@@@@@ee@@@@@@@@@@ee@@@@@@@@@@ee@@@@@@@@@@ee@@@@@@@@@@ee@@@@@@@@@@ee@@@@@@@@@@ee@@@@@@@@@@ee@@@@@@@@@@ee@@@@@@@@@@ee@@@@@@@@@@ee@@@@@@@@@@ee@@@@@@@@@@ee@@@@@@@@@@ee@@@@@@@@@@ee@@@@@@@@@@e.............r..........r.r....r................e
e.........r.................r....................e@@@@@@@@@@ee@@@@@@@@@@ee@@@@@@@@@@ee@@@@@@@@@@ee@@@@@@@@@@ee@@@@@@@@@@ee@@@@@@@@@@ee@@@@@@@@@@ee@@@@@@@@@@ee@@@@@@@@@@ee@@@@@@@@@@ee@@@@@@@@@@ee@@@@@@@@@@ee@@@@@@@@@@ee@@@@@@@@@@ee@@@@@@@@@@ee@@@@@@@@@@ee@@@@@@@@@@ee@@@@@@@@@@ee@@@@@@@@@@e.....r........................r.r...........r...e
e............................r..r......r.......r..eeeeeeeeee..eeeeeeeeee..eeeeeeeeee..eeeeeeeeee..eeeeeeeeee.reeeeeeeeee..eeeeeeeeee..eeeeeeeeee..eeeeeeeeee..eeeeeeeeee..eeeeeeeeee..eeeeeeeeee..eeeeeeeeee..eeeeeeeeee..eeeeeeeeee..eeeeeeeeee..eeeeeeeeee..eeeeeeeeee..eeeeeeeeee..eeeeeeeeee....................................r............e
e..............................................r..eeeeeeeeee..eeeeeeeeee.reeeeeeeeee..eeeeeeeeee..eeeeeeeeee..eeeeeeeeee..eeeeeeeeee..eeeeeeeeee.reeeeeeeeee..eeeeeeeeee..eeeeeeeeee..eeeeeeeeee..eeeeeeeeee..eeeeeeeeee..eeeeeeeeee..eeeeeeeeee..eeeeeeeeee..eeeeeeeeee..eeeeeeeeee..eeeeeeeeee...............................................r.e
e............r........r..........................e@@@@@@@@@@ee@@@@@@@@@@ee@@@@@@@@@@ee@@@@@@@@@@ee@@@@@@@@@@ee@@@@@@@@@@ee@@@@@@@@@@ee@@@@@@@@@@ee@@@@@@@@@@ee@@@@@@@@@@ee@@@@@@@@@@ee@@@@@@@@@@ee@@@@@@@@@@ee@@@@@@@@@@ee@@@@@@@@@@ee@@@@@@@@@@ee@@@@@@@@@@ee@@@@@@@@@@ee@@@@@@@@@@ee@@@@@@@@@@e..r.....r................r.....r.......r........e
e.......r.....r..r..rr...............r...........e@@@@@@@@@@ee@@@@@@@@@@ee@@@@@@@@@@ee@@@@@@@@@@ee@@@@@@@@@@ee@@@@@@@@@@ee@@@@@@@@@@ee@@@@@@@@@@ee@@@@@@@@@@ee@@@@@@@@@@ee@@@@@@@@@@ee@@@@@@@@@@ee@@@@@@@@@@ee@@@@@@@@@@ee@@@@@@@@@@ee@@@@@@@@@@ee@@@@@@@@@@ee@@@@@@@@@@ee@@@@@@@@@@ee@@@@@@@@@@e............................................r...e
e.........................................r.......eeeeeeeeee..eeeeeeeeeer.eeeeeeeeee..eeeeeeeeee..eeeeeeeeee..eeeeeeeeee..eeeeeeeeee..eeeeeeeeee..eeeeeeeeee..eeeeeeeeee..eeeeeeeeee..eeeeeeeeee..eeeeeeeeee..eeeeeeeeeer.eeeeeeeeee..eeeeeeeeee..eeeeeeeeee..eeeeeeeeee..eeeeeeeeee..eeeeeeeeee.........rr...........r......r...................e
e.........................................r.......eeeeeeeeee..eeeeeeeeee..eeeeeeeeee..eeeeeeeeee..eeeeeeeeee..eeeeeeeeee..eeeeeeeeee..eeeeeeeeee..eeeeeeeeee..eeeeeeeeee..eeeeeeeeee..eeeeeeeeee..eeeeeeeeee..eeeeeeeeee..eeeeeeeeee..eeeeeeeeee..eeeeeeeeee..eeeeeeeeee..eeeeeeeeee..eeeeeeeeee....................................r...r........e
e.................r..............................e@@@@@@@@@@ee@@@@@@@@@@ee@@@@@@@@@@ee@@@@@@@@@@ee@@@@@@@@@@ee@@@@@@@@@@ee@@@@@@@@@@ee@@@@@@@@@@ee@@@@@@@@@@ee@@@@@@@@@@ee@@@@@@@@@@ee@@@@@@@@@@ee@@@@@@@@@@ee@@@@@@@@@@ee@@@@@@@@@@ee@@@@@@@@@@ee@@@@@@@@@@ee@@@@@@@@@@ee@@@@@@@@@@ee@@@@@@@@@@e........................r.......r...............e
e.......................r.......r................e@@@@@@@@@@ee@@@@@@@@@@ee@@@@@@@@@@ee@@@@@@@@@@ee@@@@@@@@@@ee@@@@@@@@@@ee@@@@@@@@@@ee@@@@@@@@@@ee@@@@@@@@@@ee@@@@@@@@@@ee@@@@@@@@@@ee@@@@@@@@@@ee@@@@@@@@@@ee@@@@@@@@@@ee@@@@@@@@@@ee@@@@@@@@@@ee@@@@@@@@@@ee@@@@@@@@@@ee@@@@@@@@@@ee@@@@@@@@@@e..........................r......r............rre
e.....r..r........r....r..............r.....r.....eeeeeeeeee..eeeeeeeeeer.eeeeeeeeee..eeeeeeeeee..eeeeeeeeee..eeeeeeeeee..eeeeeeeeee..eeeeeeeeee.reeeeeeeeee..eeeeeeeeee..eeeeeeeeee.reeeeeeeeee..eeeeeeeeee..eeeeeeeeee..eeeeeeeeee..eeeeeeeeee..eeeeeeeeeer.eeeeeeeeee..eeeeeeeeee..eeeeeeeeee........r.........................r...........r..e
e..r..........................r...................eeeeeeeeee..eeeeeeeeeer.eeeeeeeeee..eeeeeeeeee..eeeeeeeeee..eeeeeeeeee.reeeeeeeeeer.eeeeeeeeee..eeeeeeeeee..eeeeeeeeee..eeeeeeeeee..eeeeeeeeee.reeeeeeeeee..eeeeeeeeee..eeeeeeeeee..eeeeeeeeee..eeeeeeeeee..eeeeeeeeee..eeeeeeeeee..eeeeeeeeee..r.r..r.........r.......................r.....r.e
e......................r.................r...r...e@@@@@@@@@@ee@@@@@@@@@@ee@@@@@@@@@@ee@@@@@@@@@@ee@@@@@@@@@@ee@@@@@@@@@@ee@@@@@@@@@@ee@@@@@@@@@@ee@@@@@@@@@@ee@@@@@@@@@@ee@@@@@@@@@@ee@@@@@@@@@@ee@@@@@@@@@@ee@@@@@@@@@@ee@@@@@@@@@@ee@@@@@@@@@@ee@@@@@@@@@@ee@@@@@@@@@@ee@@@@@@@@@@ee@@@@@@@@@@e..................r............................re
e................................................e@@@@@@@@@@ee@@@@@@@@@@ee@@@@@@@@@@ee@@@@@@@@@@ee@@@@@@@@@@ee@@@@@@@@@@ee@@@@@@@@@@ee@@@@@@@@@@ee@@@@@@@@@@ee@@@@@@@@@@ee@@@@@@@@@@ee@@@@@@@@@@ee@@@@@@@@@@ee@@@@@@@@@@ee@@@@@@@@@@ee@@@@@@@@@@ee@@@@@@@@@@ee@@@@@@@@@@ee@@@@@@@@@@ee@@@@@@@@@@e.r..............................................e
e....r...rr..........r....r......................reeeeeeeeee..eeeeeeeeee..eeeeeeeeee..eeeeeeeeee..eeeeeeeeee..eeeeeeeeee..eeeeeeeeee..eeeeeeeeee..eeeeeeeeee..eeeeeeeeee..eeeeeeeeee..eeeeeeeeee..eeeeeeeeee..eeeeeeeeee..eeeeeeeeee..eeeeeeeeee..eeeeeeeeee..eeeeeeeeee..eeeeeeeeee..eeeeeeeeee..............................r..r.....r.........e
e................r...............................reeeeeeeeee..eeeeeeeeee..eeeeeeeeee..eeeeeeeeee..eeeeeeeeee..eeeeeeeeee..eeeeeeeeee..eeeeeeeeee..eeeeeeeeee..eeeeeeeeee..eeeeeeeeee..eeeeeeeeee..eeeeeeeeee..eeeeeeeeee.reeeeeeeeee..eeeeeeeeee..eeeeeeeeee..eeeeeeeeee..eeeeeeeeee..eeeeeeeeee.................................................e
er..r....................r.......................e@@@@@@@@@@ee@@@@@@@@@@ee@@@@@@@@@@ee@@@@@@@@@@ee@@@@@@@@@@ee@@@@@@@@@@ee@@@@@@@@@@ee@@@@@@@@@@ee@@@@@@@@@@ee@@@@@@@@@@ee@@@@@@@@@@ee@@@@@@@@@@ee@@@@@@@@@@ee@@@@@@@@@@ee@@@@@@@@@@ee@@@@@@@@@@ee@@@@@@@@@@ee@@@@@@@@@@ee@@@@@@@@@@ee@@@@@@@@@@e..................................r.......rr....e
e.........................................r......e@@@@@@@@@@ee@@@@@@@@@@ee@@@@@@@@@@ee@@@@@@@@@@ee@@@@@@@@@@ee@@@@@@@@@@ee@@@@@@@@@@ee@@@@@@@@@@ee@@@@@@@@@@ee@@@@@@@@@@ee@@@@@@@@@@ee@@@@@@@@@@ee@@@@@@@@@@ee@@@@@@@@@@ee@@@@@@@@@@ee@@@@@@@@@@ee@@@@@@@@@@ee@@@@@@@@@@ee@@@@@@@@@@ee@@@@@@@@@@e......rrr...........r.............r.............e
er..........r.........................r...........eeeeeeeeee..eeeeeeeeee..eeeeeeeeee..eeeeeeeeee..eeeeeeeeee..eeeeeeeeee..eeeeeeeeee..eeeeeeeeee..eeeeeeeeee..eeeeeeeeee..eeeeeeeeee..eeeeeeeeee..eeeeeeeeee.reeeeeeeeee..eeeeeeeeee..eeeeeeeeee.reeeeeeeeee..eeeeeeeeee..eeeeeeeeee..eeeeeeeeee............r.....r....r...................r.....e
er......................................r.........eeeeeeeeee..eeeeeeeeee..eeeeeeeeee.reeeeeeeeee..eeeeeeeeee..eeeeeeeeeer.eeeeeeeeee..eeeeeeeeee..eeeeeeeeee..eeeeeeeeee..eeeeeeeeee..eeeeeeeeee..eeeeeeeeee..eeeeeeeeee..eeeeeeeeeer.eeeeeeeeee..eeeeeeeeee..eeeeeeeeee..eeeeeeeeee..eeeeeeeeee.................................r.......r.......e
e..............................................r.e@@@@@@@@@@ee@@@@@@@@@@ee@@@@@@@@@@ee@@@@@@@@@@ee@@@@@@@@@@ee@@@@@@@@@@ee@@@@@@@@@@ee@@@@@@@@@@ee@@@@@@@@@@ee@@@@@@@@@@ee@@@@@@@@@@ee@@@@@@@@@@ee@@@@@@@@@@ee@@@@@@@@@@ee@@@@@@@@@@ee@@@@@@@@@@ee@@@@@@@@@@ee@@@@@@@@@@ee@@@@@@@@@@ee@@@@@@@@@@e.......r......r.r...............................e
e............r......r.......................r....e@@@@@@@@@@ee@@@@@@@@@@ee@@@@@@@@@@ee@@@@@@@@@@ee@@@@@@@@@@ee@@@@@@@@@@ee@@@@@@@@@@ee@@@@@@@@@@ee@@@@@@@@@@ee@@@@@@@@@@ee@@@@@@@@@@ee@@@@@@@@@@ee@@@@@@@@@@ee@@@@@@@@@@ee@@@@@@@@@@ee@@@@@@@@@@ee@@@@@@@@@@ee@@@@@@@@@@ee@@@@@@@@@@ee@@@@@@@@@@e...r...................r...................r..r.e
e.................................................eeeeeeeeeer.eeeeeeeeee..eeeeeeeeee..eeeeeeeeee..eeeeeeeeee..eeeeeeeeee..eeeeeeeeee..eeeeeeeeee..eeeeeeeeee..eeeeeeeeee..eeeeeeeeeer.eeeeeeeeee..eeeeeeeeee..eeeeeeeeee..eeeeeeeeee..eeeeeeeeee..eeeeeeeeee..eeeeeeeeee..eeeeeeeeee..eeeeeeeeee.r............................r......r...........e
e..r............r.................................eeeeeeeeee..eeeeeeeeee.reeeeeeeeeer.eeeeeeeeee.reeeeeeeeee..eeeeeeeeeer.eeeeeeeeee..eeeeeeeeee..eeeeeeeeee..eeeeeeeeee.reeeeeeeeee.reeeeeeeeee..eeeeeeeeee..eeeeeeeeee..eeeeeeeeee..eeeeeeeeee..eeeeeeeeee..eeeeeeeeee..eeeeeeeeeer.eeeeeeeeee.......r............r.....r.....r...............re
e..........r....r.......r.........r..............e@@@@@@@@@@ee@@@@@@@@@@ee@@@@@@@@@@ee@@@@@@@@@@ee@@@@@@@@@@ee@@@@@@@@@@ee@@@@@@@@@@ee@@@@@@@@@@ee@@@@@@@@@@ee@@@@@@@@@@ee@@@@@@@@@@ee@@@@@@@@@@ee@@@@@@@@@@ee@@@@@@@@@@ee@@@@@@@@@@ee@@@@@@@@@@ee@@@@@@@@@@ee@@@@@@@@@@ee@@@@@@@@@@ee@@@@@@@@@@e............r................................r..e
e..........r.....r....................r..........e@@@@@@@@@@ee@@@@@@@@@@ee@@@@@@@@@@ee@@@@@@@@@@ee@@@@@@@@@@ee@@@@@@@@@@ee@@@@@@@@@@ee@@@@@@@@@@ee@@@@@@@@@@ee@@@@@@@@@@ee@@@@@@@@@@ee@@@@@@@@@@ee@@@@@@@@@@ee@@@@@@@@@@ee@@@@@@@@@@ee@@@@@@@@@@ee@@@@@@@@@@ee@@@@@@@@@@ee@@@@@@@@@@ee@@@@@@@@@@e.............r.................r................e
e.......................................r........reeeeeeeeee..eeeeeeeeeer.eeeeeeeeee..eeeeeeeeee.reeeeeeeeee..eeeeeeeeee..eeeeeeeeee..eeeeeeeeee..eeeeeeeeeer.eeeeeeeeee..eeeeeeeeee..eeeeeeeeee..eeeeeeeeee..eeeeeeeeee..eeeeeeeeee..eeeeeeeeee..eeeeeeeeee..eeeeeeeeee..eeeeeeeeee..eeeeeeeeee.........r................r....r.................e
e..........r......r...............r...............eeeeeeeeee..eeeeeeeeee..eeeeeeeeee..eeeeeeeeee..eeeeeeeeee..eeeeeeeeee..eeeeeeeeee..eeeeeeeeee..eeeeeeeeee..eeeeeeeeee..eeeeeeeeee..eeeeeeeeee..eeeeeeeeee..eeeeeeeeeer.eeeeeeeeee..eeeeeeeeee..eeeeeeeeee..eeeeeeeeee..eeeeeeeeee..eeeeeeeeee.........r.......r............r................r.e
e....................r............r..............e@@@@@@@@@@ee@@@@@@@@@@ee@@@@@@@@@@ee@@@@@@@@@@ee@@@@@@@@@@ee@@@@@@@@@@ee@@@@@@@@@@ee@@@@@@@@@@ee@@@@@@@@@@ee@@@@@@@@@@ee@@@@@@@@@@ee@@@@@@@@@@ee@@@@@@@@@@ee@@@@@@@@@@ee@@@@@@@@@@ee@@@@@@@@@@ee@@@@@@@@@@ee@@@@@@@@@@ee@@@@@@@@@@ee@@@@@@@@@@e................................................e
e............................r...................e@@@@@@@@@@ee@@@@@@@@@@ee@@@@@@@@@@ee@@@@@@@@@@ee@@@@@@@@@@ee@@@@@@@@@@ee@@@@@@@@@@ee@@@@@@@@@@ee@@@@@@@@@@ee@@@@@@@@@@ee@@@@@@@@@@ee@@@@@@@@@@ee@@@@@@@@@@ee@@@@@@@@@@ee@@@@@@@@@@ee@@@@@@@@@@ee@@@@@@@@@@ee@@@@@@@@@@ee@@@@@@@@@@ee@@@@@@@@@@e............r...................r....r..........e
e...................r...r.......r....r............eeeeeeeeee..eeeeeeeeee..eeeeeeeeee..eeeeeeeeee..eeeeeeeeee..eeeeeeeeee..eeeeeeeeee..eeeeeeeeee..eeeeeeeeee..eeeeeeeeee..eeeeeeeeee..eeeeeeeeee..eeeeeeeeee..eeeeeeeeee..eeeeeeeeee..eeeeeeeeee..eeeeeeeeee..eeeeeeeeee..eeeeeeeeee..eeeeeeeeee........r...............r......r..r..............e
e.......................................r.....r...eeeeeeeeee..eeeeeeeeee..eeeeeeeeee..eeeeeeeeee..eeeeeeeeee..eeeeeeeeee..eeeeeeeeee..eeeeeeeeee..eeeeeeeeee.reeeeeeeeee..eeeeeeeeee..eeeeeeeeeer.eeeeeeeeee.reeeeeeeeee..eeeeeeeeee..eeeeeeeeee..eeeeeeeeee..eeeeeeeeee..eeeeeeeeee..eeeeeeeeeer............................................r...e
e.............rr.....r.............r......r...r..e@@@@@@@@@@ee@@@@@@@@@@ee@@@@@@@@@@ee@@@@@@@@@@ee@@@@@@@@@@ee@@@@@@@@@@ee@@@@@@@@@@ee@@@@@@@@@@ee@@@@@@@@@@ee@@@@@@@@@@ee@@@@@@@@@@ee@@@@@@@@@@ee@@@@@@@@@@ee@@@@@@@@@@ee@@@@@@@@@@ee@@@@@@@@@@ee@@@@@@@@@@ee@@@@@@@@@@ee@@@@@@@@@@ee@@@@@@@@@@e................r........r......r..r............e
e................r...r..rr.....r.................e@@@@@@@@@@ee@@@@@@@@@@ee@@@@@@@@@@ee@@@@@@@@@@ee@@@@@@@@@@ee@@@@@@@@@@ee@@@@@@@@@@ee@@@@@@@@@@ee@@@@@@@@@@ee@@@@@@@@@@ee@@@@@@@@@@ee@@@@@@@@@@ee@@@@@@@@@@ee@@@@@@@@@@ee@@@@@@@@@@ee@@@@@@@@@@ee@@@@@@@@@@ee@@@@@@@@@@ee@@@@@@@@@@ee@@@@@@@@@@e..........r................................r....e
e..........................r..............rr......eeeeeeeeee..eeeeeeeeee..eeeeeeeeee..eeeeeeeeee..eeeeeeeeee..eeeeeeeeee..eeeeeeeeee..eeeeeeeeee..eeeeeeeeeer.eeeeeeeeee..eeeeeeeeee.reeeeeeeeee..eeeeeeeeee..eeeeeeeeee..eeeeeeeeee..eeeeeeeeee..eeeeeeeeee..eeeeeeeeee..eeeeeeeeee..eeeeeeeeee.r.....r...............................r.........e
e...........r..............r.............r...r....eeeeeeeeee..eeeeeeeeee..eeeeeeeeee..eeeeeeeeee..eeeeeeeeee..eeeeeeeeee..eeeeeeeeee..eeeeeeeeee..eeeeeeeeee..eeeeeeeeee..eeeeeeeeee..eeeeeeeeee.reeeeeeeeee..eeeeeeeeee..eeeeeeeeee..eeeeeeeeee..eeeeeeeeee..eeeeeeeeee..eeeeeeeeee..eeeeeeeeee.......................................r.........e
e.r........r...........................r.........e@@@@@@@@@@ee@@@@@@@@@@ee@@@@@@@@@@ee@@@@@@@@@@ee@@@@@@@@@@ee@@@@@@@@@@ee@@@@@@@@@@ee@@@@@@@@@@ee@@@@@@@@@@ee@@@@@@@@@@ee@@@@@@@@@@ee@@@@@@@@@@ee@@@@@@@@@@ee@@@@@@@@@@ee@@@@@@@@@@ee@@@@@@@@@@ee@@@@@@@@@@ee@@@@@@@@@@ee@@@@@@@@@@ee@@@@@@@@@@er..r.......r.......r..........r.................e
e..r.............................r...............e@@@@@@@@@@ee@@@@@@@@@@ee@@@@@@@@@@ee@@@@@@@@@@ee@@@@@@@@@@ee@@@@@@@@@@ee@@@@@@@@@@ee@@@@@@@@@@ee@@@@@@@@@@ee@@@@@@@@@@ee@@@@@@@@@@ee@@@@@@@@@@ee@@@@@@@@@@ee@@@@@@@@@@ee@@@@@@@@@@ee@@@@@@@@@@ee@@@@@@@@@@ee@@@@@@@@@@ee@@@@@@@@@@ee@@@@@@@@@@e.r..................r.........r.....r.....r.....e
e.....r.......r....................r.......r......eeeeeeeeee..eeeeeeeeee..eeeeeeeeee..eeeeeeeeeerreeeeeeeeee..eeeeeeeeeer.eeeeeeeeee..eeeeeeeeee..eeeeeeeeee..eeeeeeeeee..eeeeeeeeeer.eeeeeeeeeer.eeeeeeeeee..eeeeeeeeee..eeeeeeeeee..eeeeeeeeee..eeeeeeeeee..eeeeeeeeee.reeeeeeeeee..eeeeeeeeee...........................................r.....e
e...r.........................r...r.............r.eeeeeeeeee..eeeeeeeeeer.eeeeeeeeee..eeeeeeeeee..eeeeeeeeee..eeeeeeeeee..eeeeeeeeee..eeeeeeeeee..eeeeeeeeee..eeeeeeeeee..eeeeeeeeee..eeeeeeeeee..eeeeeeeeee..eeeeeeeeee..eeeeeeeeee..eeeeeeeeee..eeeeeeeeeer.eeeeeeeeeer.eeeeeeeeee..eeeeeeeeee.............r..r.........................r......e
er..............................r................e@@@@@@@@@@ee@@@@@@@@@@ee@@@@@@@@@@ee@@@@@@@@@@ee@@@@@@@@@@ee@@@@@@@@@@ee@@@@@@@@@@ee@@@@@@@@@@ee@@@@@@@@@@ee@@@@@@@@@@ee@@@@@@@@@@ee@@@@@@@@@@ee@@@@@@@@@@ee@@@@@@@@@@ee@@@@@@@@@@ee@@@@@@@@@@ee@@@@@@@@@@ee@@@@@@@@@@ee@@@@@@@@@@ee@@@@@@@@@@e..........................r...................r.e
er.....................r.........r..............re@@@@@@@@@@ee@@@@@@@@@@ee@@@@@@@@@@ee@@@@@@@@@@ee@@@@@@@@@@ee@@@@@@@@@@ee@@@@@@@@@@ee@@@@@@@@@@ee@@@@@@@@@@ee@@@@@@@@@@ee@@@@@@@@@@ee@@@@@@@@@@ee@@@@@@@@@@ee@@@@@@@@@@ee@@@@@@@@@@ee@@@@@@@@@@ee@@@@@@@@@@ee@@@@@@@@@@ee@@@@@@@@@@ee@@@@@@@@@@er.....r......r..........r..............r........e
e..............r...............................r..eeeeeeeeee..eeeeeeeeee..eeeeeeeeee..eeeeeeeeee..eeeeeeeeee..eeeeeeeeee..eeeeeeeeee..eeeeeeeeee..eeeeeeeeee..eeeeeeeeeer.eeeeeeeeee..eeeeeeeeee..eeeeeeeeee..eeeeeeeeee..eeeeeeeeee..eeeeeeeeee..eeeeeeeeee..eeeeeeeeee..eeeeeeeeee..eeeeeeeeee............r......................r.............e
e.......................r.........................eeeeeeeeee..eeeeeeeeee..eeeeeeeeee..eeeeeeeeee..eeeeeeeeee..eeeeeeeeee..eeeeeeeeeer.eeeeeeeeee..eeeeeeeeee..eeeeeeeeee..eeeeeeeeee..eeeeeeeeee..eeeeeeeeee..eeeeeeeeee..eeeeeeeeee..eeeeeeeeee..eeeeeeeeee..eeeeeeeeee..eeeeeeeeee..eeeeeeeeee.......................................r.........e
e................r..r........r.....r.............e@@@@@@@@@@ee@@@@@@@@@@ee@@@@@@@@@@ee@@@@@@@@@@ee@@@@@@@@@@ee@@@@@@@@@@ee@@@@@@@@@@ee@@@@@@@@@@ee@@@@@@@@@@ee@@@@@@@@@@ee@@@@@@@@@@ee@@@@@@@@@@ee@@@@@@@@@@ee@@@@@@@@@@ee@@@@@@@@@@ee@@@@@@@@@@ee@@@@@@@@@@ee@@@@@@@@@@ee@@@@@@@@@@ee@@@@@@@@@@e................................r...............e
e....r.........................r.................e@@@@@@@@@@ee@@@@@@@@@@ee@@@@@@@@@@ee@@@@@@@@@@ee@@@@@@@@@@ee@@@@@@@@@@ee@@@@@@@@@@ee@@@@@@@@@@ee@@@@@@@@@@ee@@@@@@@@@@ee@@@@@@@@@@ee@@@@@@@@@@ee@@@@@@@@@@ee@@@@@@@@@@ee@@@@@@@@@@ee@@@@@@@@@@ee@@@@@@@@@@ee@@@@@@@@@@ee@@@@@@@@@@ee@@@@@@@@@@e...r...r.r..rr........r.........................e
e..rr...............r.................r...........eeeeeeeeeer.eeeeeeeeee..eeeeeeeeee..eeeeeeeeee..eeeeeeeeee..eeeeeeeeee..eeeeeeeeee..eeeeeeeeee..eeeeeeeeee..eeeeeeeeee..eeeeeeeeeer.eeeeeeeeee..eeeeeeeeee..eeeeeeeeee..eeeeeeeeee..eeeeeeeeee..eeeeeeeeee..eeeeeeeeee..eeeeeeeeee..eeeeeeeeee..................r....r....r.......r.....r......e
er....r....................................r...r.reeeeeeeeee.reeeeeeeeee..eeeeeeeeee..eeeeeeeeee..eeeeeeeeee.reeeeeeeeee..eeeeeeeeee..eeeeeeeeee..eeeeeeeeee..eeeeeeeeee..eeeeeeeeee..eeeeeeeeee..eeeeeeeeee..eeeeeeeeee..eeeeeeeeee..eeeeeeeeee..eeeeeeeeee.reeeeeeeeee..eeeeeeeeee..eeeeeeeeee.................................r..r............e
er..r......................r.....................e@@@@@@@@@@ee@@@@@@@@@@ee@@@@@@@@@@ee@@@@@@@@@@ee@@@@@@@@@@ee@@@@@@@@@@ee@@@@@@@@@@ee@@@@@@@@@@ee@@@@@@@@@@ee@@@@@@@@@@ee@@@@@@@@@@ee@@@@@@@@@@ee@@@@@@@@@@ee@@@@@@@@@@ee@@@@@@@@@@ee@@@@@@@@@@ee@@@@@@@@@@ee@@@@@@@@@@ee@@@@@@@@@@ee@@@@@@@@@@e..r......r........r.rr..........................e
e....................r............r.......r......e@@@@@@@@@@ee@@@@@@@@@@ee@@@@@@@@@@ee@@@@@@@@@@ee@@@@@@@@@@ee@@@@@@@@@@ee@@@@@@@@@@ee@@@@@@@@@@ee@@@@@@@@@@ee@@@@@@@@@@ee@@@@@@@@@@ee@@@@@@@@@@ee@@@@@@@@@@ee@@@@@@@@@@ee@@@@@@@@@@ee@@@@@@@@@@ee@@@@@@@@@@ee@@@@@@@@@@ee@@@@@@@@@@ee@@@@@@@@@@e...........r...r................................e
e.................................................eeeeeeeeee..eeeeeeeeee..eeeeeeeeeer.eeeeeeeeee..eeeeeeeeee..eeeeeeeeee..eeeeeeeeee.reeeeeeeeee..eeeeeeeeee..eeeeeeeeee..eeeeeeeeee..eeeeeeeeee.reeeeeeeeee..eeeeeeeeee..eeeeeeeeee..eeeeeeeeee..eeeeeeeeee..eeeeeeeeee..eeeeeeeeee..eeeeeeeeee.................................r.r.....r.......e
e........................r..............r.........eeeeeeeeee..eeeeeeeeee..eeeeeeeeee..eeeeeeeeee.reeeeeeeeee..eeeeeeeeee..eeeeeeeeee..eeeeeeeeee..eeeeeeeeee..eeeeeeeeee..eeeeeeeeee..eeeeeeeeee..eeeeeeeeee..eeeeeeeeee..eeeeeeeeee..eeeeeeeeeer.eeeeeeeeee..eeeeeeeeee..eeeeeeeeee..eeeeeeeeee....r.............................r.......r......e
er.r............r........r.......r...............e@@@@@@@@@@ee@@@@@@@@@@ee@@@@@@@@@@ee@@@@@@@@@@ee@@@@@@@@@@ee@@@@@@@@@@ee@@@@@@@@@@ee@@@@@@@@@@ee@@@@@@@@@@ee@@@@@@@@@@ee@@@@@@@@@@ee@@@@@@@@@@ee@@@@@@@@@@ee@@@@@@@@@@ee@@@@@@@@@@ee@@@@@@@@@@ee@@@@@@@@@@ee@@@@@@@@@@ee@@@@@@@@@@ee@@@@@@@@@@e...r...r..r........r............................e
e.......r.......r......r.........................e@@@@@@@@@@ee@@@@@@@@@@ee@@@@@@@@@@ee@@@@@@@@@@ee@@@@@@@@@@ee@@@@@@@@@@ee@@@@@@@@@@ee@@@@@@@@@@ee@@@@@@@@@@ee@@@@@@@@@@ee@@@@@@@@@@ee@@@@@@@@@@ee@@@@@@@@@@ee@@@@@@@@@@ee@@@@@@@@@@ee@@@@@@@@@@ee@@@@@@@@@@ee@@@@@@@@@@ee@@@@@@@@@@ee@@@@@@@@@@e.............r..........r.......................e
e..............................................r..eeeeeeeeee..eeeeeeeeee..eeeeeeeeee..eeeeeeeeee..eeeeeeeeee..eeeeeeeeee..eeeeeeeeee..eeeeeeeeee..eeeeeeeeee..eeeeeeeeee..eeeeeeeeee..eeeeeeeeee..eeeeeeeeeer.eeeeeeeeee..eeeeeeeeee..eeeeeeeeee..eeeeeeeeee..eeeeeeeeee..eeeeeeeeee..eeeeeeeeee................r................................e
e..............r....................r.............eeeeeeeeee..eeeeeeeeee.reeeeeeeeee..eeeeeeeeee.reeeeeeeeee.reeeeeeeeee..eeeeeeeeee..eeeeeeeeeer.eeeeeeeeee..eeeeeeeeeer.eeeeeeeeee..eeeeeeeeee.reeeeeeeeee..eeeeeeeeee..eeeeeeeeee..eeeeeeeeee..eeeeeeeeeer.eeeeeeeeee..eeeeeeeeeer.eeeeeeeeee.................................................e
e...................r........r.r..........r.r....e@@@@@@@@@@ee@@@@@@@@@@ee@@@@@@@@@@ee@@@@@@@@@@ee@@@@@@@@@@ee@@@@@@@@@@ee@@@@@@@@@@ee@@@@@@@@@@ee@@@@@@@@@@ee@@@@@@@@@@ee@@@@@@@@@@ee@@@@@@@@@@ee@@@@@@@@@@ee@@@@@@@@@@ee@@@@@@@@@@ee@@@@@@@@@@ee@@@@@@@@@@ee@@@@@@@@@@ee@@@@@@@@@@ee@@@@@@@@@@e.....r........r.....r........rr....r............e
e......r.r........r.........r....................e@@@@@@@@@@ee@@@@@@@@@@ee@@@@@@@@@@ee@@@@@@@@@@ee@@@@@@@@@@ee@@@@@@@@@@ee@@@@@@@@@@ee@@@@@@@@@@ee@@@@@@@@@@ee@@@@@@@@@@ee@@@@@@@@@@ee@@@@@@@@@@ee@@@@@@@@@@ee@@@@@@@@@@ee@@@@@@@@@@ee@@@@@@@@@@ee@@@@@@@@@@ee@@@@@@@@@@ee@@@@@@@@@@ee@@@@@@@@@@e................................................e
e..............r........r.........................eeeeeeeeee..eeeeeeeeee..eeeeeeeeee..eeeeeeeeee..eeeeeeeeeer.eeeeeeeeee..eeeeeeeeee..eeeeeeeeee..eeeeeeeeee..eeeeeeeeee..eeeeeeeeee..eeeeeeeeee..eeeeeeeeee..eeeeeeeeee..eeeeeeeeee..eeeeeeeeee.reeeeeeeeee..eeeeeeeeee..eeeeeeeeee.reeeeeeeeee..........................rr.....................e
e.rr..................r...........................eeeeeeeeeer.eeeeeeeeee..eeeeeeeeee..eeeeeeeeee..eeeeeeeeee..eeeeeeeeee..eeeeeeeeeer.eeeeeeeeee..eeeeeeeeee..eeeeeeeeee..eeeeeeeeee..eeeeeeeeeer.eeeeeeeeee..eeeeeeeeee..eeeeeeeeee..eeeeeeeeeer.eeeeeeeeee..eeeeeeeeee..eeeeeeeeee..eeeeeeeeeer.r..................r...........................e
e.....r..r.......r...........r......r............e@@@@@@@@@@ee@@@@@@@@@@ee@@@@@@@@@@ee@@@@@@@@@@ee@@@@@@@@@@ee@@@@@@@@@@ee@@@@@@@@@@ee@@@@@@@@@@ee@@@@@@@@@@ee@@@@@@@@@@ee@@@@@@@@@@ee@@@@@@@@@@ee@@@@@@@@@@ee@@@@@@@@@@ee@@@@@@@@@@ee@@@@@@@@@@ee@@@@@@@@@@ee@@@@@@@@@@ee@@@@@@@@@@ee@@@@@@@@@@e...........................r...................re
e...............r.................r..............e@@@@@@@@@@ee@@@@@@@@@@ee@@@@@@@@@@ee@@@@@@@@@@ee@@@@@@@@@@ee@@@@@@@@@@ee@@@@@@@@@@ee@@@@@@@@@@ee@@@@@@@@@@ee@@@@@@@@@@ee@@@@@@@@@@ee@@@@@@@@@@ee@@@@@@@@@@ee@@@@@@@@@@ee@@@@@@@@@@ee@@@@@@@@@@ee@@@@@@@@@@ee@@@@@@@@@@ee@@@@@@@@@@ee@@@@@@@@@@er...r..............................r.r..........e
e.................................................eeeeeeeeeerreeeeeeeeee..eeeeeeeeee..eeeeeeeeeer.eeeeeeeeee.reeeeeeeeeer.eeeeeeeeee..eeeeeeeeee..eeeeeeeeee..eeeeeeeeee..eeeeeeeeee..eeeeeeeeee.reeeeeeeeee..eeeeeeeeee..eeeeeeeeee..eeeeeeeeee..eeeeeeeeee..eeeeeeeeee..eeeeeeeeee..eeeeeeeeee....................r.....................r....r.e
e...rr....r.......................................eeeeeeeeee..eeeeeeeeee..eeeeeeeeee.reeeeeeeeee..eeeeeeeeee..eeeeeeeeee..eeeeeeeeee..eeeeeeeeee..eeeeeeeeee..eeeeeeeeee..eeeeeeeeee..eeeeeeeeee..eeeeeeeeee..eeeeeeeeee..eeeeeeeeee..eeeeeeeeee..eeeeeeeeee..eeeeeeeeee..eeeeeeeeee..eeeeeeeeee...................r...............r.............e
e.........r.r......................r..r..........e@@@@@@@@@@ee@@@@@@@@@@ee@@@@@@@@@@ee@@@@@@@@@@ee@@@@@@@@@@ee@@@@@@@@@@ee@@@@@@@@@@ee@@@@@@@@@@ee@@@@@@@@@@ee@@@@@@@@@@ee@@@@@@@@@@ee@@@@@@@@@@ee@@@@@@@@@@ee@@@@@@@@@@ee@@@@@@@@@@ee@@@@@@@@@@ee@@@@@@@@@@ee@@@@@@@@@@ee@@@@@@@@@@ee@@@@@@@@@@e.........r......................................e
e...............rr.........r.....................e@@@@@@@@@@ee@@@@@@@@@@ee@@@@@@@@@@ee@@@@@@@@@@ee@@@@@@@@@@ee@@@@@@@@@@ee@@@@@@@@@@ee@@@@@@@@@@ee@@@@@@@@@@ee@@@@@@@@@@ee@@@@@@@@@@ee@@@@@@@@@@ee@@@@@@@@@@ee@@@@@@@@@@ee@@@@@@@@@@ee@@@@@@@@@@ee@@@@@@@@@@ee@@@@@@@@@@ee@@@@@@@@@@ee@@@@@@@@@@e....r...r.........r......................r......e
e.....r.r.........................................eeeeeeeeee..eeeeeeeeee..eeeeeeeeee..eeeeeeeeee..eeeeeeeeee..eeeeeeeeee..eeeeeeeeee..eeeeeeeeee..eeeeeeeeee..eeeeeeeeee..eeeeeeeeee..eeeeeeeeee..eeeeeeeeee..eeeeeeeeee..eeeeeeeeee..eeeeeeeeee..eeeeeeeeee..eeeeeeeeee..eeeeeeeeee..eeeeeeeeee......................................r.......r..e
e.........................r...........r.........r.eeeeeeeeee..eeeeeeeeee..eeeeeeeeee..eeeeeeeeee..eeeeeeeeee..eeeeeeeeee..eeeeeeeeee..eeeeeeeeee..eeeeeeeeee..eeeeeeeeee..eeeeeeeeee..eeeeeeeeee..eeeeeeeeee..eeeeeeeeee..eeeeeeeeee..eeeeeeeeee..eeeeeeeeee..eeeeeeeeee..eeeeeeeeee..eeeeeeeeee............r.....r.............r................e
e..........................................r.....e@@@@@@@@@@ee@@@@@@@@@@ee@@@@@@@@@@ee@@@@@@@@@@ee@@@@@@@@@@ee@@@@@@@@@@ee@@@@@@@@@@ee@@@@@@@@@@ee@@@@@@@@@@ee@@@@@@@@@@ee@@@@@@@@@@ee@@@@@@@@@@ee@@@@@@@@@@ee@@@@@@@@@@ee@@@@@@@@@@ee@@@@@@@@@@ee@@@@@@@@@@ee@@@@@@@@@@ee@@@@@@@@@@ee@@@@@@@@@@e................................................e
e.........r..........r...........................e@@@@@@@@@@ee@@@@@@@@@@ee@@@@@@@@@@ee@@@@@@@@@@ee@@@@@@@@@@ee@@@@@@@@@@ee@@@@@@@@@@ee@@@@@@@@@@ee@@@@@@@@@@ee@@@@@@@@@@ee@@@@@@@@@@ee@@@@@@@@@@ee@@@@@@@@@@ee@@@@@@@@@@ee@@@@@@@@@@ee@@@@@@@@@@ee@@@@@@@@@@ee@@@@@@@@@@ee@@@@@@@@@@ee@@@@@@@@@@e................................................e
e.................r....r.r.................r.r....eeeeeeeeee..eeeeeeeeee..eeeeeeeeeer.eeeeeeeeee..eeeeeeeeee..eeeeeeeeee..eeeeeeeeee..eeeeeeeeee..eeeeeeeeee..eeeeeeeeee..eeeeeeeeee..eeeeeeeeee..eeeeeeeeeer.eeeeeeeeee..eeeeeeeeee..eeeeeeeeee..eeeeeeeeee..eeeeeeeeee..eeeeeeeeee..eeeeeeeeee.....r...........................................e
er................................................eeeeeeeeee..eeeeeeeeee..eeeeeeeeee..eeeeeeeeee..eeeeeeeeee..eeeeeeeeee..eeeeeeeeee..eeeeeeeeee..eeeeeeeeee..eeeeeeeeee..eeeeeeeeee..eeeeeeeeee..eeeeeeeeee..eeeeeeeeee..eeeeeeeeee..eeeeeeeeee..eeeeeeeeee..eeeeeeeeee..eeeeeeeeee..eeeeeeeeee......................................r..........e
e..r.........r................r..................e@@@@@@@@@@ee@@@@@@@@@@ee@@@@@@@@@@ee@@@@@@@@@@ee@@@@@@@@@@ee@@@@@@@@@@ee@@@@@@@@@@ee@@@@@@@@@@ee@@@@@@@@@@ee@@@@@@@@@@ee@@@@@@@@@@ee@@@@@@@@@@ee@@@@@@@@@@ee@@@@@@@@@@ee@@@@@@@@@@ee@@@@@@@@@@ee@@@@@@@@@@ee@@@@@@@@@@ee@@@@@@@@@@ee@@@@@@@@@@er...........r.....r.......................r.....e
e..........................r..............r......e@@@@@@@@@@ee@@@@@@@@@@ee@@@@@@@@@@ee@@@@@@@@@@ee@@@@@@@@@@ee@@@@@@@@@@ee@@@@@@@@@@ee@@@@@@@@@@ee@@@@@@@@@@ee@@@@@@@@@@ee@@@@@@@@@@ee@@@@@@@@@@ee@@@@@@@@@@ee@@@@@@@@@@ee@@@@@@@@@@ee@@@@@@@@@@ee@@@@@@@@@@ee@@@@@@@@@@ee@@@@@@@@@@ee@@@@@@@@@@e...........r........r...........................e
e....r.....r........r.............................eeeeeeeeee..eeeeeeeeee..eeeeeeeeee..eeeeeeeeee..eeeeeeeeee.reeeeeeeeee..eeeeeeeeee..eeeeeeeeee..eeeeeeeeee..eeeeeeeeee..eeeeeeeeee..eeeeeeeeee..eeeeeeeeee..eeeeeeeeee..eeeeeeeeee..eeeeeeeeeer.eeeeeeeeee..eeeeeeeeee..eeeeeeeeee..eeeeeeeeee.................................................e
e.................r.......r............rr.........eeeeeeeeee..eeeeeeeeee..eeeeeeeeee..eeeeeeeeee..eeeeeeeeee..eeeeeeeeee..eeeeeeeeee..eeeeeeeeee..eeeeeeeeee..eeeeeeeeee..eeeeeeeeee..eeeeeeeeee..eeeeeeeeeer.eeeeeeeeee..eeeeeeeeee..eeeeeeeeee..eeeeeeeeee..eeeeeeeeee..eeeeeeeeee..eeeeeeeeee.............r.....rr.....r..r....r.....r........e
e............................r........r.r........e@@@@@@@@@@ee@@@@@@@@@@ee@@@@@@@@@@ee@@@@@@@@@@ee@@@@@@@@@@ee@@@@@@@@@@ee@@@@@@@@@@ee@@@@@@@@@@ee@@@@@@@@@@ee@@@@@@@@@@ee@@@@@@@@@@ee@@@@@@@@@@ee@@@@@@@@@@ee@@@@@@@@@@ee@@@@@@@@@@ee@@@@@@@@@@ee@@@@@@@@@@ee@@@@@@@@@@ee@@@@@@@@@@ee@@@@@@@@@@e....r..........r...r...r........rr.r............e
e................................................e@@@@@@@@@@ee@@@@@@@@@@ee@@@@@@@@@@ee@@@@@@@@@@ee@@@@@@@@@@ee@@@@@@@@@@ee@@@@@@@@@@ee@@@@@@@@@@ee@@@@@@@@@@ee@@@@@@@@@@ee@@@@@@@@@@ee@@@@@@@@@@ee@@@@@@@@@@ee@@@@@@@@@@ee@@@@@@@@@@ee@@@@@@@@@@ee@@@@@@@@@@ee@@@@@@@@@@ee@@@@@@@@@@ee@@@@@@@@@@e........................rr..................r...e
e.........r...r........r...r....r.................eeeeeeeeee..eeeeeeeeee..eeeeeeeeee..eeeeeeeeee..eeeeeeeeee..eeeeeeeeee..eeeeeeeeee..eeeeeeeeeer.eeeeeeeeee..eeeeeeeeee..eeeeeeeeee..eeeeeeeeee..eeeeeeeeee..eeeeeeeeee..eeeeeeeeee..eeeeeeeeee..eeeeeeeeee..eeeeeeeeee..eeeeeeeeee.reeeeeeeeee.rr............r.........................r.......e
e.................................................eeeeeeeeee..eeeeeeeeee..eeeeeeeeee..eeeeeeeeee..eeeeeeeeee..eeeeeeeeee..eeeeeeeeee..eeeeeeeeee..eeeeeeeeee.reeeeeeeeee..eeeeeeeeee..eeeeeeeeee..eeeeeeeeee..eeeeeeeeee.reeeeeeeeee..eeeeeeeeee..eeeeeeeeee..eeeeeeeeee..eeeeeeeeee..eeeeeeeeee........r........................r.........r.....e
e............r..........r.......................re@@@@@@@@@@ee@@@@@@@@@@ee@@@@@@@@@@ee@@@@@@@@@@ee@@@@@@@@@@ee@@@@@@@@@@ee@@@@@@@@@@ee@@@@@@@@@@ee@@@@@@@@@@ee@@@@@@@@@@ee@@@@@@@@@@ee@@@@@@@@@@ee@@@@@@@@@@ee@@@@@@@@@@ee@@@@@@@@@@ee@@@@@@@@@@ee@@@@@@@@@@ee@@@@@@@@@@ee@@@@@@@@@@ee@@@@@@@@@@e......................r..r.................r....e
e...............r................................e@@@@@@@@@@ee@@@@@@@@@@ee@@@@@@@@@@ee@@@@@@@@@@ee@@@@@@@@@@ee@@@@@@@@@@ee@@@@@@@@@@ee@@@@@@@@@@ee@@@@@@@@@@ee@@@@@@@@@@ee@@@@@@@@@@ee@@@@@@@@@@ee@@@@@@@@@@ee@@@@@@@@@@ee@@@@@@@@@@ee@@@@@@@@@@ee@@@@@@@@@@ee@@@@@@@@@@ee@@@@@@@@@@ee@@@@@@@@@@e...........r...................r..r.............e
e.................................................eeeeeeeeee..eeeeeeeeee..eeeeeeeeee..eeeeeeeeee..eeeeeeeeee..eeeeeeeeee..eeeeeeeeee..eeeeeeeeee..eeeeeeeeee..eeeeeeeeee..eeeeeeeeee..eeeeeeeeee..eeeeeeeeee.reeeeeeeeee..eeeeeeeeee..eeeeeeeeee..eeeeeeeeee..eeeeeeeeee..eeeeeeeeeer.eeeeeeeeee.....r...........................................e
e............................................r....eeeeeeeeee..eeeeeeeeee..eeeeeeeeee..eeeeeeeeee..eeeeeeeeee..eeeeeeeeee..eeeeeeeeee..eeeeeeeeee.reeeeeeeeee..eeeeeeeeeer.eeeeeeeeee..eeeeeeeeee..eeeeeeeeee..eeeeeeeeee..eeeeeeeeee..eeeeeeeeee..eeeeeeeeeer.eeeeeeeeee..eeeeeeeeee..eeeeeeeeee.........r.......................r.........r.....e
e.r.....................r......r...r.............e@@@@@@@@@@ee@@@@@@@@@@ee@@@@@@@@@@ee@@@@@@@@@@ee@@@@@@@@@@ee@@@@@@@@@@ee@@@@@@@@@@ee@@@@@@@@@@ee@@@@@@@@@@ee@@@@@@@@@@ee@@@@@@@@@@ee@@@@@@@@@@ee@@@@@@@@@@ee@@@@@@@@@@ee@@@@@@@@@@ee@@@@@@@@@@ee@@@@@@@@@@ee@@@@@@@@@@ee@@@@@@@@@@ee@@@@@@@@@@e....r...r....................................r..e
e.............r...................r..............e@@@@@@@@@@ee@@@@@@@@@@ee@@@@@@@@@@ee@@@@@@@@@@ee@@@@@@@@@@ee@@@@@@@@@@ee@@@@@@@@@@ee@@@@@@@@@@ee@@@@@@@@@@ee@@@@@@@@@@ee@@@@@@@@@@ee@@@@@@@@@@ee@@@@@@@@@@ee@@@@@@@@@@ee@@@@@@@@@@ee@@@@@@@@@@ee@@@@@@@@@@ee@@@@@@@@@@ee@@@@@@@@@@ee@@@@@@@@@@e....r....r..r.................................r.e
e........r.........r.....r....r...................eeeeeeeeee..eeeeeeeeee..eeeeeeeeee..eeeeeeeeee..eeeeeeeeee..eeeeeeeeee..eeeeeeeeee..eeeeeeeeee..eeeeeeeeee..eeeeeeeeee..eeeeeeeeee..eeeeeeeeee..eeeeeeeeee..eeeeeeeeee..eeeeeeeeee..eeeeeeeeee..eeeeeeeeee..eeeeeeeeee..eeeeeeeeee..eeeeeeeeee.................................................e
e.........................r......r.............r..eeeeeeeeee..eeeeeeeeee.reeeeeeeeeer.eeeeeeeeee..eeeeeeeeee..eeeeeeeeee..eeeeeeeeee..eeeeeeeeee..eeeeeeeeee..eeeeeeeeee..eeeeeeeeee..eeeeeeeeee..eeeeeeeeee..eeeeeeeeee.reeeeeeeeeer.eeeeeeeeee..eeeeeeeeee..eeeeeeeeee.reeeeeeeeee..eeeeeeeeee...........................r..........r.r........e
e.............r........r...r...............r....re@@@@@@@@@@ee@@@@@@@@@@ee@@@@@@@@@@ee@@@@@@@@@@ee@@@@@@@@@@ee@@@@@@@@@@ee@@@@@@@@@@ee@@@@@@@@@@ee@@@@@@@@@@ee@@@@@@@@@@ee@@@@@@@@@@ee@@@@@@@@@@ee@@@@@@@@@@ee@@@@@@@@@@ee@@@@@@@@@@ee@@@@@@@@@@ee@@@@@@@@@@ee@@@@@@@@@@ee@@@@@@@@@@ee@@@@@@@@@@e......rr.........r...r..............r......r.r..e
e................................................e@@@@@@@@@@ee@@@@@@@@@@ee@@@@@@@@@@ee@@@@@@@@@@ee@@@@@@@@@@ee@@@@@@@@@@ee@@@@@@@@@@ee@@@@@@@@@@ee@@@@@@@@@@ee@@@@@@@@@@ee@@@@@@@@@@ee@@@@@@@@@@ee@@@@@@@@@@ee@@@@@@@@@@ee@@@@@@@@@@ee@@@@@@@@@@ee@@@@@@@@@@ee@@@@@@@@@@ee@@@@@@@@@@ee@@@@@@@@@@e.r.......r...r.......................r.....r....e
er..................r...........r....r....r.......eeeeeeeeee..eeeeeeeeee..eeeeeeeeee..eeeeeeeeee..eeeeeeeeee..eeeeeeeeee..eeeeeeeeee..eeeeeeeeee..eeeeeeeeee..eeeeeeeeee..eeeeeeeeee..eeeeeeeeee..eeeeeeeeee..eeeeeeeeee..eeeeeeeeee..eeeeeeeeee..eeeeeeeeee..eeeeeeeeee..eeeeeeeeee..eeeeeeeeee..r..............r...........r.........r.........e
e..r........r.......r.............................eeeeeeeeee..eeeeeeeeee..eeeeeeeeee..eeeeeeeeeer.eeeeeeeeee..eeeeeeeeee..eeeeeeeeee..eeeeeeeeee..eeeeeeeeee..eeeeeeeeee..eeeeeeeeee..eeeeeeeeee..eeeeeeeeee..eeeeeeeeee..eeeeeeeeee..eeeeeeeeee..eeeeeeeeee..eeeeeeeeee..eeeeeeeeee..eeeeeeeeee......................................r..........e
e................................................e@@@@@@@@@@ee@@@@@@@@@@ee@@@@@@@@@@ee@@@@@@@@@@ee@@@@@@@@@@ee@@@@@@@@@@ee@@@@@@@@@@ee@@@@@@@@@@ee@@@@@@@@@@ee@@@@@@@@@@ee@@@@@@@@@@ee@@@@@@@@@@ee@@@@@@@@@@ee@@@@@@@@@@ee@@@@@@@@@@ee@@@@@@@@@@ee@@@@@@@@@@ee@@@@@@@@@@ee@@@@@@@@@@ee@@@@@@@@@@e................................................e
e.............................r....r.............e@@@@@@@@@@ee@@@@@@@@@@ee@@@@@@@@@@ee@@@@@@@@@@ee@@@@@@@@@@ee@@@@@@@@@@ee@@@@@@@@@@ee@@@@@@@@@@ee@@@@@@@@@@ee@@@@@@@@@@ee@@@@@@@@@@ee@@@@@@@@@@ee@@@@@@@@@@ee@@@@@@@@@@ee@@@@@@@@@@ee@@@@@@@@@@ee@@@@@@@@@@ee@@@@@@@@@@ee@@@@@@@@@@ee@@@@@@@@@@e.............................r...............r.re
e..........r...................................r.reeeeeeeeee..eeeeeeeeee..eeeeeeeeee..eeeeeeeeee..eeeeeeeeee..eeeeeeeeee..eeeeeeeeee..eeeeeeeeee..eeeeeeeeee..eeeeeeeeee..eeeeeeeeee.reeeeeeeeee..eeeeeeeeee..eeeeeeeeee..eeeeeeeeee..eeeeeeeeee..eeeeeeeeee..eeeeeeeeee..eeeeeeeeee..eeeeeeeeee................r..rr..............r............re
e........r.....................................r..eeeeeeeeee..eeeeeeeeee..eeeeeeeeeer.eeeeeeeeee..eeeeeeeeee..eeeeeeeeee..eeeeeeeeee..eeeeeeeeee..eeeeeeeeee..eeeeeeeeee.reeeeeeeeee..eeeeeeeeee..eeeeeeeeee..eeeeeeeeee..eeeeeeeeee..eeeeeeeeee..eeeeeeeeee..eeeeeeeeee..eeeeeeeeee..eeeeeeeeee.r.........r.....................................e
e........................r.......................e@@@@@@@@@@ee@@@@@@@@@@ee@@@@@@@@@@ee@@@@@@@@@@ee@@@@@@@@@@ee@@@@@@@@@@ee@@@@@@@@@@ee@@@@@@@@@@ee@@@@@@@@@@ee@@@@@@@@@@ee@@@@@@@@@@ee@@@@@@@@@@ee@@@@@@@@@@ee@@@@@@@@@@ee@@@@@@@@@@ee@@@@@@@@@@ee@@@@@@@@@@ee@@@@@@@@@@ee@@@@@@@@@@ee@@@@@@@@@@e.r..r........r..................................e
e....r...........................................e@@@@@@@@@@ee@@@@@@@@@@ee@@@@@@@@@@ee@@@@@@@@@@ee@@@@@@@@@@ee@@@@@@@@@@ee@@@@@@@@@@ee@@@@@@@@@@ee@@@@@@@@@@ee@@@@@@@@@@ee@@@@@@@@@@ee@@@@@@@@@@ee@@@@@@@@@@ee@@@@@@@@@@ee@@@@@@@@@@ee@@@@@@@@@@ee@@@@@@@@@@ee@@@@@@@@@@ee@@@@@@@@@@ee@@@@@@@@@@e..............r....................r............e
e................r.................r.r............eeeeeeeeee.reeeeeeeeee..eeeeeeeeeer.eeeeeeeeee..eeeeeeeeee..eeeeeeeeee..eeeeeeeeee..eeeeeeeeeer.eeeeeeeeee..eeeeeeeeee..eeeeeeeeee..eeeeeeeeee..eeeeeeeeee..eeeeeeeeee..eeeeeeeeee..eeeeeeeeee..eeeeeeeeee..eeeeeeeeee..eeeeeeeeee..eeeeeeeeee.................r...............................e
e....r.r....r................rr...................eeeeeeeeee..eeeeeeeeee..eeeeeeeeee..eeeeeeeeeer.eeeeeeeeee..eeeeeeeeee..eeeeeeeeee..eeeeeeeeeer.eeeeeeeeee..eeeeeeeeee..eeeeeeeeee..eeeeeeeeee..eeeeeeeeee..eeeeeeeeee..eeeeeeeeee..eeeeeeeeee..eeeeeeeeee..eeeeeeeeee..eeeeeeeeeer.eeeeeeeeeer...r...............r............................e
e.....r..........r..............r..r.............e@@@@@@@@@@ee@@@@@@@@@@ee@@@@@@@@@@ee@@@@@@@@@@ee@@@@@@@@@@ee@@@@@@@@@@ee@@@@@@@@@@ee@@@@@@@@@@ee@@@@@@@@@@ee@@@@@@@@@@ee@@@@@@@@@@ee@@@@@@@@@@ee@@@@@@@@@@ee@@@@@@@@@@ee@@@@@@@@@@ee@@@@@@@@@@ee@@@@@@@@@@ee@@@@@@@@@@ee@@@@@@@@@@ee@@@@@@@@@@e..r.....................r.......r...............e
e................................................e@@@@@@@@@@ee@@@@@@@@@@ee@@@@@@@@@@ee@@@@@@@@@@ee@@@@@@@@@@ee@@@@@@@@@@ee@@@@@@@@@@ee@@@@@@@@@@ee@@@@@@@@@@ee@@@@@@@@@@ee@@@@@@@@@@ee@@@@@@@@@@ee@@@@@@@@@@ee@@@@@@@@@@ee@@@@@@@@@@ee@@@@@@@@@@ee@@@@@@@@@@ee@@@@@@@@@@ee@@@@@@@@@@ee@@@@@@@@@@e................................................e
e..................r...r....r....................reeeeeeeeee..eeeeeeeeee..eeeeeeeeee.reeeeeeeeee..eeeeeeeeee..eeeeeeeeee..eeeeeeeeee..eeeeeeeeee..eeeeeeeeee.reeeeeeeeee..eeeeeeeeee..eeeeeeeeee..eeeeeeeeee.reeeeeeeeee..eeeeeeeeee..eeeeeeeeee..eeeeeeeeee..eeeeeeeeee..eeeeeeeeee..eeeeeeeeee..................r.r.........r..................e
e.......................r.........................eeeeeeeeee..eeeeeeeeee..eeeeeeeeee..eeeeeeeeee..eeeeeeeeee..eeeeeeeeeer.eeeeeeeeee..eeeeeeeeee..eeeeeeeeee..eeeeeeeeee..eeeeeeeeee..eeeeeeeeee..eeeeeeeeee..eeeeeeeeee..eeeeeeeeee..eeeeeeeeee..eeeeeeeeee..eeeeeeeeee..eeeeeeeeee..eeeeeeeeee.............................r...........r..r....e
e................................................e@@@@@@@@@@ee@@@@@@@@@@ee@@@@@@@@@@ee@@@@@@@@@@ee@@@@@@@@@@ee@@@@@@@@@@ee@@@@@@@@@@ee@@@@@@@@@@ee@@@@@@@@@@ee@@@@@@@@@@ee@@@@@@@@@@ee@@@@@@@@@@ee@@@@@@@@@@ee@@@@@@@@@@ee@@@@@@@@@@ee@@@@@@@@@@ee@@@@@@@@@@ee@@@@@@@@@@ee@@@@@@@@@@ee@@@@@@@@@@e....r.................r.rr...r.............r....e
e.rr.r.....r........r.r.....r...........r........e@@@@@@@@@@ee@@@@@@@@@@ee@@@@@@@@@@ee@@@@@@@@@@ee@@@@@@@@@@ee@@@@@@@@@@ee@@@@@@@@@@ee@@@@@@@@@@ee@@@@@@@@@@ee@@@@@@@@@@ee@@@@@@@@@@ee@@@@@@@@@@ee@@@@@@@@@@ee@@@@@@@@@@ee@@@@@@@@@@ee@@@@@@@@@@ee@@@@@@@@@@ee@@@@@@@@@@ee@@@@@@@@@@ee@@@@@@@@@@e....................................r...........e
e...............r.................................eeeeeeeeee..eeeeeeeeee..eeeeeeeeee..eeeeeeeeee..eeeeeeeeee..eeeeeeeeee..eeeeeeeeee..eeeeeeeeee..eeeeeeeeee..eeeeeeeeee..eeeeeeeeee..eeeeeeeeee..eeeeeeeeee..eeeeeeeeee..eeeeeeeeee..eeeeeeeeee..eeeeeeeeee..eeeeeeeeee..eeeeeeeeee..eeeeeeeeeer.........r...........r.r........................e
e.....r...........................................eeeeeeeeee..eeeeeeeeee.reeeeeeeeee..eeeeeeeeee..eeeeeeeeee..eeeeeeeeee..eeeeeeeeee..eeeeeeeeee..eeeeeeeeee..eeeeeeeeee..eeeeeeeeee..eeeeeeeeee..eeeeeeeeee..eeeeeeeeee..eeeeeeeeee..eeeeeeeeeer.eeeeeeeeee..eeeeeeeeee..eeeeeeeeeer.eeeeeeeeee....r..............r................r............e
e.....r................................r.........e@@@@@@@@@@ee@@@@@@@@@@ee@@@@@@@@@@ee@@@@@@@@@@ee@@@@@@@@@@ee@@@@@@@@@@ee@@@@@@@@@@ee@@@@@@@@@@ee@@@@@@@@@@ee@@@@@@@@@@ee@@@@@@@@@@ee@@@@@@@@@@ee@@@@@@@@@@ee@@@@@@@@@@ee@@@@@@@@@@ee@@@@@@@@@@ee@@@@@@@@@@ee@@@@@@@@@@ee@@@@@@@@@@ee@@@@@@@@@@e.....r..........................................e
e...........r..................r...............rre@@@@@@@@@@ee@@@@@@@@@@ee@@@@@@@@@@ee@@@@@@@@@@ee@@@@@@@@@@ee@@@@@@@@@@ee@@@@@@@@@@ee@@@@@@@@@@ee@@@@@@@@@@ee@@@@@@@@@@ee@@@@@@@@@@ee@@@@@@@@@@ee@@@@@@@@@@ee@@@@@@@@@@ee@@@@@@@@@@ee@@@@@@@@@@ee@@@@@@@@@@ee@@@@@@@@@@ee@@@@@@@@@@ee@@@@@@@@@@e.............r...........r......r...............e
e......................r..........................eeeeeeeeee..eeeeeeeeee..eeeeeeeeee..eeeeeeeeee..eeeeeeeeee..eeeeeeeeee..eeeeeeeeee..eeeeeeeeee..eeeeeeeeee..eeeeeeeeeer.eeeeeeeeee..eeeeeeeeee..eeeeeeeeee..eeeeeeeeee..eeeeeeeeee..eeeeeeeeee..eeeeeeeeee..eeeeeeeeee..eeeeeeeeee..eeeeeeeeee................................................re
er..................r.............................eeeeeeeeee..eeeeeeeeee..eeeeeeeeee..eeeeeeeeee..eeeeeeeeee..eeeeeeeeee..eeeeeeeeee..eeeeeeeeee..eeeeeeeeee..eeeeeeeeee..eeeeeeeeee..eeeeeeeeee..eeeeeeeeee..eeeeeeeeee..eeeeeeeeee..eeeeeeeeeer.eeeeeeeeee..eeeeeeeeee..eeeeeeeeee..eeeeeeeeee...............r...........r.................r...e
e..r.............................................e@@@@@@@@@@ee@@@@@@@@@@ee@@@@@@@@@@ee@@@@@@@@@@ee@@@@@@@@@@ee@@@@@@@@@@ee@@@@@@@@@@ee@@@@@@@@@@ee@@@@@@@@@@ee@@@@@@@@@@ee@@@@@@@@@@ee@@@@@@@@@@ee@@@@@@@@@@ee@@@@@@@@@@ee@@@@@@@@@@ee@@@@@@@@@@ee@@@@@@@@@@ee@@@@@@@@@@ee@@@@@@@@@@ee@@@@@@@@@@e.....r........r..r..............................e
e.....................r..............r...........e@@@@@@@@@@ee@@@@@@@@@@ee@@@@@@@@@@ee@@@@@@@@@@ee@@@@@@@@@@ee@@@@@@@@@@ee@@@@@@@@@@ee@@@@@@@@@@ee@@@@@@@@@@ee@@@@@@@@@@ee@@@@@@@@@@ee@@@@@@@@@@ee@@@@@@@@@@ee@@@@@@@@@@ee@@@@@@@@@@ee@@@@@@@@@@ee@@@@@@@@@@ee@@@@@@@@@@ee@@@@@@@@@@ee@@@@@@@@@@e...................r.....................r....r.e
e.......................r.......r........r...r....eeeeeeeeee..eeeeeeeeee..eeeeeeeeee..eeeeeeeeee..eeeeeeeeee..eeeeeeeeee.reeeeeeeeee..eeeeeeeeee..eeeeeeeeee..eeeeeeeeee..eeeeeeeeee..eeeeeeeeee..eeeeeeeeee..eeeeeeeeee..eeeeeeeeee..eeeeeeeeee..eeeeeeeeee..eeeeeeeeee..eeeeeeeeee.reeeeeeeeee.................rr..rr.......................r..e
e....................r..r.........................eeeeeeeeee..eeeeeeeeee..eeeeeeeeee..eeeeeeeeee..eeeeeeeeee..eeeeeeeeee..eeeeeeeeee..eeeeeeeeee..eeeeeeeeee..eeeeeeeeee..eeeeeeeeee..eeeeeeeeee..eeeeeeeeee..eeeeeeeeee..eeeeeeeeee..eeeeeeeeee..eeeeeeeeee..eeeeeeeeee..eeeeeeeeee..eeeeeeeeee........................................r........e
e..r....................................r........e@@@@@@@@@@ee@@@@@@@@@@ee@@@@@@@@@@ee@@@@@@@@@@ee@@@@@@@@@@ee@@@@@@@@@@ee@@@@@@@@@@ee@@@@@@@@@@ee@@@@@@@@@@ee@@@@@@@@@@ee@@@@@@@@@@ee@@@@@@@@@@ee@@@@@@@@@@ee@@@@@@@@@@ee@@@@@@@@@@ee@@@@@@@@@@ee@@@@@@@@@@ee@@@@@@@@@@ee@@@@@@@@@@ee@@@@@@@@@@e................................r...............e
e.............................................r..e@@@@@@@@@@ee@@@@@@@@@@ee@@@@@@@@@@ee@@@@@@@@@@ee@@@@@@@@@@ee@@@@@@@@@@ee@@@@@@@@@@ee@@@@@@@@@@ee@@@@@@@@@@ee@@@@@@@@@@ee@@@@@@@@@@ee@@@@@@@@@@ee@@@@@@@@@@ee@@@@@@@@@@ee@@@@@@@@@@ee@@@@@@@@@@ee@@@@@@@@@@ee@@@@@@@@@@ee@@@@@@@@@@ee@@@@@@@@@@e...............r......r.........r...............e
e.......................r.........................eeeeeeeeee..eeeeeeeeee..eeeeeeeeee..eeeeeeeeee..eeeeeeeeee..eeeeeeeeee..eeeeeeeeee..eeeeeeeeee..eeeeeeeeee..eeeeeeeeee..eeeeeeeeee..eeeeeeeeee..eeeeeeeeee..eeeeeeeeee..eeeeeeeeee..eeeeeeeeee..eeeeeeeeee..eeeeeeeeee..eeeeeeeeee.reeeeeeeeee......r.........................r................e
eeeeeeeeeeeeeeeeeeeeeeeeeeeeeeeeeeeeeeeeeeeeeeeeeeeeeeeeeeeeeeeeeeeeeeeeeeeeeeeeeeeeeeeeeeeeeeeeeeeeeeeeeeeeeeeeeeeeeeeeeeeeeeeeeeeeeeeeeeeeeeeeeeeeeeeeeeeeeeeeeeeeeeeeeeeeeeeeeeeeeeeeeeeeeeeeeeeeeeeeeeeeeeeeeeeeeeeeeeeeeeeeeeeeeeeeeeeeeeeeeeeeeeeeeeeeeeeeeeeeeeeeeeeeeeeeeeeeeeeeeeeeeeeeeeeeeeeeeeeeeeeeeeeeeeeeeeeeeeeeeeeeeeeeeeeeeeeeee
