162,338
20196
2000
50000
eeeeeeeeeeeeeeeeeeeeeeeeeeeeeeeeeeeeeeeeeeeeeeeeeeeeeeeeeeeeeeeeeeeeeeeeeeeeeeeeeeeeeeeeeeeeeeeeeeeeeeeeeeeeeeeeeeeeeeeeeeeeeeeeeeeeeeeeeeeeeeeeeeeeeeeeeeeeeeeeeeeeeeeeeeeeeeeeeeeeeeeeeeeeeeeeeeeeeeeeeeeeeeeeeeeeeeeeeeeeeeeeeeeeeeeeeeeeeeeeeeeeeeeeeeeeeeeeeeeeeeeeeeeeeeeeeeeeeeeeeeeeeeeeeeeeeeeeeeeeeeeeeeeeeeeeeeeeeeeeeeeeeeeeeeeeeeeeee
e..r...r..........r...r.....r...........r.........eeeeeeeeee..eeeeeeeeee..eeeeeeeeee..eeeeeeeeee..eeeeeeeeee..eeeeeeeeeer.eeeeeeeeee..eeeeeeeeee..eeeeeeeeee..eeeeeeeeee..eeeeeeeeee..eeeeeeeeee..eeeeeeeeeer.eeeeeeeeee..eeeeeeeeee..eeeeeeeeee.reeeeeeeeee..eeeeeeeeee..eeeeeeeeee..eeeeeeeeee..............r...............r.r...r.........r..e
e.....r....r........................r.......r....e@@@@@@@@@@ee@@@@@@@@@@ee@@@@@@@@@@ee@@@@@@@@@@ee@@@@@@@@@@ee@@@@@@@@@@ee@@@@@@@@@@ee@@@@@@@@@@ee@@@@@@@@@@ee@@@@@@@@@@ee@@@@@@@@@@ee@@@@@@@@@@ee@@@@@@@@@@ee@@@@@@@@@@ee@@@@@@@@@@ee@@@@@@@@@@ee@@@@@@@@@@ee@@@@@@@@@@ee@@@@@@@@@@ee@@@@@@@@@@e..........r........r............................e
e.......r.......r.....................r..r.......e@@@@@@@@@@ee@@@@@@@@@@ee@@@@@@@@@@ee@@@@@@@@@@ee@@@@@@@@@@ee@@@@@@@@@@ee@@@@@@@@@@ee@@@@@@@@@@ee@@@@@@@@@@ee@@@@@@@@@@ee@@@@@@@@@@ee@@@@@@@@@@ee@@@@@@@@@@ee@@@@@@@@@@ee@@@@@@@@@@ee@@@@@@@@@@ee@@@@@@@@@@ee@@@@@@@@@@ee@@@@@@@@@@ee@@@@@@@@@@e.........r.....r................r..r...........re
e......r..r.r.........r..........r........r.......eeeeeeeeee..eeeeeeeeee..eeeeeeeeee..eeeeeeeeeer.eeeeeeeeee..eeeeeeeeee..eeeeeeeeee..eeeeeeeeeer.eeeeeeeeee..eeeeeeeeee..eeeeeeeeee..eeeeeeeeee..eeeeeeeeee.reeeeeeeeee..eeeeeeeeee..eeeeeeeeee..eeeeeeeeee..eeeeeeeeee..eeeeeeeeee.reeeeeeeeee............................r......r.............e
er..........r....r.................r...r.....r....eeeeeeeeee..eeeeeeeeeer.eeeeeeeeee..eeeeeeeeee..eeeeeeeeee.reeeeeeeeee..eeeeeeeeee..eeeeeeeeee..eeeeeeeeee..eeeeeeeeee..eeeeeeeeee..eeeeeeeeee..eeeeeeeeeer.eeeeeeeeeer.eeeeeeeeee..eeeeeeeeee..eeeeeeeeee..eeeeeeeeee.reeeeeeeeee..eeeeeeeeee..r...r.r...........r........................r...e
e......r.r..r....r..........r..............r.....e@@@@@@@@@@ee@@@@@@@@@@ee@@@@@@@@@@ee@@@@@@@@@@ee@@@@@@@@@@ee@@@@@@@@@@ee@@@@@@@@@@ee@@@@@@@@@@ee@@@@@@@@@@ee@@@@@@@@@@ee@@@@@@@@@@ee@@@@@@@@@@ee@@@@@@@@@@ee@@@@@@@@@@ee@@@@@@@@@@ee@@@@@@@@@@ee@@@@@@@@@@ee@@@@@@@@@@ee@@@@@@@@@@ee@@@@@@@@@@er...r....r...................r..r...............e
e......r........r..........r..r............rr..rre@@@@@@@@@@ee@@@@@@@@@@ee@@@@@@@@@@ee@@@@@@@@@@ee@@@@@@@@@@ee@@@@@@@@@@ee@@@@@@@@@@ee@@@@@@@@@@ee@@@@@@@@@@ee@@@@@@@@@@ee@@@@@@@@@@ee@@@@@@@@@@ee@@@@@@@@@@ee@@@@@@@@@@ee@@@@@@@@@@ee@@@@@@@@@@ee@@@@@@@@@@ee@@@@@@@@@@ee@@@@@@@@@@ee@@@@@@@@@@e..r....r....r...................................e
e....rr...........r.....r......r..................eeeeeeeeeer.eeeeeeeeee..eeeeeeeeee.reeeeeeeeee..eeeeeeeeee..eeeeeeeeee..eeeeeeeeee..eeeeeeeeee..eeeeeeeeee..eeeeeeeeee..eeeeeeeeee.reeeeeeeeee..eeeeeeeeee..eeeeeeeeee..eeeeeeeeee.reeeeeeeeee..eeeeeeeeee..eeeeeeeeee..eeeeeeeeee..eeeeeeeeee.......r................r...r...r..........r.....e
e....r......r........rrr.r....r...............r.r.eeeeeeeeee..eeeeeeeeee..eeeeeeeeee.reeeeeeeeee.reeeeeeeeee..eeeeeeeeee..eeeeeeeeee..eeeeeeeeee.reeeeeeeeee..eeeeeeeeee..eeeeeeeeee..eeeeeeeeee..eeeeeeeeee..eeeeeeeeee.reeeeeeeeee..eeeeeeeeeer.eeeeeeeeee..eeeeeeeeee..eeeeeeeeee..eeeeeeeeee.r..r....r........................r.........r....e
e...............r..r......r...r......r..........re@@@@@@@@@@ee@@@@@@@@@@ee@@@@@@@@@@ee@@@@@@@@@@ee@@@@@@@@@@ee@@@@@@@@@@ee@@@@@@@@@@ee@@@@@@@@@@ee@@@@@@@@@@ee@@@@@@@@@@ee@@@@@@@@@@ee@@@@@@@@@@ee@@@@@@@@@@ee@@@@@@@@@@ee@@@@@@@@@@ee@@@@@@@@@@ee@@@@@@@@@@ee@@@@@@@@@@ee@@@@@@@@@@ee@@@@@@@@@@e...................r.rr.....r.r.............r.r.e
e...............................rr.......rr..rr..e@@@@@@@@@@ee@@@@@@@@@@ee@@@@@@@@@@ee@@@@@@@@@@ee@@@@@@@@@@ee@@@@@@@@@@ee@@@@@@@@@@ee@@@@@@@@@@ee@@@@@@@@@@ee@@@@@@@@@@ee@@@@@@@@@@ee@@@@@@@@@@ee@@@@@@@@@@ee@@@@@@@@@@ee@@@@@@@@@@ee@@@@@@@@@@ee@@@@@@@@@@ee@@@@@@@@@@ee@@@@@@@@@@ee@@@@@@@@@@e.....r...........................rr....rrr......e
e............................r....r......r........eeeeeeeeee..eeeeeeeeee..eeeeeeeeee..eeeeeeeeee..eeeeeeeeee..eeeeeeeeee..eeeeeeeeee..eeeeeeeeee..eeeeeeeeee..eeeeeeeeee..eeeeeeeeee..eeeeeeeeee..eeeeeeeeee..eeeeeeeeeer.eeeeeeeeee..eeeeeeeeee..eeeeeeeeee..eeeeeeeeee.reeeeeeeeeer.eeeeeeeeee...............rr...r..........r.....r.r.........e
e......r.r......r............r................r.r.eeeeeeeeeer.eeeeeeeeee..eeeeeeeeee..eeeeeeeeee..eeeeeeeeee..eeeeeeeeee.reeeeeeeeee..eeeeeeeeee..eeeeeeeeee.reeeeeeeeee..eeeeeeeeee..eeeeeeeeee..eeeeeeeeee.reeeeeeeeee..eeeeeeeeee..eeeeeeeeee..eeeeeeeeee..eeeeeeeeee..eeeeeeeeee..eeeeeeeeeer..r........r....r....................rr.........e
e............r...........r.......................e@@@@@@@@@@ee@@@@@@@@@@ee@@@@@@@@@@ee@@@@@@@@@@ee@@@@@@@@@@ee@@@@@@@@@@ee@@@@@@@@@@ee@@@@@@@@@@ee@@@@@@@@@@ee@@@@@@@@@@ee@@@@@@@@@@ee@@@@@@@@@@ee@@@@@@@@@@ee@@@@@@@@@@ee@@@@@@@@@@ee@@@@@@@@@@ee@@@@@@@@@@ee@@@@@@@@@@ee@@@@@@@@@@ee@@@@@@@@@@e.....................r....r..........r.r........e
e..........r..r......r...r.rr.r.r....r.r.....r...e@@@@@@@@@@ee@@@@@@@@@@ee@@@@@@@@@@ee@@@@@@@@@@ee@@@@@@@@@@ee@@@@@@@@@@ee@@@@@@@@@@ee@@@@@@@@@@ee@@@@@@@@@@ee@@@@@@@@@@ee@@@@@@@@@@ee@@@@@@@@@@ee@@@@@@@@@@ee@@@@@@@@@@ee@@@@@@@@@@ee@@@@@@@@@@ee@@@@@@@@@@ee@@@@@@@@@@ee@@@@@@@@@@ee@@@@@@@@@@e......r........r..............rr......rr........e
e.............r........r..........r...........r...eeeeeeeeee..eeeeeeeeee..eeeeeeeeee..eeeeeeeeee..eeeeeeeeee..eeeeeeeeee..eeeeeeeeee..eeeeeeeeee..eeeeeeeeee..eeeeeeeeee..eeeeeeeeee..eeeeeeeeeer.eeeeeeeeee..eeeeeeeeee..eeeeeeeeee..eeeeeeeeeer.eeeeeeeeee..eeeeeeeeee..eeeeeeeeee..eeeeeeeeeer....r.....................r..........r...r......e
e...rr...r.........r...rr.r.....................r.eeeeeeeeee..eeeeeeeeee..eeeeeeeeee..eeeeeeeeee..eeeeeeeeee..eeeeeeeeee..eeeeeeeeee..eeeeeeeeee.reeeeeeeeee.reeeeeeeeee..eeeeeeeeee..eeeeeeeeee..eeeeeeeeee..eeeeeeeeeer.eeeeeeeeee..eeeeeeeeee..eeeeeeeeeer.eeeeeeeeee..eeeeeeeeee..eeeeeeeeee........r....r..r.......r............r...........e
e......................r....r.r.r...........r...re@@@@@@@@@@ee@@@@@@@@@@ee@@@@@@@@@@ee@@@@@@@@@@ee@@@@@@@@@@ee@@@@@@@@@@ee@@@@@@@@@@ee@@@@@@@@@@ee@@@@@@@@@@ee@@@@@@@@@@ee@@@@@@@@@@ee@@@@@@@@@@ee@@@@@@@@@@ee@@@@@@@@@@ee@@@@@@@@@@ee@@@@@@@@@@ee@@@@@@@@@@ee@@@@@@@@@@ee@@@@@@@@@@ee@@@@@@@@@@e......r............r.................r....r.....e
e.....r................................r.........e@@@@@@@@@@ee@@@@@@@@@@ee@@@@@@@@@@ee@@@@@@@@@@ee@@@@@@@@@@ee@@@@@@@@@@ee@@@@@@@@@@ee@@@@@@@@@@ee@@@@@@@@@@ee@@@@@@@@@@ee@@@@@@@@@@ee@@@@@@@@@@ee@@@@@@@@@@ee@@@@@@@@@@ee@@@@@@@@@@ee@@@@@@@@@@ee@@@@@@@@@@ee@@@@@@@@@@ee@@@@@@@@@@ee@@@@@@@@@@e.........r.........r......................r....re
e...............r..........r......r.............r.eeeeeeeeee..eeeeeeeeee..eeeeeeeeee..eeeeeeeeeer.eeeeeeeeee..eeeeeeeeee..eeeeeeeeee..eeeeeeeeee..eeeeeeeeee.reeeeeeeeee.reeeeeeeeee..eeeeeeeeee..eeeeeeeeee..eeeeeeeeee..eeeeeeeeee..eeeeeeeeee..eeeeeeeeee..eeeeeeeeee..eeeeeeeeeer.eeeeeeeeeer.....r...........r....r.............r...........e
e.......r..........r.....r...r.....r.r.r...r.r.r..eeeeeeeeee..eeeeeeeeee..eeeeeeeeee..eeeeeeeeee..eeeeeeeeee..eeeeeeeeee..eeeeeeeeee..eeeeeeeeee..eeeeeeeeee..eeeeeeeeee.reeeeeeeeee.reeeeeeeeeer.eeeeeeeeee.reeeeeeeeee..eeeeeeeeee..eeeeeeeeee..eeeeeeeeee..eeeeeeeeee..eeeeeeeeee..eeeeeeeeee..........................r..........r..rr.r.....e
er..................................rr...........e@@@@@@@@@@ee@@@@@@@@@@ee@@@@@@@@@@ee@@@@@@@@@@ee@@@@@@@@@@ee@@@@@@@@@@ee@@@@@@@@@@ee@@@@@@@@@@ee@@@@@@@@@@ee@@@@@@@@@@ee@@@@@@@@@@ee@@@@@@@@@@ee@@@@@@@@@@ee@@@@@@@@@@ee@@@@@@@@@@ee@@@@@@@@@@ee@@@@@@@@@@ee@@@@@@@@@@ee@@@@@@@@@@ee@@@@@@@@@@e......r.......r................r................e
e....r.........r...r.............................e@@@@@@@@@@ee@@@@@@@@@@ee@@@@@@@@@@ee@@@@@@@@@@ee@@@@@@@@@@ee@@@@@@@@@@ee@@@@@@@@@@ee@@@@@@@@@@ee@@@@@@@@@@ee@@@@@@@@@@ee@@@@@@@@@@ee@@@@@@@@@@ee@@@@@@@@@@ee@@@@@@@@@@ee@@@@@@@@@@ee@@@@@@@@@@ee@@@@@@@@@@ee@@@@@@@@@@ee@@@@@@@@@@ee@@@@@@@@@@e.......r..rr...................rr.r........r....e
e........r.........rr.rr.....r.r.r..r.............eeeeeeeeee..eeeeeeeeee..eeeeeeeeee..eeeeeeeeee..eeeeeeeeee..eeeeeeeeee..eeeeeeeeee..eeeeeeeeee..eeeeeeeeee..eeeeeeeeee..eeeeeeeeee..eeeeeeeeee..eeeeeeeeee.reeeeeeeeee.reeeeeeeeee..eeeeeeeeee..eeeeeeeeee.reeeeeeeeee..eeeeeeeeee..eeeeeeeeee..........r.......r......r.......................e
e.r...r.....r..r.r..r...r.....................r..reeeeeeeeee..eeeeeeeeee..eeeeeeeeee..eeeeeeeeee..eeeeeeeeee..eeeeeeeeee..eeeeeeeeee..eeeeeeeeee..eeeeeeeeeer.eeeeeeeeee..eeeeeeeeeer.eeeeeeeeee..eeeeeeeeee..eeeeeeeeee..eeeeeeeeee..eeeeeeeeee..eeeeeeeeee..eeeeeeeeee..eeeeeeeeee.reeeeeeeeeer......r.....rr.......r..............rr..........e
e..................................r.............e@@@@@@@@@@ee@@@@@@@@@@ee@@@@@@@@@@ee@@@@@@@@@@ee@@@@@@@@@@ee@@@@@@@@@@ee@@@@@@@@@@ee@@@@@@@@@@ee@@@@@@@@@@ee@@@@@@@@@@ee@@@@@@@@@@ee@@@@@@@@@@ee@@@@@@@@@@ee@@@@@@@@@@ee@@@@@@@@@@ee@@@@@@@@@@ee@@@@@@@@@@ee@@@@@@@@@@ee@@@@@@@@@@ee@@@@@@@@@@e.r.r..rr...r..r...................r......r......e
e............rr.....r..r..................r.r....e@@@@@@@@@@ee@@@@@@@@@@ee@@@@@@@@@@ee@@@@@@@@@@ee@@@@@@@@@@ee@@@@@@@@@@ee@@@@@@@@@@ee@@@@@@@@@@ee@@@@@@@@@@ee@@@@@@@@@@ee@@@@@@@@@@ee@@@@@@@@@@ee@@@@@@@@@@ee@@@@@@@@@@ee@@@@@@@@@@ee@@@@@@@@@@ee@@@@@@@@@@ee@@@@@@@@@@ee@@@@@@@@@@ee@@@@@@@@@@e.......................r...........r..........r.e
e.........rr..rr.rr.....................r......r..eeeeeeeeee..eeeeeeeeee..eeeeeeeeee..eeeeeeeeee..eeeeeeeeee.reeeeeeeeee..eeeeeeeeeer.eeeeeeeeee..eeeeeeeeee..eeeeeeeeee..eeeeeeeeee..eeeeeeeeee..eeeeeeeeee..eeeeeeeeee..eeeeeeeeee.reeeeeeeeee..eeeeeeeeee..eeeeeeeeee..eeeeeeeeee..eeeeeeeeee...r.r..........r...r.................rr.r..r....e
e.....r........................r..................eeeeeeeeee..eeeeeeeeee..eeeeeeeeeerreeeeeeeeee..eeeeeeeeee..eeeeeeeeee..eeeeeeeeee..eeeeeeeeee.reeeeeeeeee..eeeeeeeeee..eeeeeeeeee..eeeeeeeeee..eeeeeeeeee..eeeeeeeeee..eeeeeeeeee..eeeeeeeeeerreeeeeeeeeer.eeeeeeeeee..eeeeeeeeee..eeeeeeeeee........r.......................r.r..r......r....e
e.....r.................r.........rr........r....e@@@@@@@@@@ee@@@@@@@@@@ee@@@@@@@@@@ee@@@@@@@@@@ee@@@@@@@@@@ee@@@@@@@@@@ee@@@@@@@@@@ee@@@@@@@@@@ee@@@@@@@@@@ee@@@@@@@@@@ee@@@@@@@@@@ee@@@@@@@@@@ee@@@@@@@@@@ee@@@@@@@@@@ee@@@@@@@@@@ee@@@@@@@@@@ee@@@@@@@@@@ee@@@@@@@@@@ee@@@@@@@@@@ee@@@@@@@@@@e....r.....r.................r..r..........r.....e
e...r................r.........................r.e@@@@@@@@@@ee@@@@@@@@@@ee@@@@@@@@@@ee@@@@@@@@@@ee@@@@@@@@@@ee@@@@@@@@@@ee@@@@@@@@@@ee@@@@@@@@@@ee@@@@@@@@@@ee@@@@@@@@@@ee@@@@@@@@@@ee@@@@@@@@@@ee@@@@@@@@@@ee@@@@@@@@@@ee@@@@@@@@@@ee@@@@@@@@@@ee@@@@@@@@@@ee@@@@@@@@@@ee@@@@@@@@@@ee@@@@@@@@@@e.........rr.........r.rr...rr.rr.r.....rr.......e
e.r.r..r......................r...r...r.r.......r.eeeeeeeeee..eeeeeeeeee..eeeeeeeeee..eeeeeeeeee..eeeeeeeeee..eeeeeeeeee..eeeeeeeeee..eeeeeeeeee..eeeeeeeeee..eeeeeeeeee..eeeeeeeeee..eeeeeeeeee..eeeeeeeeee..eeeeeeeeee..eeeeeeeeee..eeeeeeeeee..eeeeeeeeee..eeeeeeeeee..eeeeeeeeee..eeeeeeeeee.......r...r............r........................e
e.........................r..rr.......r.......r..reeeeeeeeee..eeeeeeeeee.reeeeeeeeee..eeeeeeeeee..eeeeeeeeeer.eeeeeeeeee.reeeeeeeeee..eeeeeeeeee.reeeeeeeeeerreeeeeeeeee..eeeeeeeeee..eeeeeeeeeer.eeeeeeeeee..eeeeeeeeee..eeeeeeeeee..eeeeeeeeee..eeeeeeeeee..eeeeeeeeee..eeeeeeeeee..eeeeeeeeee...........................r.rr..................e
e...rrr...............r...........r......r.......e@@@@@@@@@@ee@@@@@@@@@@ee@@@@@@@@@@ee@@@@@@@@@@ee@@@@@@@@@@ee@@@@@@@@@@ee@@@@@@@@@@ee@@@@@@@@@@ee@@@@@@@@@@ee@@@@@@@@@@ee@@@@@@@@@@ee@@@@@@@@@@ee@@@@@@@@@@ee@@@@@@@@@@ee@@@@@@@@@@ee@@@@@@@@@@ee@@@@@@@@@@ee@@@@@@@@@@ee@@@@@@@@@@ee@@@@@@@@@@e..................r.............................e
e.r....................r...r....r.............r..e@@@@@@@@@@ee@@@@@@@@@@ee@@@@@@@@@@ee@@@@@@@@@@ee@@@@@@@@@@ee@@@@@@@@@@ee@@@@@@@@@@ee@@@@@@@@@@ee@@@@@@@@@@ee@@@@@@@@@@ee@@@@@@@@@@ee@@@@@@@@@@ee@@@@@@@@@@ee@@@@@@@@@@ee@@@@@@@@@@ee@@@@@@@@@@ee@@@@@@@@@@ee@@@@@@@@@@ee@@@@@@@@@@ee@@@@@@@@@@e.r..r...r.........r..r...r.....r................e
e..............r........................r.........eeeeeeeeee..eeeeeeeeee..eeeeeeeeee..eeeeeeeeee..eeeeeeeeee..eeeeeeeeee..eeeeeeeeee..eeeeeeeeee..eeeeeeeeee..eeeeeeeeee..eeeeeeeeee.reeeeeeeeee..eeeeeeeeee..eeeeeeeeee..eeeeeeeeee..eeeeeeeeeer.eeeeeeeeeer.eeeeeeeeee..eeeeeeeeee..eeeeeeeeee....rr.r...r.............r..............r.r......e
e....rr.r..r......r...............r..........r....eeeeeeeeee..eeeeeeeeee..eeeeeeeeee..eeeeeeeeee..eeeeeeeeee..eeeeeeeeee..eeeeeeeeeer.eeeeeeeeee.reeeeeeeeee..eeeeeeeeee..eeeeeeeeee..eeeeeeeeee..eeeeeeeeee..eeeeeeeeee..eeeeeeeeee..eeeeeeeeee..eeeeeeeeee..eeeeeeeeeer.eeeeeeeeee..eeeeeeeeee.r........r...............................r.r....e
e.......r....r.....r...r..........r..............e@@@@@@@@@@ee@@@@@@@@@@ee@@@@@@@@@@ee@@@@@@@@@@ee@@@@@@@@@@ee@@@@@@@@@@ee@@@@@@@@@@ee@@@@@@@@@@ee@@@@@@@@@@ee@@@@@@@@@@ee@@@@@@@@@@ee@@@@@@@@@@ee@@@@@@@@@@ee@@@@@@@@@@ee@@@@@@@@@@ee@@@@@@@@@@ee@@@@@@@@@@ee@@@@@@@@@@ee@@@@@@@@@@ee@@@@@@@@@@e......................r..r.r.....r....r......r..e
e....rr.......r......r........rr....rr.......r...e@@@@@@@@@@ee@@@@@@@@@@ee@@@@@@@@@@ee@@@@@@@@@@ee@@@@@@@@@@ee@@@@@@@@@@ee@@@@@@@@@@ee@@@@@@@@@@ee@@@@@@@@@@ee@@@@@@@@@@ee@@@@@@@@@@ee@@@@@@@@@@ee@@@@@@@@@@ee@@@@@@@@@@ee@@@@@@@@@@ee@@@@@@@@@@ee@@@@@@@@@@ee@@@@@@@@@@ee@@@@@@@@@@ee@@@@@@@@@@e.....r.r...........................r............e
e.rr..........r...................................eeeeeeeeee..eeeeeeeeee..eeeeeeeeee..eeeeeeeeee..eeeeeeeeee..eeeeeeeeee..eeeeeeeeee..eeeeeeeeee..eeeeeeeeeer.eeeeeeeeee..eeeeeeeeee..eeeeeeeeee..eeeeeeeeee..eeeeeeeeee..eeeeeeeeee..eeeeeeeeee.reeeeeeeeee.reeeeeeeeee..eeeeeeeeee.reeeeeeeeee.r.r...............r....................r....r...e
e.........r...............r.....rr.........rrr...reeeeeeeeee..eeeeeeeeee..eeeeeeeeee..eeeeeeeeee..eeeeeeeeee..eeeeeeeeee.reeeeeeeeee..eeeeeeeeee..eeeeeeeeee..eeeeeeeeeerreeeeeeeeee..eeeeeeeeee..eeeeeeeeee..eeeeeeeeee..eeeeeeeeee..eeeeeeeeee..eeeeeeeeee..eeeeeeeeee..eeeeeeeeee..eeeeeeeeeer...........r..r.....r..r.r......................e
e.....rr...r...r.......r......................r.re@@@@@@@@@@ee@@@@@@@@@@ee@@@@@@@@@@ee@@@@@@@@@@ee@@@@@@@@@@ee@@@@@@@@@@ee@@@@@@@@@@ee@@@@@@@@@@ee@@@@@@@@@@ee@@@@@@@@@@ee@@@@@@@@@@ee@@@@@@@@@@ee@@@@@@@@@@ee@@@@@@@@@@ee@@@@@@@@@@ee@@@@@@@@@@ee@@@@@@@@@@ee@@@@@@@@@@ee@@@@@@@@@@ee@@@@@@@@@@e............rr..........r.r..r.r................e
e.........r.................r................r...e@@@@@@@@@@ee@@@@@@@@@@ee@@@@@@@@@@ee@@@@@@@@@@ee@@@@@@@@@@ee@@@@@@@@@@ee@@@@@@@@@@ee@@@@@@@@@@ee@@@@@@@@@@ee@@@@@@@@@@ee@@@@@@@@@@ee@@@@@@@@@@ee@@@@@@@@@@ee@@@@@@@@@@ee@@@@@@@@@@ee@@@@@@@@@@ee@@@@@@@@@@ee@@@@@@@@@@ee@@@@@@@@@@ee@@@@@@@@@@e.r...r........................r.r.....r.....r...e
e....................r..rr...r.rr......r.......r..eeeeeeeeee..eeeeeeeeee..eeeeeeeeee..eeeeeeeeee.reeeeeeeeee.reeeeeeeeee..eeeeeeeeee..eeeeeeeeee..eeeeeeeeee..eeeeeeeeee..eeeeeeeeee..eeeeeeeeeer.eeeeeeeeee..eeeeeeeeee..eeeeeeeeee..eeeeeeeeee..eeeeeeeeee..eeeeeeeeeer.eeeeeeeeee..eeeeeeeeee....................................rr...r.......e
e.....r.........r...............r..............r..eeeeeeeeee..eeeeeeeeeerreeeeeeeeee..eeeeeeeeee..eeeeeeeeeer.eeeeeeeeee..eeeeeeeeee..eeeeeeeeee.reeeeeeeeee..eeeeeeeeee..eeeeeeeeee..eeeeeeeeee..eeeeeeeeee..eeeeeeeeee..eeeeeeeeee..eeeeeeeeee..eeeeeeeeee..eeeeeeeeee..eeeeeeeeee.reeeeeeeeee...................r...........................r.e
e.......rr...r........r.rr.......................e@@@@@@@@@@ee@@@@@@@@@@ee@@@@@@@@@@ee@@@@@@@@@@ee@@@@@@@@@@ee@@@@@@@@@@ee@@@@@@@@@@ee@@@@@@@@@@ee@@@@@@@@@@ee@@@@@@@@@@ee@@@@@@@@@@ee@@@@@@@@@@ee@@@@@@@@@@ee@@@@@@@@@@ee@@@@@@@@@@ee@@@@@@@@@@ee@@@@@@@@@@ee@@@@@@@@@@ee@@@@@@@@@@ee@@@@@@@@@@e..r.....r................r.....r.......r........e
e.......r.....r..r..rr.............r.r..r........e@@@@@@@@@@ee@@@@@@@@@@ee@@@@@@@@@@ee@@@@@@@@@@ee@@@@@@@@@@ee@@@@@@@@@@ee@@@@@@@@@@ee@@@@@@@@@@ee@@@@@@@@@@ee@@@@@@@@@@ee@@@@@@@@@@ee@@@@@@@@@@ee@@@@@@@@@@ee@@@@@@@@@@ee@@@@@@@@@@ee@@@@@@@@@@ee@@@@@@@@@@ee@@@@@@@@@@ee@@@@@@@@@@ee@@@@@@@@@@e............................................r...e
e............r.........................r..rr......eeeeeeeeee..eeeeeeeeeer.eeeeeeeeee..eeeeeeeeee..eeeeeeeeee..eeeeeeeeee..eeeeeeeeee..eeeeeeeeee..eeeeeeeeee..eeeeeeeeee..eeeeeeeeee..eeeeeeeeee..eeeeeeeeee..eeeeeeeeeer.eeeeeeeeee..eeeeeeeeee..eeeeeeeeee..eeeeeeeeee.reeeeeeeeee..eeeeeeeeeer........rr...r.......r......r...................e
er..........r.............................r.......eeeeeeeeee..eeeeeeeeee..eeeeeeeeee..eeeeeeeeee..eeeeeeeeee..eeeeeeeeee..eeeeeeeeee..eeeeeeeeeer.eeeeeeeeee.reeeeeeeeee..eeeeeeeeee..eeeeeeeeee..eeeeeeeeeer.eeeeeeeeee..eeeeeeeeee..eeeeeeeeee..eeeeeeeeee..eeeeeeeeee..eeeeeeeeee..eeeeeeeeee....................................r...r....r..re
e.................r............r.................e@@@@@@@@@@ee@@@@@@@@@@ee@@@@@@@@@@ee@@@@@@@@@@ee@@@@@@@@@@ee@@@@@@@@@@ee@@@@@@@@@@ee@@@@@@@@@@ee@@@@@@@@@@ee@@@@@@@@@@ee@@@@@@@@@@ee@@@@@@@@@@ee@@@@@@@@@@ee@@@@@@@@@@ee@@@@@@@@@@ee@@@@@@@@@@ee@@@@@@@@@@ee@@@@@@@@@@ee@@@@@@@@@@ee@@@@@@@@@@e.........r.........r....r.......r............r..e
e.......................r...r..rr.r..............e@@@@@@@@@@ee@@@@@@@@@@ee@@@@@@@@@@ee@@@@@@@@@@ee@@@@@@@@@@ee@@@@@@@@@@ee@@@@@@@@@@ee@@@@@@@@@@ee@@@@@@@@@@ee@@@@@@@@@@ee@@@@@@@@@@ee@@@@@@@@@@ee@@@@@@@@@@ee@@@@@@@@@@ee@@@@@@@@@@ee@@@@@@@@@@ee@@@@@@@@@@ee@@@@@@@@@@ee@@@@@@@@@@ee@@@@@@@@@@e..r.......................r......r.....r..r...rre
e.....r..r.r......r....rr.....r...r...r....rr.....eeeeeeeeee..eeeeeeeeeer.eeeeeeeeee..eeeeeeeeee..eeeeeeeeee..eeeeeeeeee..eeeeeeeeee..eeeeeeeeee.reeeeeeeeeer.eeeeeeeeee..eeeeeeeeeerreeeeeeeeee..eeeeeeeeee..eeeeeeeeee..eeeeeeeeee..eeeeeeeeee..eeeeeeeeeer.eeeeeeeeee..eeeeeeeeee..eeeeeeeeee.......rrrr.......................r...........r..e
e..r.......................r..r....r....r.........eeeeeeeeee..eeeeeeeeeer.eeeeeeeeee..eeeeeeeeee..eeeeeeeeee..eeeeeeeeee.reeeeeeeeeer.eeeeeeeeee..eeeeeeeeee..eeeeeeeeee..eeeeeeeeee..eeeeeeeeee.reeeeeeeeee..eeeeeeeeee..eeeeeeeeee..eeeeeeeeee..eeeeeeeeee..eeeeeeeeee..eeeeeeeeee..eeeeeeeeee..r.r..r........rr...........r...........r.....r.e
e........r.............r.................r...r..re@@@@@@@@@@ee@@@@@@@@@@ee@@@@@@@@@@ee@@@@@@@@@@ee@@@@@@@@@@ee@@@@@@@@@@ee@@@@@@@@@@ee@@@@@@@@@@ee@@@@@@@@@@ee@@@@@@@@@@ee@@@@@@@@@@ee@@@@@@@@@@ee@@@@@@@@@@ee@@@@@@@@@@ee@@@@@@@@@@ee@@@@@@@@@@ee@@@@@@@@@@ee@@@@@@@@@@ee@@@@@@@@@@ee@@@@@@@@@@e..................r.....................r......re
er...............................................e@@@@@@@@@@ee@@@@@@@@@@ee@@@@@@@@@@ee@@@@@@@@@@ee@@@@@@@@@@ee@@@@@@@@@@ee@@@@@@@@@@ee@@@@@@@@@@ee@@@@@@@@@@ee@@@@@@@@@@ee@@@@@@@@@@ee@@@@@@@@@@ee@@@@@@@@@@ee@@@@@@@@@@ee@@@@@@@@@@ee@@@@@@@@@@ee@@@@@@@@@@ee@@@@@@@@@@ee@@@@@@@@@@ee@@@@@@@@@@e.r.r.r..r.......................r...............e
e....r...rr...r......rr...r......r...............reeeeeeeeee..eeeeeeeeee..eeeeeeeeee..eeeeeeeeee.reeeeeeeeee..eeeeeeeeee..eeeeeeeeeer.eeeeeeeeee..eeeeeeeeee..eeeeeeeeee..eeeeeeeeee..eeeeeeeeee..eeeeeeeeee.reeeeeeeeee..eeeeeeeeee..eeeeeeeeee..eeeeeeeeee..eeeeeeeeee..eeeeeeeeeerreeeeeeeeee..............................r..r.....r.........e
e.............r..r................r.....r.....r..reeeeeeeeee..eeeeeeeeee..eeeeeeeeee..eeeeeeeeee..eeeeeeeeee..eeeeeeeeee..eeeeeeeeee..eeeeeeeeee..eeeeeeeeee.reeeeeeeeee.reeeeeeeeee..eeeeeeeeee..eeeeeeeeee..eeeeeeeeee.reeeeeeeeee..eeeeeeeeee..eeeeeeeeee..eeeeeeeeee..eeeeeeeeee..eeeeeeeeee.........r....................r..................e
er..r....r.........r.r...r.......................e@@@@@@@@@@ee@@@@@@@@@@ee@@@@@@@@@@ee@@@@@@@@@@ee@@@@@@@@@@ee@@@@@@@@@@ee@@@@@@@@@@ee@@@@@@@@@@ee@@@@@@@@@@ee@@@@@@@@@@ee@@@@@@@@@@ee@@@@@@@@@@ee@@@@@@@@@@ee@@@@@@@@@@ee@@@@@@@@@@ee@@@@@@@@@@ee@@@@@@@@@@ee@@@@@@@@@@ee@@@@@@@@@@ee@@@@@@@@@@e..r.r......r....r...............r.r.......rr....e
e................r.r...............r..r...r.....re@@@@@@@@@@ee@@@@@@@@@@ee@@@@@@@@@@ee@@@@@@@@@@ee@@@@@@@@@@ee@@@@@@@@@@ee@@@@@@@@@@ee@@@@@@@@@@ee@@@@@@@@@@ee@@@@@@@@@@ee@@@@@@@@@@ee@@@@@@@@@@ee@@@@@@@@@@ee@@@@@@@@@@ee@@@@@@@@@@ee@@@@@@@@@@ee@@@@@@@@@@ee@@@@@@@@@@ee@@@@@@@@@@ee@@@@@@@@@@e......rrr......r....r.............r..r..........e
err.........r........................rrr...r......eeeeeeeeeer.eeeeeeeeee..eeeeeeeeee..eeeeeeeeee..eeeeeeeeee..eeeeeeeeee..eeeeeeeeee..eeeeeeeeee.reeeeeeeeee..eeeeeeeeee..eeeeeeeeee..eeeeeeeeee..eeeeeeeeee.reeeeeeeeeer.eeeeeeeeee..eeeeeeeeee.reeeeeeeeee..eeeeeeeeee..eeeeeeeeeer.eeeeeeeeee............r.....r....r......r...........rr.....e
er....................r...........r.....r.........eeeeeeeeeer.eeeeeeeeee..eeeeeeeeee.reeeeeeeeee..eeeeeeeeeer.eeeeeeeeeer.eeeeeeeeee..eeeeeeeeee..eeeeeeeeee.reeeeeeeeee..eeeeeeeeee..eeeeeeeeee..eeeeeeeeee..eeeeeeeeee..eeeeeeeeeer.eeeeeeeeee..eeeeeeeeee.reeeeeeeeee..eeeeeeeeee..eeeeeeeeee....................r............r.......r.......e
e.........r....................................r.e@@@@@@@@@@ee@@@@@@@@@@ee@@@@@@@@@@ee@@@@@@@@@@ee@@@@@@@@@@ee@@@@@@@@@@ee@@@@@@@@@@ee@@@@@@@@@@ee@@@@@@@@@@ee@@@@@@@@@@ee@@@@@@@@@@ee@@@@@@@@@@ee@@@@@@@@@@ee@@@@@@@@@@ee@@@@@@@@@@ee@@@@@@@@@@ee@@@@@@@@@@ee@@@@@@@@@@ee@@@@@@@@@@ee@@@@@@@@@@e.......rr.....r.r..............r................e
e..........r.r......r.......................r.r..e@@@@@@@@@@ee@@@@@@@@@@ee@@@@@@@@@@ee@@@@@@@@@@ee@@@@@@@@@@ee@@@@@@@@@@ee@@@@@@@@@@ee@@@@@@@@@@ee@@@@@@@@@@ee@@@@@@@@@@ee@@@@@@@@@@ee@@@@@@@@@@ee@@@@@@@@@@ee@@@@@@@@@@ee@@@@@@@@@@ee@@@@@@@@@@ee@@@@@@@@@@ee@@@@@@@@@@ee@@@@@@@@@@ee@@@@@@@@@@e...r..........r..r.....r...................r..r.e
e...r.............................................eeeeeeeeeer.eeeeeeeeee..eeeeeeeeee..eeeeeeeeee..eeeeeeeeee..eeeeeeeeee..eeeeeeeeee..eeeeeeeeee..eeeeeeeeeer.eeeeeeeeee..eeeeeeeeeer.eeeeeeeeee..eeeeeeeeee..eeeeeeeeee..eeeeeeeeee..eeeeeeeeeer.eeeeeeeeee..eeeeeeeeee.reeeeeeeeee..eeeeeeeeee.r................r.........r.r......r...........e
e..r............r.................................eeeeeeeeee..eeeeeeeeee.reeeeeeeeeer.eeeeeeeeee.reeeeeeeeee..eeeeeeeeeerreeeeeeeeee..eeeeeeeeee..eeeeeeeeee..eeeeeeeeee.reeeeeeeeee.reeeeeeeeee..eeeeeeeeee..eeeeeeeeee..eeeeeeeeee..eeeeeeeeee..eeeeeeeeee..eeeeeeeeee..eeeeeeeeeer.eeeeeeeeee...r...r...r......r.r.r...r.....rr..............re
er..r..r...r....r..r...rr.r.......r..............e@@@@@@@@@@ee@@@@@@@@@@ee@@@@@@@@@@ee@@@@@@@@@@ee@@@@@@@@@@ee@@@@@@@@@@ee@@@@@@@@@@ee@@@@@@@@@@ee@@@@@@@@@@ee@@@@@@@@@@ee@@@@@@@@@@ee@@@@@@@@@@ee@@@@@@@@@@ee@@@@@@@@@@ee@@@@@@@@@@ee@@@@@@@@@@ee@@@@@@@@@@ee@@@@@@@@@@ee@@@@@@@@@@ee@@@@@@@@@@e............r........................r.......r..e
e..........r.....r....................r..........e@@@@@@@@@@ee@@@@@@@@@@ee@@@@@@@@@@ee@@@@@@@@@@ee@@@@@@@@@@ee@@@@@@@@@@ee@@@@@@@@@@ee@@@@@@@@@@ee@@@@@@@@@@ee@@@@@@@@@@ee@@@@@@@@@@ee@@@@@@@@@@ee@@@@@@@@@@ee@@@@@@@@@@ee@@@@@@@@@@ee@@@@@@@@@@ee@@@@@@@@@@ee@@@@@@@@@@ee@@@@@@@@@@ee@@@@@@@@@@e.............r.................r...........rr...e
e.........................r....r........r........reeeeeeeeee..eeeeeeeeeer.eeeeeeeeee..eeeeeeeeee.reeeeeeeeee..eeeeeeeeee..eeeeeeeeee..eeeeeeeeee..eeeeeeeeeer.eeeeeeeeee..eeeeeeeeee..eeeeeeeeeer.eeeeeeeeee..eeeeeeeeee..eeeeeeeeee.reeeeeeeeee..eeeeeeeeee..eeeeeeeeee..eeeeeeeeee..eeeeeeeeee.........r.r....r....r....r....r.................e
e.........rr......r.............r.r.........r.....eeeeeeeeee..eeeeeeeeee..eeeeeeeeee..eeeeeeeeee..eeeeeeeeee..eeeeeeeeee..eeeeeeeeeer.eeeeeeeeee..eeeeeeeeee.reeeeeeeeee..eeeeeeeeee..eeeeeeeeee..eeeeeeeeee..eeeeeeeeeer.eeeeeeeeee..eeeeeeeeee..eeeeeeeeee..eeeeeeeeee..eeeeeeeeee..eeeeeeeeee.........r.......r........r...r.r..............r.e
e................r...r.r..........r......r.......e@@@@@@@@@@ee@@@@@@@@@@ee@@@@@@@@@@ee@@@@@@@@@@ee@@@@@@@@@@ee@@@@@@@@@@ee@@@@@@@@@@ee@@@@@@@@@@ee@@@@@@@@@@ee@@@@@@@@@@ee@@@@@@@@@@ee@@@@@@@@@@ee@@@@@@@@@@ee@@@@@@@@@@ee@@@@@@@@@@ee@@@@@@@@@@ee@@@@@@@@@@ee@@@@@@@@@@ee@@@@@@@@@@ee@@@@@@@@@@e...r........................................r...e
e....................r.......r.............r.....e@@@@@@@@@@ee@@@@@@@@@@ee@@@@@@@@@@ee@@@@@@@@@@ee@@@@@@@@@@ee@@@@@@@@@@ee@@@@@@@@@@ee@@@@@@@@@@ee@@@@@@@@@@ee@@@@@@@@@@ee@@@@@@@@@@ee@@@@@@@@@@ee@@@@@@@@@@ee@@@@@@@@@@ee@@@@@@@@@@ee@@@@@@@@@@ee@@@@@@@@@@ee@@@@@@@@@@ee@@@@@@@@@@ee@@@@@@@@@@e............r...................r....r..rr.r....e
e...r............r..r...r.......r....r............eeeeeeeeee..eeeeeeeeee..eeeeeeeeee..eeeeeeeeee..eeeeeeeeee.reeeeeeeeee..eeeeeeeeee..eeeeeeeeee..eeeeeeeeee..eeeeeeeeee..eeeeeeeeeer.eeeeeeeeee..eeeeeeeeee..eeeeeeeeee..eeeeeeeeee..eeeeeeeeee..eeeeeeeeee..eeeeeeeeee..eeeeeeeeee..eeeeeeeeeer.......r...............r......r..r....r.........e
e..........................r.r..r.......rr....r...eeeeeeeeee..eeeeeeeeee..eeeeeeeeee..eeeeeeeeee..eeeeeeeeee..eeeeeeeeee..eeeeeeeeee..eeeeeeeeee..eeeeeeeeee.reeeeeeeeee..eeeeeeeeee..eeeeeeeeeer.eeeeeeeeee.reeeeeeeeee.reeeeeeeeee..eeeeeeeeee..eeeeeeeeee..eeeeeeeeee..eeeeeeeeee..eeeeeeeeeer.....r...........r.........r................r...e
e........rrr..rr.....r.......r.....r......r.r.r.re@@@@@@@@@@ee@@@@@@@@@@ee@@@@@@@@@@ee@@@@@@@@@@ee@@@@@@@@@@ee@@@@@@@@@@ee@@@@@@@@@@ee@@@@@@@@@@ee@@@@@@@@@@ee@@@@@@@@@@ee@@@@@@@@@@ee@@@@@@@@@@ee@@@@@@@@@@ee@@@@@@@@@@ee@@@@@@@@@@ee@@@@@@@@@@ee@@@@@@@@@@ee@@@@@@@@@@ee@@@@@@@@@@ee@@@@@@@@@@e...........r....r........r......r..r............e
e...r........r...r...r.rrr.....r.......r......r..e@@@@@@@@@@ee@@@@@@@@@@ee@@@@@@@@@@ee@@@@@@@@@@ee@@@@@@@@@@ee@@@@@@@@@@ee@@@@@@@@@@ee@@@@@@@@@@ee@@@@@@@@@@ee@@@@@@@@@@ee@@@@@@@@@@ee@@@@@@@@@@ee@@@@@@@@@@ee@@@@@@@@@@ee@@@@@@@@@@ee@@@@@@@@@@ee@@@@@@@@@@ee@@@@@@@@@@ee@@@@@@@@@@ee@@@@@@@@@@e..........r...rr...........................r..r.e
e................r....r....r..............rr......eeeeeeeeee..eeeeeeeeee..eeeeeeeeee..eeeeeeeeee..eeeeeeeeee..eeeeeeeeee..eeeeeeeeee..eeeeeeeeee..eeeeeeeeeer.eeeeeeeeee..eeeeeeeeee.reeeeeeeeee..eeeeeeeeeer.eeeeeeeeee..eeeeeeeeee..eeeeeeeeeer.eeeeeeeeee..eeeeeeeeee..eeeeeeeeee..eeeeeeeeee.r.....r.r........r.......r............r..r......e
e.......r...r.......r......r.............rr..r....eeeeeeeeee.reeeeeeeeee..eeeeeeeeee..eeeeeeeeee..eeeeeeeeee..eeeeeeeeee..eeeeeeeeeer.eeeeeeeeee..eeeeeeeeee..eeeeeeeeee..eeeeeeeeee..eeeeeeeeeerreeeeeeeeee..eeeeeeeeee..eeeeeeeeee..eeeeeeeeee..eeeeeeeeee..eeeeeeeeee..eeeeeeeeeer.eeeeeeeeee......r..............................r.r..r....r.e
e.r........r...........................r.........e@@@@@@@@@@ee@@@@@@@@@@ee@@@@@@@@@@ee@@@@@@@@@@ee@@@@@@@@@@ee@@@@@@@@@@ee@@@@@@@@@@ee@@@@@@@@@@ee@@@@@@@@@@ee@@@@@@@@@@ee@@@@@@@@@@ee@@@@@@@@@@ee@@@@@@@@@@ee@@@@@@@@@@ee@@@@@@@@@@ee@@@@@@@@@@ee@@@@@@@@@@ee@@@@@@@@@@ee@@@@@@@@@@ee@@@@@@@@@@er..r.......r.......r........r.r.................e
e.rr.r..................r........r...............e@@@@@@@@@@ee@@@@@@@@@@ee@@@@@@@@@@ee@@@@@@@@@@ee@@@@@@@@@@ee@@@@@@@@@@ee@@@@@@@@@@ee@@@@@@@@@@ee@@@@@@@@@@ee@@@@@@@@@@ee@@@@@@@@@@ee@@@@@@@@@@ee@@@@@@@@@@ee@@@@@@@@@@ee@@@@@@@@@@ee@@@@@@@@@@ee@@@@@@@@@@ee@@@@@@@@@@ee@@@@@@@@@@ee@@@@@@@@@@e.rr..r..............r.........r.....r.....r.....e
e.....r....r..r....................r..r....r....r.eeeeeeeeee..eeeeeeeeee..eeeeeeeeee..eeeeeeeeeerreeeeeeeeee..eeeeeeeeeer.eeeeeeeeeer.eeeeeeeeee..eeeeeeeeee..eeeeeeeeee..eeeeeeeeeerreeeeeeeeeer.eeeeeeeeee..eeeeeeeeee..eeeeeeeeee..eeeeeeeeee..eeeeeeeeee..eeeeeeeeee.reeeeeeeeee..eeeeeeeeee..r........r....rr.........................r.....e
e...r.........................r...r.............r.eeeeeeeeee..eeeeeeeeeer.eeeeeeeeeer.eeeeeeeeee..eeeeeeeeee..eeeeeeeeee..eeeeeeeeee..eeeeeeeeee..eeeeeeeeee..eeeeeeeeee..eeeeeeeeee.reeeeeeeeee..eeeeeeeeee..eeeeeeeeeer.eeeeeeeeee..eeeeeeeeee..eeeeeeeeeer.eeeeeeeeeer.eeeeeeeeee..eeeeeeeeee.............r..r.r.........r.r.r..r......r....r.e
er........r.....................r.........r......e@@@@@@@@@@ee@@@@@@@@@@ee@@@@@@@@@@ee@@@@@@@@@@ee@@@@@@@@@@ee@@@@@@@@@@ee@@@@@@@@@@ee@@@@@@@@@@ee@@@@@@@@@@ee@@@@@@@@@@ee@@@@@@@@@@ee@@@@@@@@@@ee@@@@@@@@@@ee@@@@@@@@@@ee@@@@@@@@@@ee@@@@@@@@@@ee@@@@@@@@@@ee@@@@@@@@@@ee@@@@@@@@@@ee@@@@@@@@@@e.......r..................r...........r......rr.e
er.....................r......rr.r...........r..re@@@@@@@@@@ee@@@@@@@@@@ee@@@@@@@@@@ee@@@@@@@@@@ee@@@@@@@@@@ee@@@@@@@@@@ee@@@@@@@@@@ee@@@@@@@@@@ee@@@@@@@@@@ee@@@@@@@@@@ee@@@@@@@@@@ee@@@@@@@@@@ee@@@@@@@@@@ee@@@@@@@@@@ee@@@@@@@@@@ee@@@@@@@@@@ee@@@@@@@@@@ee@@@@@@@@@@ee@@@@@@@@@@ee@@@@@@@@@@er...r.r...r..r..........r..............r........e
e..............r...........................r...r..eeeeeeeeee..eeeeeeeeee.reeeeeeeeee..eeeeeeeeee..eeeeeeeeee..eeeeeeeeee..eeeeeeeeee..eeeeeeeeee..eeeeeeeeee.reeeeeeeeeer.eeeeeeeeee..eeeeeeeeee..eeeeeeeeee..eeeeeeeeee.reeeeeeeeee..eeeeeeeeee..eeeeeeeeee..eeeeeeeeee.reeeeeeeeee..eeeeeeeeee........r..rr............r.........r.............e
e........r..............r.........r.......r.r...rreeeeeeeeee.reeeeeeeeee..eeeeeeeeee..eeeeeeeeee..eeeeeeeeee..eeeeeeeeee..eeeeeeeeeer.eeeeeeeeee..eeeeeeeeee..eeeeeeeeee..eeeeeeeeee..eeeeeeeeee.reeeeeeeeee..eeeeeeeeeer.eeeeeeeeee..eeeeeeeeee..eeeeeeeeee..eeeeeeeeee..eeeeeeeeee..eeeeeeeeee........r.................r....r.......r.......r.e
e.........r......r..r........r.....r.............e@@@@@@@@@@ee@@@@@@@@@@ee@@@@@@@@@@ee@@@@@@@@@@ee@@@@@@@@@@ee@@@@@@@@@@ee@@@@@@@@@@ee@@@@@@@@@@ee@@@@@@@@@@ee@@@@@@@@@@ee@@@@@@@@@@ee@@@@@@@@@@ee@@@@@@@@@@ee@@@@@@@@@@ee@@@@@@@@@@ee@@@@@@@@@@ee@@@@@@@@@@ee@@@@@@@@@@ee@@@@@@@@@@ee@@@@@@@@@@e...............r.....r...r......r...............e
e....r............r............r.................e@@@@@@@@@@ee@@@@@@@@@@ee@@@@@@@@@@ee@@@@@@@@@@ee@@@@@@@@@@ee@@@@@@@@@@ee@@@@@@@@@@ee@@@@@@@@@@ee@@@@@@@@@@ee@@@@@@@@@@ee@@@@@@@@@@ee@@@@@@@@@@ee@@@@@@@@@@ee@@@@@@@@@@ee@@@@@@@@@@ee@@@@@@@@@@ee@@@@@@@@@@ee@@@@@@@@@@ee@@@@@@@@@@ee@@@@@@@@@@e...r...r.r..rr........r...r...rr................e
e..rr...............r......r..........r...........eeeeeeeeeer.eeeeeeeeee.reeeeeeeeee..eeeeeeeeee..eeeeeeeeee.reeeeeeeeee..eeeeeeeeee..eeeeeeeeee..eeeeeeeeee..eeeeeeeeee..eeeeeeeeeer.eeeeeeeeee..eeeeeeeeee..eeeeeeeeeer.eeeeeeeeee..eeeeeeeeee..eeeeeeeeee..eeeeeeeeee..eeeeeeeeee..eeeeeeeeee.......r..........rr...r....r.......r.....rr.....e
er..r.r..r............r.....r..............r...r.reeeeeeeeee.reeeeeeeeee..eeeeeeeeee.reeeeeeeeeer.eeeeeeeeee.reeeeeeeeee..eeeeeeeeee..eeeeeeeeeer.eeeeeeeeee..eeeeeeeeee..eeeeeeeeee..eeeeeeeeee..eeeeeeeeee..eeeeeeeeee..eeeeeeeeee..eeeeeeeeee..eeeeeeeeee.reeeeeeeeee..eeeeeeeeeer.eeeeeeeeee..r...........r........r.........r.rr............e
er..r.................r....rr.r..................e@@@@@@@@@@ee@@@@@@@@@@ee@@@@@@@@@@ee@@@@@@@@@@ee@@@@@@@@@@ee@@@@@@@@@@ee@@@@@@@@@@ee@@@@@@@@@@ee@@@@@@@@@@ee@@@@@@@@@@ee@@@@@@@@@@ee@@@@@@@@@@ee@@@@@@@@@@ee@@@@@@@@@@ee@@@@@@@@@@ee@@@@@@@@@@ee@@@@@@@@@@ee@@@@@@@@@@ee@@@@@@@@@@ee@@@@@@@@@@e..r.r....r..r.r...r.rr..........................e
er..................rr............r.......r.rr...e@@@@@@@@@@ee@@@@@@@@@@ee@@@@@@@@@@ee@@@@@@@@@@ee@@@@@@@@@@ee@@@@@@@@@@ee@@@@@@@@@@ee@@@@@@@@@@ee@@@@@@@@@@ee@@@@@@@@@@ee@@@@@@@@@@ee@@@@@@@@@@ee@@@@@@@@@@ee@@@@@@@@@@ee@@@@@@@@@@ee@@@@@@@@@@ee@@@@@@@@@@ee@@@@@@@@@@ee@@@@@@@@@@ee@@@@@@@@@@e.........r.r...r.............................r..e
e.................................................eeeeeeeeee..eeeeeeeeee..eeeeeeeeeer.eeeeeeeeee.reeeeeeeeee..eeeeeeeeee..eeeeeeeeee.reeeeeeeeee..eeeeeeeeee..eeeeeeeeee..eeeeeeeeee..eeeeeeeeee.reeeeeeeeeer.eeeeeeeeee..eeeeeeeeee.reeeeeeeeee..eeeeeeeeee..eeeeeeeeee..eeeeeeeeee.reeeeeeeeee.....r.....rr....................r.r.....r.......e
e..................r.r...r..............r.........eeeeeeeeee.reeeeeeeeee..eeeeeeeeee.reeeeeeeeee.reeeeeeeeee..eeeeeeeeee..eeeeeeeeee..eeeeeeeeee..eeeeeeeeee..eeeeeeeeee..eeeeeeeeee..eeeeeeeeeer.eeeeeeeeee..eeeeeeeeee..eeeeeeeeee..eeeeeeeeeer.eeeeeeeeee..eeeeeeeeee..eeeeeeeeee..eeeeeeeeee.r..r..............r.....r........r...r...rr.....e
er.rr...........rr.......r.......r..r..........rre@@@@@@@@@@ee@@@@@@@@@@ee@@@@@@@@@@ee@@@@@@@@@@ee@@@@@@@@@@ee@@@@@@@@@@ee@@@@@@@@@@ee@@@@@@@@@@ee@@@@@@@@@@ee@@@@@@@@@@ee@@@@@@@@@@ee@@@@@@@@@@ee@@@@@@@@@@ee@@@@@@@@@@ee@@@@@@@@@@ee@@@@@@@@@@ee@@@@@@@@@@ee@@@@@@@@@@ee@@@@@@@@@@ee@@@@@@@@@@e...r...r..r.......rrr...........................e
e.......r......rr.....rr....r....................e@@@@@@@@@@ee@@@@@@@@@@ee@@@@@@@@@@ee@@@@@@@@@@ee@@@@@@@@@@ee@@@@@@@@@@ee@@@@@@@@@@ee@@@@@@@@@@ee@@@@@@@@@@ee@@@@@@@@@@ee@@@@@@@@@@ee@@@@@@@@@@ee@@@@@@@@@@ee@@@@@@@@@@ee@@@@@@@@@@ee@@@@@@@@@@ee@@@@@@@@@@ee@@@@@@@@@@ee@@@@@@@@@@ee@@@@@@@@@@e......r....r.r..........r.......................e
e........r.....................................r.reeeeeeeeee..eeeeeeeeee..eeeeeeeeee..eeeeeeeeee..eeeeeeeeeer.eeeeeeeeee..eeeeeeeeee.reeeeeeeeee..eeeeeeeeee..eeeeeeeeee..eeeeeeeeee..eeeeeeeeee..eeeeeeeeeer.eeeeeeeeee..eeeeeeeeee..eeeeeeeeee..eeeeeeeeee.reeeeeeeeee..eeeeeeeeee..eeeeeeeeee.........r..r...r.................r..............e
e..............r...............rr...r.r......r....eeeeeeeeee..eeeeeeeeee.reeeeeeeeee..eeeeeeeeee.reeeeeeeeee.reeeeeeeeee.reeeeeeeeee..eeeeeeeeeer.eeeeeeeeee..eeeeeeeeeer.eeeeeeeeeer.eeeeeeeeee.reeeeeeeeee..eeeeeeeeee..eeeeeeeeee..eeeeeeeeee..eeeeeeeeeer.eeeeeeeeee..eeeeeeeeeer.eeeeeeeeee.......................r......r..................e
e.............r.....r........r.r.......r..r.r....e@@@@@@@@@@ee@@@@@@@@@@ee@@@@@@@@@@ee@@@@@@@@@@ee@@@@@@@@@@ee@@@@@@@@@@ee@@@@@@@@@@ee@@@@@@@@@@ee@@@@@@@@@@ee@@@@@@@@@@ee@@@@@@@@@@ee@@@@@@@@@@ee@@@@@@@@@@ee@@@@@@@@@@ee@@@@@@@@@@ee@@@@@@@@@@ee@@@@@@@@@@ee@@@@@@@@@@ee@@@@@@@@@@ee@@@@@@@@@@e.....r........r.....r........rr....r..........r.e
e...r..r.r.r.r....rr.....r..r......r.........r...e@@@@@@@@@@ee@@@@@@@@@@ee@@@@@@@@@@ee@@@@@@@@@@ee@@@@@@@@@@ee@@@@@@@@@@ee@@@@@@@@@@ee@@@@@@@@@@ee@@@@@@@@@@ee@@@@@@@@@@ee@@@@@@@@@@ee@@@@@@@@@@ee@@@@@@@@@@ee@@@@@@@@@@ee@@@@@@@@@@ee@@@@@@@@@@ee@@@@@@@@@@ee@@@@@@@@@@ee@@@@@@@@@@ee@@@@@@@@@@e....................................r.....r.....e
e..r...........r.....r..r...........r..........r..eeeeeeeeee..eeeeeeeeee..eeeeeeeeee..eeeeeeeeee..eeeeeeeeeer.eeeeeeeeee..eeeeeeeeee..eeeeeeeeee..eeeeeeeeee..eeeeeeeeee..eeeeeeeeee..eeeeeeeeee..eeeeeeeeee..eeeeeeeeee..eeeeeeeeee..eeeeeeeeee.reeeeeeeeee..eeeeeeeeee..eeeeeeeeee.reeeeeeeeee...r..................rr..rr.....................e
e.rr.........r.r......r......................r....eeeeeeeeeer.eeeeeeeeee..eeeeeeeeee..eeeeeeeeee..eeeeeeeeee..eeeeeeeeee..eeeeeeeeeer.eeeeeeeeeer.eeeeeeeeee..eeeeeeeeee..eeeeeeeeee..eeeeeeeeeer.eeeeeeeeee..eeeeeeeeee..eeeeeeeeee..eeeeeeeeeer.eeeeeeeeee..eeeeeeeeee..eeeeeeeeee..eeeeeeeeeer.r.r................r........r..................e
e....rr..r.......r...........r......r............e@@@@@@@@@@ee@@@@@@@@@@ee@@@@@@@@@@ee@@@@@@@@@@ee@@@@@@@@@@ee@@@@@@@@@@ee@@@@@@@@@@ee@@@@@@@@@@ee@@@@@@@@@@ee@@@@@@@@@@ee@@@@@@@@@@ee@@@@@@@@@@ee@@@@@@@@@@ee@@@@@@@@@@ee@@@@@@@@@@ee@@@@@@@@@@ee@@@@@@@@@@ee@@@@@@@@@@ee@@@@@@@@@@ee@@@@@@@@@@e...................r.......r..............r....re
e..r............r.................r..............e@@@@@@@@@@ee@@@@@@@@@@ee@@@@@@@@@@ee@@@@@@@@@@ee@@@@@@@@@@ee@@@@@@@@@@ee@@@@@@@@@@ee@@@@@@@@@@ee@@@@@@@@@@ee@@@@@@@@@@ee@@@@@@@@@@ee@@@@@@@@@@ee@@@@@@@@@@ee@@@@@@@@@@ee@@@@@@@@@@ee@@@@@@@@@@ee@@@@@@@@@@ee@@@@@@@@@@ee@@@@@@@@@@ee@@@@@@@@@@er...r....r.........................r.r....r.....e
e..rr.............r............................r..eeeeeeeeeerreeeeeeeeee..eeeeeeeeee..eeeeeeeeeer.eeeeeeeeee.reeeeeeeeeer.eeeeeeeeee..eeeeeeeeee..eeeeeeeeee..eeeeeeeeee..eeeeeeeeee..eeeeeeeeee.reeeeeeeeee..eeeeeeeeee..eeeeeeeeee..eeeeeeeeee..eeeeeeeeee..eeeeeeeeee..eeeeeeeeee..eeeeeeeeee.......r............r...............r.....rr...r.e
e...rr....r...............................r....r..eeeeeeeeee..eeeeeeeeee..eeeeeeeeee.reeeeeeeeee..eeeeeeeeee..eeeeeeeeeer.eeeeeeeeee..eeeeeeeeee..eeeeeeeeee..eeeeeeeeee..eeeeeeeeee..eeeeeeeeee..eeeeeeeeee..eeeeeeeeee..eeeeeeeeee..eeeeeeeeee..eeeeeeeeee..eeeeeeeeee..eeeeeeeeee..eeeeeeeeee.......r...........r...............r.............e
e.........r.r..............r.......r..r......r.r.e@@@@@@@@@@ee@@@@@@@@@@ee@@@@@@@@@@ee@@@@@@@@@@ee@@@@@@@@@@ee@@@@@@@@@@ee@@@@@@@@@@ee@@@@@@@@@@ee@@@@@@@@@@ee@@@@@@@@@@ee@@@@@@@@@@ee@@@@@@@@@@ee@@@@@@@@@@ee@@@@@@@@@@ee@@@@@@@@@@ee@@@@@@@@@@ee@@@@@@@@@@ee@@@@@@@@@@ee@@@@@@@@@@ee@@@@@@@@@@e.........rr.........r...............r.....r.....e
e....rr....r....rr.........r.....................e@@@@@@@@@@ee@@@@@@@@@@ee@@@@@@@@@@ee@@@@@@@@@@ee@@@@@@@@@@ee@@@@@@@@@@ee@@@@@@@@@@ee@@@@@@@@@@ee@@@@@@@@@@ee@@@@@@@@@@ee@@@@@@@@@@ee@@@@@@@@@@ee@@@@@@@@@@ee@@@@@@@@@@ee@@@@@@@@@@ee@@@@@@@@@@ee@@@@@@@@@@ee@@@@@@@@@@ee@@@@@@@@@@ee@@@@@@@@@@e....r...rr........r.r.r..................r.r....e
e.....r.r..r............................r.......r.eeeeeeeeee..eeeeeeeeee..eeeeeeeeee..eeeeeeeeee..eeeeeeeeee..eeeeeeeeee..eeeeeeeeee..eeeeeeeeee..eeeeeeeeee..eeeeeeeeee..eeeeeeeeee..eeeeeeeeee..eeeeeeeeeer.eeeeeeeeee..eeeeeeeeee..eeeeeeeeee..eeeeeeeeee..eeeeeeeeee..eeeeeeeeee..eeeeeeeeee................r.....................r.......r.re
e...............r.........r.r....r..r.r.r.......r.eeeeeeeeee..eeeeeeeeee..eeeeeeeeee..eeeeeeeeee..eeeeeeeeee..eeeeeeeeee.reeeeeeeeee.reeeeeeeeee..eeeeeeeeee..eeeeeeeeee..eeeeeeeeee..eeeeeeeeee..eeeeeeeeee..eeeeeeeeee..eeeeeeeeee..eeeeeeeeee..eeeeeeeeee..eeeeeeeeee..eeeeeeeeee..eeeeeeeeee.....r......r.....r.............r...............re
e..........................................r.....e@@@@@@@@@@ee@@@@@@@@@@ee@@@@@@@@@@ee@@@@@@@@@@ee@@@@@@@@@@ee@@@@@@@@@@ee@@@@@@@@@@ee@@@@@@@@@@ee@@@@@@@@@@ee@@@@@@@@@@ee@@@@@@@@@@ee@@@@@@@@@@ee@@@@@@@@@@ee@@@@@@@@@@ee@@@@@@@@@@ee@@@@@@@@@@ee@@@@@@@@@@ee@@@@@@@@@@ee@@@@@@@@@@ee@@@@@@@@@@e...........r...............r....................e
e.........r..........rr..........................e@@@@@@@@@@ee@@@@@@@@@@ee@@@@@@@@@@ee@@@@@@@@@@ee@@@@@@@@@@ee@@@@@@@@@@ee@@@@@@@@@@ee@@@@@@@@@@ee@@@@@@@@@@ee@@@@@@@@@@ee@@@@@@@@@@ee@@@@@@@@@@ee@@@@@@@@@@ee@@@@@@@@@@ee@@@@@@@@@@ee@@@@@@@@@@ee@@@@@@@@@@ee@@@@@@@@@@ee@@@@@@@@@@ee@@@@@@@@@@e...............................r................e
e.r...............r....r.r...............r.r.r....eeeeeeeeee.reeeeeeeeee..eeeeeeeeeer.eeeeeeeeee..eeeeeeeeee..eeeeeeeeee..eeeeeeeeee..eeeeeeeeee..eeeeeeeeee..eeeeeeeeee..eeeeeeeeee..eeeeeeeeee..eeeeeeeeeerreeeeeeeeee..eeeeeeeeee..eeeeeeeeeer.eeeeeeeeee..eeeeeeeeee..eeeeeeeeee..eeeeeeeeee.....r..r........................................e
er...........r..r.r....................r..........eeeeeeeeee..eeeeeeeeee..eeeeeeeeee..eeeeeeeeee..eeeeeeeeee..eeeeeeeeee..eeeeeeeeee..eeeeeeeeeer.eeeeeeeeee..eeeeeeeeee..eeeeeeeeee..eeeeeeeeee.reeeeeeeeee..eeeeeeeeee..eeeeeeeeee..eeeeeeeeee..eeeeeeeeee..eeeeeeeeee..eeeeeeeeee..eeeeeeeeeer....r......r.........................r.........re
e..r.........r................r..................e@@@@@@@@@@ee@@@@@@@@@@ee@@@@@@@@@@ee@@@@@@@@@@ee@@@@@@@@@@ee@@@@@@@@@@ee@@@@@@@@@@ee@@@@@@@@@@ee@@@@@@@@@@ee@@@@@@@@@@ee@@@@@@@@@@ee@@@@@@@@@@ee@@@@@@@@@@ee@@@@@@@@@@ee@@@@@@@@@@ee@@@@@@@@@@ee@@@@@@@@@@ee@@@@@@@@@@ee@@@@@@@@@@ee@@@@@@@@@@er..........rr.....r.................r.....r.....e
e................r......r..r........r.....r......e@@@@@@@@@@ee@@@@@@@@@@ee@@@@@@@@@@ee@@@@@@@@@@ee@@@@@@@@@@ee@@@@@@@@@@ee@@@@@@@@@@ee@@@@@@@@@@ee@@@@@@@@@@ee@@@@@@@@@@ee@@@@@@@@@@ee@@@@@@@@@@ee@@@@@@@@@@ee@@@@@@@@@@ee@@@@@@@@@@ee@@@@@@@@@@ee@@@@@@@@@@ee@@@@@@@@@@ee@@@@@@@@@@ee@@@@@@@@@@e...........r........r........r..................e
e....r.r.r.r........r.......................r.....eeeeeeeeee..eeeeeeeeee.reeeeeeeeee..eeeeeeeeeer.eeeeeeeeee.reeeeeeeeeer.eeeeeeeeee..eeeeeeeeee..eeeeeeeeee..eeeeeeeeee..eeeeeeeeee..eeeeeeeeee.reeeeeeeeee..eeeeeeeeee..eeeeeeeeee..eeeeeeeeeer.eeeeeeeeee..eeeeeeeeee.reeeeeeeeeer.eeeeeeeeee......................................r..........e
e.................r.......r.....r......rr..r......eeeeeeeeee..eeeeeeeeee..eeeeeeeeee..eeeeeeeeee..eeeeeeeeee..eeeeeeeeee.reeeeeeeeee..eeeeeeeeee..eeeeeeeeee..eeeeeeeeee..eeeeeeeeeer.eeeeeeeeee.reeeeeeeeeerreeeeeeeeee.reeeeeeeeee..eeeeeeeeee..eeeeeeeeee..eeeeeeeeee..eeeeeeeeeer.eeeeeeeeee.............r.....rr..r..r..r....r.....r........e
e...r........................r.....r..rrr......r.e@@@@@@@@@@ee@@@@@@@@@@ee@@@@@@@@@@ee@@@@@@@@@@ee@@@@@@@@@@ee@@@@@@@@@@ee@@@@@@@@@@ee@@@@@@@@@@ee@@@@@@@@@@ee@@@@@@@@@@ee@@@@@@@@@@ee@@@@@@@@@@ee@@@@@@@@@@ee@@@@@@@@@@ee@@@@@@@@@@ee@@@@@@@@@@ee@@@@@@@@@@ee@@@@@@@@@@ee@@@@@@@@@@ee@@@@@@@@@@e....rr.........rr.rr...r........rr.r............e
e.....r..........r...........r.........r.........e@@@@@@@@@@ee@@@@@@@@@@ee@@@@@@@@@@ee@@@@@@@@@@ee@@@@@@@@@@ee@@@@@@@@@@ee@@@@@@@@@@ee@@@@@@@@@@ee@@@@@@@@@@ee@@@@@@@@@@ee@@@@@@@@@@ee@@@@@@@@@@ee@@@@@@@@@@ee@@@@@@@@@@ee@@@@@@@@@@ee@@@@@@@@@@ee@@@@@@@@@@ee@@@@@@@@@@ee@@@@@@@@@@ee@@@@@@@@@@e....r.......r.......r...rr......r...........r...e
e.........r...r........r...rr...r.......r.........eeeeeeeeee..eeeeeeeeee..eeeeeeeeee..eeeeeeeeee..eeeeeeeeee..eeeeeeeeee..eeeeeeeeeer.eeeeeeeeeer.eeeeeeeeee..eeeeeeeeee..eeeeeeeeee..eeeeeeeeee..eeeeeeeeee..eeeeeeeeee..eeeeeeeeee..eeeeeeeeee..eeeeeeeeee..eeeeeeeeee.reeeeeeeeee.reeeeeeeeee.rr............r.....................r...r.......e
er......r......................r.....r.....r......eeeeeeeeee..eeeeeeeeee..eeeeeeeeee..eeeeeeeeee..eeeeeeeeee.reeeeeeeeee..eeeeeeeeee..eeeeeeeeee..eeeeeeeeee.reeeeeeeeee..eeeeeeeeee..eeeeeeeeee..eeeeeeeeee..eeeeeeeeee.reeeeeeeeee..eeeeeeeeee..eeeeeeeeee..eeeeeeeeee..eeeeeeeeee..eeeeeeeeeer.......rr.............r.........r.........r.....e
e............r..........r.......................re@@@@@@@@@@ee@@@@@@@@@@ee@@@@@@@@@@ee@@@@@@@@@@ee@@@@@@@@@@ee@@@@@@@@@@ee@@@@@@@@@@ee@@@@@@@@@@ee@@@@@@@@@@ee@@@@@@@@@@ee@@@@@@@@@@ee@@@@@@@@@@ee@@@@@@@@@@ee@@@@@@@@@@ee@@@@@@@@@@ee@@@@@@@@@@ee@@@@@@@@@@ee@@@@@@@@@@ee@@@@@@@@@@ee@@@@@@@@@@e......................r..r.r...............r....e
e...............rr...........r....rr.............e@@@@@@@@@@ee@@@@@@@@@@ee@@@@@@@@@@ee@@@@@@@@@@ee@@@@@@@@@@ee@@@@@@@@@@ee@@@@@@@@@@ee@@@@@@@@@@ee@@@@@@@@@@ee@@@@@@@@@@ee@@@@@@@@@@ee@@@@@@@@@@ee@@@@@@@@@@ee@@@@@@@@@@ee@@@@@@@@@@ee@@@@@@@@@@ee@@@@@@@@@@ee@@@@@@@@@@ee@@@@@@@@@@ee@@@@@@@@@@e...........r..r................r..r.............e
e............r..r................................reeeeeeeeee..eeeeeeeeee..eeeeeeeeee..eeeeeeeeee..eeeeeeeeee..eeeeeeeeee..eeeeeeeeee..eeeeeeeeee..eeeeeeeeee..eeeeeeeeee..eeeeeeeeee..eeeeeeeeee..eeeeeeeeee.reeeeeeeeee..eeeeeeeeee.reeeeeeeeee..eeeeeeeeee..eeeeeeeeee..eeeeeeeeeer.eeeeeeeeee.....r..........r.r..............................e
e............................................r...reeeeeeeeee..eeeeeeeeee..eeeeeeeeee..eeeeeeeeee..eeeeeeeeeer.eeeeeeeeee..eeeeeeeeee..eeeeeeeeeerreeeeeeeeee..eeeeeeeeeer.eeeeeeeeee..eeeeeeeeee..eeeeeeeeee.reeeeeeeeee..eeeeeeeeee..eeeeeeeeee..eeeeeeeeeer.eeeeeeeeee..eeeeeeeeee.reeeeeeeeee.........r.......................r.........r....re
e.r.............r.......r......r...r.......r....re@@@@@@@@@@ee@@@@@@@@@@ee@@@@@@@@@@ee@@@@@@@@@@ee@@@@@@@@@@ee@@@@@@@@@@ee@@@@@@@@@@ee@@@@@@@@@@ee@@@@@@@@@@ee@@@@@@@@@@ee@@@@@@@@@@ee@@@@@@@@@@ee@@@@@@@@@@ee@@@@@@@@@@ee@@@@@@@@@@ee@@@@@@@@@@ee@@@@@@@@@@ee@@@@@@@@@@ee@@@@@@@@@@ee@@@@@@@@@@e....r...r....................................r..e
e......r..r...r...................r..............e@@@@@@@@@@ee@@@@@@@@@@ee@@@@@@@@@@ee@@@@@@@@@@ee@@@@@@@@@@ee@@@@@@@@@@ee@@@@@@@@@@ee@@@@@@@@@@ee@@@@@@@@@@ee@@@@@@@@@@ee@@@@@@@@@@ee@@@@@@@@@@ee@@@@@@@@@@ee@@@@@@@@@@ee@@@@@@@@@@ee@@@@@@@@@@ee@@@@@@@@@@ee@@@@@@@@@@ee@@@@@@@@@@ee@@@@@@@@@@e....r....r..r..r...r......r..................rrre
e....r...rrrr......r.....r....r.r.............r...eeeeeeeeee..eeeeeeeeee..eeeeeeeeee..eeeeeeeeee..eeeeeeeeee..eeeeeeeeee..eeeeeeeeee..eeeeeeeeee..eeeeeeeeee..eeeeeeeeee..eeeeeeeeee..eeeeeeeeee..eeeeeeeeee..eeeeeeeeee..eeeeeeeeee..eeeeeeeeee..eeeeeeeeeer.eeeeeeeeee..eeeeeeeeee..eeeeeeeeee..........r..r...........r.....................r.e
e......................r..r......r........r....r..eeeeeeeeee..eeeeeeeeee.reeeeeeeeeer.eeeeeeeeee..eeeeeeeeee..eeeeeeeeee..eeeeeeeeee..eeeeeeeeee..eeeeeeeeee..eeeeeeeeee..eeeeeeeeee..eeeeeeeeee..eeeeeeeeee..eeeeeeeeee.reeeeeeeeeer.eeeeeeeeeer.eeeeeeeeee.reeeeeeeeee.reeeeeeeeee.reeeeeeeeee.r.........r....r..r.......r..........r.r........e
e.............r........r...r...............r....re@@@@@@@@@@ee@@@@@@@@@@ee@@@@@@@@@@ee@@@@@@@@@@ee@@@@@@@@@@ee@@@@@@@@@@ee@@@@@@@@@@ee@@@@@@@@@@ee@@@@@@@@@@ee@@@@@@@@@@ee@@@@@@@@@@ee@@@@@@@@@@ee@@@@@@@@@@ee@@@@@@@@@@ee@@@@@@@@@@ee@@@@@@@@@@ee@@@@@@@@@@ee@@@@@@@@@@ee@@@@@@@@@@ee@@@@@@@@@@e......rr.........r...r.........r....r......r.r..e
e............................r.......r...........e@@@@@@@@@@ee@@@@@@@@@@ee@@@@@@@@@@ee@@@@@@@@@@ee@@@@@@@@@@ee@@@@@@@@@@ee@@@@@@@@@@ee@@@@@@@@@@ee@@@@@@@@@@ee@@@@@@@@@@ee@@@@@@@@@@ee@@@@@@@@@@ee@@@@@@@@@@ee@@@@@@@@@@ee@@@@@@@@@@ee@@@@@@@@@@ee@@@@@@@@@@ee@@@@@@@@@@ee@@@@@@@@@@ee@@@@@@@@@@e.r.......r...r.......................r.....r.r..e
er..................r...........r....r....r.......eeeeeeeeee..eeeeeeeeee..eeeeeeeeee..eeeeeeeeee..eeeeeeeeee..eeeeeeeeee..eeeeeeeeee..eeeeeeeeee..eeeeeeeeee..eeeeeeeeee..eeeeeeeeee..eeeeeeeeee..eeeeeeeeee..eeeeeeeeee..eeeeeeeeee..eeeeeeeeee..eeeeeeeeee..eeeeeeeeee..eeeeeeeeee..eeeeeeeeee.rr........rr....r...........r.........r.........e
er.r........r.......r.r................r......r...eeeeeeeeee.reeeeeeeeee..eeeeeeeeee..eeeeeeeeeer.eeeeeeeeee.reeeeeeeeee..eeeeeeeeee..eeeeeeeeee..eeeeeeeeee..eeeeeeeeee..eeeeeeeeee..eeeeeeeeee..eeeeeeeeee..eeeeeeeeeer.eeeeeeeeee..eeeeeeeeeer.eeeeeeeeee..eeeeeeeeee..eeeeeeeeee..eeeeeeeeee...................r..r...............r....r.....e
e............r.r....r........r....r.....r.r......e@@@@@@@@@@ee@@@@@@@@@@ee@@@@@@@@@@ee@@@@@@@@@@ee@@@@@@@@@@ee@@@@@@@@@@ee@@@@@@@@@@ee@@@@@@@@@@ee@@@@@@@@@@ee@@@@@@@@@@ee@@@@@@@@@@ee@@@@@@@@@@ee@@@@@@@@@@ee@@@@@@@@@@ee@@@@@@@@@@ee@@@@@@@@@@ee@@@@@@@@@@ee@@@@@@@@@@ee@@@@@@@@@@ee@@@@@@@@@@e......r.............r.r.............r...........e
e.............................r....r.............e@@@@@@@@@@ee@@@@@@@@@@ee@@@@@@@@@@ee@@@@@@@@@@ee@@@@@@@@@@ee@@@@@@@@@@ee@@@@@@@@@@ee@@@@@@@@@@ee@@@@@@@@@@ee@@@@@@@@@@ee@@@@@@@@@@ee@@@@@@@@@@ee@@@@@@@@@@ee@@@@@@@@@@ee@@@@@@@@@@ee@@@@@@@@@@ee@@@@@@@@@@ee@@@@@@@@@@ee@@@@@@@@@@ee@@@@@@@@@@e........r..rr........r.......r...............r.re
e.......r..rr........r...r...r...r.............r.reeeeeeeeee..eeeeeeeeee..eeeeeeeeee..eeeeeeeeee..eeeeeeeeee..eeeeeeeeee..eeeeeeeeee..eeeeeeeeee..eeeeeeeeee..eeeeeeeeee.reeeeeeeeee.reeeeeeeeee..eeeeeeeeee..eeeeeeeeee..eeeeeeeeee..eeeeeeeeee..eeeeeeeeee..eeeeeeeeee..eeeeeeeeee..eeeeeeeeee................r..rr...r..........r............re
e........r..............r..............r.......r..eeeeeeeeee..eeeeeeeeee..eeeeeeeeeer.eeeeeeeeee..eeeeeeeeee..eeeeeeeeee..eeeeeeeeee..eeeeeeeeeer.eeeeeeeeee..eeeeeeeeee.reeeeeeeeee..eeeeeeeeee..eeeeeeeeee..eeeeeeeeee..eeeeeeeeee..eeeeeeeeee..eeeeeeeeee..eeeeeeeeee..eeeeeeeeee..eeeeeeeeee.r.....r...r......................r.....r.......re
e.................r......r.......................e@@@@@@@@@@ee@@@@@@@@@@ee@@@@@@@@@@ee@@@@@@@@@@ee@@@@@@@@@@ee@@@@@@@@@@ee@@@@@@@@@@ee@@@@@@@@@@ee@@@@@@@@@@ee@@@@@@@@@@ee@@@@@@@@@@ee@@@@@@@@@@ee@@@@@@@@@@ee@@@@@@@@@@ee@@@@@@@@@@ee@@@@@@@@@@ee@@@@@@@@@@ee@@@@@@@@@@ee@@@@@@@@@@ee@@@@@@@@@@e.r..r........r..................................e
e....r.............r.......r.r...................e@@@@@@@@@@ee@@@@@@@@@@ee@@@@@@@@@@ee@@@@@@@@@@ee@@@@@@@@@@ee@@@@@@@@@@ee@@@@@@@@@@ee@@@@@@@@@@ee@@@@@@@@@@ee@@@@@@@@@@ee@@@@@@@@@@ee@@@@@@@@@@ee@@@@@@@@@@ee@@@@@@@@@@ee@@@@@@@@@@ee@@@@@@@@@@ee@@@@@@@@@@ee@@@@@@@@@@ee@@@@@@@@@@ee@@@@@@@@@@e..............r....................r.r.........re
e....r...........r..r..............r.r............eeeeeeeeee.reeeeeeeeee..eeeeeeeeeer.eeeeeeeeee..eeeeeeeeee..eeeeeeeeee..eeeeeeeeee..eeeeeeeeeer.eeeeeeeeee..eeeeeeeeee.reeeeeeeeee..eeeeeeeeee..eeeeeeeeee..eeeeeeeeee.reeeeeeeeee..eeeeeeeeee..eeeeeeeeee..eeeeeeeeee.reeeeeeeeee..eeeeeeeeee......r..........r............r..................e
e....r.r....r................rr....r........r.....eeeeeeeeee..eeeeeeeeee..eeeeeeeeee..eeeeeeeeeer.eeeeeeeeee..eeeeeeeeee..eeeeeeeeee..eeeeeeeeeer.eeeeeeeeee.reeeeeeeeeer.eeeeeeeeee..eeeeeeeeee..eeeeeeeeee..eeeeeeeeee..eeeeeeeeee..eeeeeeeeee..eeeeeeeeeer.eeeeeeeeee..eeeeeeeeeer.eeeeeeeeeer..rr....r..........r.rr.....................r...e
e.....r........r.r..............r..r.............e@@@@@@@@@@ee@@@@@@@@@@ee@@@@@@@@@@ee@@@@@@@@@@ee@@@@@@@@@@ee@@@@@@@@@@ee@@@@@@@@@@ee@@@@@@@@@@ee@@@@@@@@@@ee@@@@@@@@@@ee@@@@@@@@@@ee@@@@@@@@@@ee@@@@@@@@@@ee@@@@@@@@@@ee@@@@@@@@@@ee@@@@@@@@@@ee@@@@@@@@@@ee@@@@@@@@@@ee@@@@@@@@@@ee@@@@@@@@@@e..r.......r...........r.r.......r.............r.e
e................................................e@@@@@@@@@@ee@@@@@@@@@@ee@@@@@@@@@@ee@@@@@@@@@@ee@@@@@@@@@@ee@@@@@@@@@@ee@@@@@@@@@@ee@@@@@@@@@@ee@@@@@@@@@@ee@@@@@@@@@@ee@@@@@@@@@@ee@@@@@@@@@@ee@@@@@@@@@@ee@@@@@@@@@@ee@@@@@@@@@@ee@@@@@@@@@@ee@@@@@@@@@@ee@@@@@@@@@@ee@@@@@@@@@@ee@@@@@@@@@@e........r.....r.............r...r...............e
e.r................r...r....r....................reeeeeeeeee..eeeeeeeeee..eeeeeeeeee.reeeeeeeeee..eeeeeeeeee..eeeeeeeeee..eeeeeeeeee..eeeeeeeeee.reeeeeeeeee.reeeeeeeeee..eeeeeeeeeer.eeeeeeeeee..eeeeeeeeee.reeeeeeeeee..eeeeeeeeee..eeeeeeeeee..eeeeeeeeee..eeeeeeeeee..eeeeeeeeee..eeeeeeeeee..................r.r.....r...rr.................e
e.......................r........................reeeeeeeeee..eeeeeeeeee..eeeeeeeeee..eeeeeeeeee..eeeeeeeeee..eeeeeeeeeer.eeeeeeeeee..eeeeeeeeee.reeeeeeeeee..eeeeeeeeee..eeeeeeeeee..eeeeeeeeee..eeeeeeeeeer.eeeeeeeeee..eeeeeeeeee..eeeeeeeeee.reeeeeeeeee..eeeeeeeeee..eeeeeeeeee..eeeeeeeeee...r......r..................r...........r..r....e
e.........................r....r.................e@@@@@@@@@@ee@@@@@@@@@@ee@@@@@@@@@@ee@@@@@@@@@@ee@@@@@@@@@@ee@@@@@@@@@@ee@@@@@@@@@@ee@@@@@@@@@@ee@@@@@@@@@@ee@@@@@@@@@@ee@@@@@@@@@@ee@@@@@@@@@@ee@@@@@@@@@@ee@@@@@@@@@@ee@@@@@@@@@@ee@@@@@@@@@@ee@@@@@@@@@@ee@@@@@@@@@@ee@@@@@@@@@@ee@@@@@@@@@@er...r.......r.........r.rr...r...r..r......r..rre
e.rr.r.....r...r...rr.r.....r...........r......r.e@@@@@@@@@@ee@@@@@@@@@@ee@@@@@@@@@@ee@@@@@@@@@@ee@@@@@@@@@@ee@@@@@@@@@@ee@@@@@@@@@@ee@@@@@@@@@@ee@@@@@@@@@@ee@@@@@@@@@@ee@@@@@@@@@@ee@@@@@@@@@@ee@@@@@@@@@@ee@@@@@@@@@@ee@@@@@@@@@@ee@@@@@@@@@@ee@@@@@@@@@@ee@@@@@@@@@@ee@@@@@@@@@@ee@@@@@@@@@@e.......................r............r...........e
e...............r.r...............................eeeeeeeeee..eeeeeeeeee..eeeeeeeeee..eeeeeeeeee..eeeeeeeeee..eeeeeeeeee..eeeeeeeeee..eeeeeeeeee..eeeeeeeeee..eeeeeeeeee..eeeeeeeeee..eeeeeeeeee..eeeeeeeeee..eeeeeeeeee..eeeeeeeeee..eeeeeeeeee..eeeeeeeeee..eeeeeeeeee..eeeeeeeeee.reeeeeeeeeer.........r.r.........r.r....r...................e
e.rr..r...........................r.........r.....eeeeeeeeee..eeeeeeeeee.reeeeeeeeee..eeeeeeeeee..eeeeeeeeee..eeeeeeeeee..eeeeeeeeee..eeeeeeeeee..eeeeeeeeee..eeeeeeeeee..eeeeeeeeee..eeeeeeeeee..eeeeeeeeee..eeeeeeeeee..eeeeeeeeeer.eeeeeeeeeer.eeeeeeeeee..eeeeeeeeee..eeeeeeeeeer.eeeeeeeeee.r..r..............r...r............r............e
e.r...r.................r......r.......r.......r.e@@@@@@@@@@ee@@@@@@@@@@ee@@@@@@@@@@ee@@@@@@@@@@ee@@@@@@@@@@ee@@@@@@@@@@ee@@@@@@@@@@ee@@@@@@@@@@ee@@@@@@@@@@ee@@@@@@@@@@ee@@@@@@@@@@ee@@@@@@@@@@ee@@@@@@@@@@ee@@@@@@@@@@ee@@@@@@@@@@ee@@@@@@@@@@ee@@@@@@@@@@ee@@@@@@@@@@ee@@@@@@@@@@ee@@@@@@@@@@e.....r..........................................e
er......r...r...........r......r...............rre@@@@@@@@@@ee@@@@@@@@@@ee@@@@@@@@@@ee@@@@@@@@@@ee@@@@@@@@@@ee@@@@@@@@@@ee@@@@@@@@@@ee@@@@@@@@@@ee@@@@@@@@@@ee@@@@@@@@@@ee@@@@@@@@@@ee@@@@@@@@@@ee@@@@@@@@@@ee@@@@@@@@@@ee@@@@@@@@@@ee@@@@@@@@@@ee@@@@@@@@@@ee@@@@@@@@@@ee@@@@@@@@@@ee@@@@@@@@@@e.r...........r....r......r......r...............e
e..............r.......r........r...........r.....eeeeeeeeee..eeeeeeeeee..eeeeeeeeee.reeeeeeeeee..eeeeeeeeee..eeeeeeeeee..eeeeeeeeee..eeeeeeeeee..eeeeeeeeee..eeeeeeeeeer.eeeeeeeeeer.eeeeeeeeee..eeeeeeeeee..eeeeeeeeee..eeeeeeeeee..eeeeeeeeee..eeeeeeeeee..eeeeeeeeee..eeeeeeeeee..eeeeeeeeee.....................................r......r...re
er........r.........r..r..........................eeeeeeeeee..eeeeeeeeee..eeeeeeeeee..eeeeeeeeee..eeeeeeeeee..eeeeeeeeee..eeeeeeeeee..eeeeeeeeee..eeeeeeeeeer.eeeeeeeeee..eeeeeeeeee..eeeeeeeeee..eeeeeeeeee.reeeeeeeeeer.eeeeeeeeee..eeeeeeeeeer.eeeeeeeeee..eeeeeeeeee..eeeeeeeeee..eeeeeeeeee...............r...r.......r.......r.........r...e
e..r.............r.........r..................r..e@@@@@@@@@@ee@@@@@@@@@@ee@@@@@@@@@@ee@@@@@@@@@@ee@@@@@@@@@@ee@@@@@@@@@@ee@@@@@@@@@@ee@@@@@@@@@@ee@@@@@@@@@@ee@@@@@@@@@@ee@@@@@@@@@@ee@@@@@@@@@@ee@@@@@@@@@@ee@@@@@@@@@@ee@@@@@@@@@@ee@@@@@@@@@@ee@@@@@@@@@@ee@@@@@@@@@@ee@@@@@@@@@@ee@@@@@@@@@@e.....r......r.r.rr..........r...................e
e...........r.....r...r..............r...........e@@@@@@@@@@ee@@@@@@@@@@ee@@@@@@@@@@ee@@@@@@@@@@ee@@@@@@@@@@ee@@@@@@@@@@ee@@@@@@@@@@ee@@@@@@@@@@ee@@@@@@@@@@ee@@@@@@@@@@ee@@@@@@@@@@ee@@@@@@@@@@ee@@@@@@@@@@ee@@@@@@@@@@ee@@@@@@@@@@ee@@@@@@@@@@ee@@@@@@@@@@ee@@@@@@@@@@ee@@@@@@@@@@ee@@@@@@@@@@er..........r..r....r.....................r....r.e
e...............r.r.....r.......r........r...r....eeeeeeeeee..eeeeeeeeee..eeeeeeeeee..eeeeeeeeee..eeeeeeeeee..eeeeeeeeee.reeeeeeeeee..eeeeeeeeee..eeeeeeeeee..eeeeeeeeee..eeeeeeeeee.reeeeeeeeee..eeeeeeeeee..eeeeeeeeee..eeeeeeeeee..eeeeeeeeee..eeeeeeeeee..eeeeeeeeee..eeeeeeeeee.reeeeeeeeeer...r........r...rr..rr.......................r..e
e..................r.r..r.........................eeeeeeeeee..eeeeeeeeee..eeeeeeeeee..eeeeeeeeee..eeeeeeeeee..eeeeeeeeee..eeeeeeeeee..eeeeeeeeee..eeeeeeeeee..eeeeeeeeee..eeeeeeeeee..eeeeeeeeee..eeeeeeeeee..eeeeeeeeee..eeeeeeeeee..eeeeeeeeee..eeeeeeeeee..eeeeeeeeee..eeeeeeeeee..eeeeeeeeee........................r...............r.......re
e..r...........r........................r........e@@@@@@@@@@ee@@@@@@@@@@ee@@@@@@@@@@ee@@@@@@@@@@ee@@@@@@@@@@ee@@@@@@@@@@ee@@@@@@@@@@ee@@@@@@@@@@ee@@@@@@@@@@ee@@@@@@@@@@ee@@@@@@@@@@ee@@@@@@@@@@ee@@@@@@@@@@ee@@@@@@@@@@ee@@@@@@@@@@ee@@@@@@@@@@ee@@@@@@@@@@ee@@@@@@@@@@ee@@@@@@@@@@ee@@@@@@@@@@er.........................r.....r...............e
e.....r.............................r.........rrre@@@@@@@@@@ee@@@@@@@@@@ee@@@@@@@@@@ee@@@@@@@@@@ee@@@@@@@@@@ee@@@@@@@@@@ee@@@@@@@@@@ee@@@@@@@@@@ee@@@@@@@@@@ee@@@@@@@@@@ee@@@@@@@@@@ee@@@@@@@@@@ee@@@@@@@@@@ee@@@@@@@@@@ee@@@@@@@@@@ee@@@@@@@@@@ee@@@@@@@@@@ee@@@@@@@@@@ee@@@@@@@@@@ee@@@@@@@@@@e...r.r.........r......r.........r.....r.........e
e.......................r..r......................eeeeeeeeee.reeeeeeeeee..eeeeeeeeee..eeeeeeeeee..eeeeeeeeee..eeeeeeeeee..eeeeeeeeee..eeeeeeeeee..eeeeeeeeee..eeeeeeeeee..eeeeeeeeee..eeeeeeeeee..eeeeeeeeee..eeeeeeeeee..eeeeeeeeee.reeeeeeeeee..eeeeeeeeee..eeeeeeeeee..eeeeeeeeee.reeeeeeeeee......r.....r...r..............rr................e
eeeeeeeeeeeeeeeeeeeeeeeeeeeeeeeeeeeeeeeeeeeeeeeeeeeeeeeeeeeeeeeeeeeeeeeeeeeeeeeeeeeeeeeeeeeeeeeeeeeeeeeeeeeeeeeeeeeeeeeeeeeeeeeeeeeeeeeeeeeeeeeeeeeeeeeeeeeeeeeeeeeeeeeeeeeeeeeeeeeeeeeeeeeeeeeeeeeeeeeeeeeeeeeeeeeeeeeeeeeeeeeeeeeeeeeeeeeeeeeeeeeeeeeeeeeeeeeeeeeeeeeeeeeeeeeeeeeeeeeeeeeeeeeeeeeeeeeeeeeeeeeeeeeeeeeeeeeeeeeeeeeeeeeeeeeeeeeeee
